49.94.198.225 - - [16/Jan/2019:08:41:30 +0800] "GET /assets/js/14.6dbbff60.js HTTP/2.0" 200 16623 "https://wyydsb.xin/service-worker.js" "Mozilla/5.0 (Linux; Android 8.0.0; MI 6 Build/OPR1.170623.027; wv) AppleWebKit/537.36 (KHTML, like Gecko) Version/4.0 Chrome/71.0.3578.99 Mobile Safari/537.36"
49.94.198.225 - - [16/Jan/2019:08:41:30 +0800] "GET /assets/js/16.de12bfd0.js HTTP/2.0" 200 32860 "https://wyydsb.xin/service-worker.js" "Mozilla/5.0 (Linux; Android 8.0.0; MI 6 Build/OPR1.170623.027; wv) AppleWebKit/537.36 (KHTML, like Gecko) Version/4.0 Chrome/71.0.3578.99 Mobile Safari/537.36"
49.94.198.225 - - [16/Jan/2019:08:41:30 +0800] "GET /assets/js/17.8c6d86a7.js HTTP/2.0" 200 2288 "https://wyydsb.xin/service-worker.js" "Mozilla/5.0 (Linux; Android 8.0.0; MI 6 Build/OPR1.170623.027; wv) AppleWebKit/537.36 (KHTML, like Gecko) Version/4.0 Chrome/71.0.3578.99 Mobile Safari/537.36"
49.94.198.225 - - [16/Jan/2019:08:41:31 +0800] "GET /assets/js/15.dfb5c119.js HTTP/2.0" 200 89847 "https://wyydsb.xin/service-worker.js" "Mozilla/5.0 (Linux; Android 8.0.0; MI 6 Build/OPR1.170623.027; wv) AppleWebKit/537.36 (KHTML, like Gecko) Version/4.0 Chrome/71.0.3578.99 Mobile Safari/537.36"
49.94.198.225 - - [16/Jan/2019:08:41:32 +0800] "GET /assets/js/19.78d7fa4e.js HTTP/2.0" 200 79941 "https://wyydsb.xin/service-worker.js" "Mozilla/5.0 (Linux; Android 8.0.0; MI 6 Build/OPR1.170623.027; wv) AppleWebKit/537.36 (KHTML, like Gecko) Version/4.0 Chrome/71.0.3578.99 Mobile Safari/537.36"
49.94.198.225 - - [16/Jan/2019:08:41:32 +0800] "GET /assets/js/18.e2327789.js HTTP/2.0" 200 130723 "https://wyydsb.xin/service-worker.js" "Mozilla/5.0 (Linux; Android 8.0.0; MI 6 Build/OPR1.170623.027; wv) AppleWebKit/537.36 (KHTML, like Gecko) Version/4.0 Chrome/71.0.3578.99 Mobile Safari/537.36"
49.94.198.225 - - [16/Jan/2019:08:41:32 +0800] "GET /assets/js/2.33e298fa.js HTTP/2.0" 200 82 "https://wyydsb.xin/service-worker.js" "Mozilla/5.0 (Linux; Android 8.0.0; MI 6 Build/OPR1.170623.027; wv) AppleWebKit/537.36 (KHTML, like Gecko) Version/4.0 Chrome/71.0.3578.99 Mobile Safari/537.36"
49.94.198.225 - - [16/Jan/2019:08:41:33 +0800] "GET /assets/js/20.7776d34a.js HTTP/2.0" 200 44032 "https://wyydsb.xin/service-worker.js" "Mozilla/5.0 (Linux; Android 8.0.0; MI 6 Build/OPR1.170623.027; wv) AppleWebKit/537.36 (KHTML, like Gecko) Version/4.0 Chrome/71.0.3578.99 Mobile Safari/537.36"
49.94.198.225 - - [16/Jan/2019:08:41:33 +0800] "GET /assets/js/22.64aacc2c.js HTTP/2.0" 200 20578 "https://wyydsb.xin/service-worker.js" "Mozilla/5.0 (Linux; Android 8.0.0; MI 6 Build/OPR1.170623.027; wv) AppleWebKit/537.36 (KHTML, like Gecko) Version/4.0 Chrome/71.0.3578.99 Mobile Safari/537.36"
208.91.115.161 - - [16/Jan/2019:08:41:33 +0800] "GET /other/xiaoice.html HTTP/2.0" 200 43300 "http://www.pianshen.com/article/8165156361/" "Mozilla/5.0 (Windows NT 10.0; Win64; x64) AppleWebKit/537.36 (KHTML, like Gecko) Chrome/71.0.3578.98 Safari/537.36"
49.94.198.225 - - [16/Jan/2019:08:41:34 +0800] "GET /assets/js/23.e3d8cb33.js HTTP/2.0" 200 94875 "https://wyydsb.xin/service-worker.js" "Mozilla/5.0 (Linux; Android 8.0.0; MI 6 Build/OPR1.170623.027; wv) AppleWebKit/537.36 (KHTML, like Gecko) Version/4.0 Chrome/71.0.3578.99 Mobile Safari/537.36"
49.94.198.225 - - [16/Jan/2019:08:41:34 +0800] "GET /assets/js/21.e7a9f5a8.js HTTP/2.0" 200 87789 "https://wyydsb.xin/service-worker.js" "Mozilla/5.0 (Linux; Android 8.0.0; MI 6 Build/OPR1.170623.027; wv) AppleWebKit/537.36 (KHTML, like Gecko) Version/4.0 Chrome/71.0.3578.99 Mobile Safari/537.36"
49.94.198.225 - - [16/Jan/2019:08:41:34 +0800] "GET /assets/js/24.066a5f19.js HTTP/2.0" 200 8755 "https://wyydsb.xin/service-worker.js" "Mozilla/5.0 (Linux; Android 8.0.0; MI 6 Build/OPR1.170623.027; wv) AppleWebKit/537.36 (KHTML, like Gecko) Version/4.0 Chrome/71.0.3578.99 Mobile Safari/537.36"
49.94.198.225 - - [16/Jan/2019:08:41:34 +0800] "GET /search.svg HTTP/2.0" 301 0 "https://wyydsb.xin/service-worker.js" "Mozilla/5.0 (Linux; Android 8.0.0; MI 6 Build/OPR1.170623.027; wv) AppleWebKit/537.36 (KHTML, like Gecko) Version/4.0 Chrome/71.0.3578.99 Mobile Safari/537.36"
49.94.198.225 - - [16/Jan/2019:08:41:35 +0800] "GET /assets/js/26.381342c9.js HTTP/2.0" 200 26173 "https://wyydsb.xin/service-worker.js" "Mozilla/5.0 (Linux; Android 8.0.0; MI 6 Build/OPR1.170623.027; wv) AppleWebKit/537.36 (KHTML, like Gecko) Version/4.0 Chrome/71.0.3578.99 Mobile Safari/537.36"
49.94.198.225 - - [16/Jan/2019:08:41:36 +0800] "GET /assets/js/25.28941027.js HTTP/2.0" 200 149075 "https://wyydsb.xin/service-worker.js" "Mozilla/5.0 (Linux; Android 8.0.0; MI 6 Build/OPR1.170623.027; wv) AppleWebKit/537.36 (KHTML, like Gecko) Version/4.0 Chrome/71.0.3578.99 Mobile Safari/537.36"
49.94.198.225 - - [16/Jan/2019:08:41:39 +0800] "GET /assets/js/29.ab67eb54.js HTTP/2.0" 200 18216 "https://wyydsb.xin/service-worker.js" "Mozilla/5.0 (Linux; Android 8.0.0; MI 6 Build/OPR1.170623.027; wv) AppleWebKit/537.36 (KHTML, like Gecko) Version/4.0 Chrome/71.0.3578.99 Mobile Safari/537.36"
49.94.198.225 - - [16/Jan/2019:08:41:39 +0800] "GET /assets/js/28.bd9be2eb.js HTTP/2.0" 200 73285 "https://wyydsb.xin/service-worker.js" "Mozilla/5.0 (Linux; Android 8.0.0; MI 6 Build/OPR1.170623.027; wv) AppleWebKit/537.36 (KHTML, like Gecko) Version/4.0 Chrome/71.0.3578.99 Mobile Safari/537.36"
49.94.198.225 - - [16/Jan/2019:08:41:39 +0800] "GET /assets/js/3.1e662946.js HTTP/2.0" 200 5248 "https://wyydsb.xin/service-worker.js" "Mozilla/5.0 (Linux; Android 8.0.0; MI 6 Build/OPR1.170623.027; wv) AppleWebKit/537.36 (KHTML, like Gecko) Version/4.0 Chrome/71.0.3578.99 Mobile Safari/537.36"
49.94.198.225 - - [16/Jan/2019:08:41:39 +0800] "GET /assets/js/30.f498b54d.js HTTP/2.0" 200 11516 "https://wyydsb.xin/service-worker.js" "Mozilla/5.0 (Linux; Android 8.0.0; MI 6 Build/OPR1.170623.027; wv) AppleWebKit/537.36 (KHTML, like Gecko) Version/4.0 Chrome/71.0.3578.99 Mobile Safari/537.36"
49.94.198.225 - - [16/Jan/2019:08:41:41 +0800] "GET /assets/js/32.bda1d049.js HTTP/2.0" 200 45969 "https://wyydsb.xin/service-worker.js" "Mozilla/5.0 (Linux; Android 8.0.0; MI 6 Build/OPR1.170623.027; wv) AppleWebKit/537.36 (KHTML, like Gecko) Version/4.0 Chrome/71.0.3578.99 Mobile Safari/537.36"
49.94.198.225 - - [16/Jan/2019:08:41:41 +0800] "GET /assets/js/27.d56ca418.js HTTP/2.0" 200 304381 "https://wyydsb.xin/service-worker.js" "Mozilla/5.0 (Linux; Android 8.0.0; MI 6 Build/OPR1.170623.027; wv) AppleWebKit/537.36 (KHTML, like Gecko) Version/4.0 Chrome/71.0.3578.99 Mobile Safari/537.36"
49.94.198.225 - - [16/Jan/2019:08:41:42 +0800] "GET /assets/js/33.d1a0db8c.js HTTP/2.0" 200 39864 "https://wyydsb.xin/service-worker.js" "Mozilla/5.0 (Linux; Android 8.0.0; MI 6 Build/OPR1.170623.027; wv) AppleWebKit/537.36 (KHTML, like Gecko) Version/4.0 Chrome/71.0.3578.99 Mobile Safari/537.36"
49.94.198.225 - - [16/Jan/2019:08:41:43 +0800] "GET /assets/js/34.f288f4ff.js HTTP/2.0" 200 59367 "https://wyydsb.xin/service-worker.js" "Mozilla/5.0 (Linux; Android 8.0.0; MI 6 Build/OPR1.170623.027; wv) AppleWebKit/537.36 (KHTML, like Gecko) Version/4.0 Chrome/71.0.3578.99 Mobile Safari/537.36"
49.94.198.225 - - [16/Jan/2019:08:41:43 +0800] "GET /assets/js/35.c67f0751.js HTTP/2.0" 200 58782 "https://wyydsb.xin/service-worker.js" "Mozilla/5.0 (Linux; Android 8.0.0; MI 6 Build/OPR1.170623.027; wv) AppleWebKit/537.36 (KHTML, like Gecko) Version/4.0 Chrome/71.0.3578.99 Mobile Safari/537.36"
49.94.198.225 - - [16/Jan/2019:08:41:44 +0800] "GET /assets/js/36.57564313.js HTTP/2.0" 200 19234 "https://wyydsb.xin/service-worker.js" "Mozilla/5.0 (Linux; Android 8.0.0; MI 6 Build/OPR1.170623.027; wv) AppleWebKit/537.36 (KHTML, like Gecko) Version/4.0 Chrome/71.0.3578.99 Mobile Safari/537.36"
49.94.198.225 - - [16/Jan/2019:08:41:44 +0800] "GET /assets/js/31.18d7122f.js HTTP/2.0" 200 277035 "https://wyydsb.xin/service-worker.js" "Mozilla/5.0 (Linux; Android 8.0.0; MI 6 Build/OPR1.170623.027; wv) AppleWebKit/537.36 (KHTML, like Gecko) Version/4.0 Chrome/71.0.3578.99 Mobile Safari/537.36"
49.94.198.225 - - [16/Jan/2019:08:41:44 +0800] "GET /assets/js/37.82002c43.js HTTP/2.0" 200 43630 "https://wyydsb.xin/service-worker.js" "Mozilla/5.0 (Linux; Android 8.0.0; MI 6 Build/OPR1.170623.027; wv) AppleWebKit/537.36 (KHTML, like Gecko) Version/4.0 Chrome/71.0.3578.99 Mobile Safari/537.36"
49.94.198.225 - - [16/Jan/2019:08:41:44 +0800] "GET /assets/js/38.69752197.js HTTP/2.0" 200 37099 "https://wyydsb.xin/service-worker.js" "Mozilla/5.0 (Linux; Android 8.0.0; MI 6 Build/OPR1.170623.027; wv) AppleWebKit/537.36 (KHTML, like Gecko) Version/4.0 Chrome/71.0.3578.99 Mobile Safari/537.36"
49.94.198.225 - - [16/Jan/2019:08:41:45 +0800] "GET /assets/js/39.d3f85fd9.js HTTP/2.0" 200 25586 "https://wyydsb.xin/service-worker.js" "Mozilla/5.0 (Linux; Android 8.0.0; MI 6 Build/OPR1.170623.027; wv) AppleWebKit/537.36 (KHTML, like Gecko) Version/4.0 Chrome/71.0.3578.99 Mobile Safari/537.36"
49.94.198.225 - - [16/Jan/2019:08:41:45 +0800] "GET /assets/js/4.5555104d.js HTTP/2.0" 200 34717 "https://wyydsb.xin/service-worker.js" "Mozilla/5.0 (Linux; Android 8.0.0; MI 6 Build/OPR1.170623.027; wv) AppleWebKit/537.36 (KHTML, like Gecko) Version/4.0 Chrome/71.0.3578.99 Mobile Safari/537.36"
49.94.198.225 - - [16/Jan/2019:08:41:45 +0800] "GET /assets/js/40.90ce8a2b.js HTTP/2.0" 200 48647 "https://wyydsb.xin/service-worker.js" "Mozilla/5.0 (Linux; Android 8.0.0; MI 6 Build/OPR1.170623.027; wv) AppleWebKit/537.36 (KHTML, like Gecko) Version/4.0 Chrome/71.0.3578.99 Mobile Safari/537.36"
49.94.198.225 - - [16/Jan/2019:08:41:45 +0800] "GET /assets/js/41.6510b6ca.js HTTP/2.0" 200 32761 "https://wyydsb.xin/service-worker.js" "Mozilla/5.0 (Linux; Android 8.0.0; MI 6 Build/OPR1.170623.027; wv) AppleWebKit/537.36 (KHTML, like Gecko) Version/4.0 Chrome/71.0.3578.99 Mobile Safari/537.36"
49.94.198.225 - - [16/Jan/2019:08:41:47 +0800] "GET /assets/js/42.38b941bf.js HTTP/2.0" 200 27865 "https://wyydsb.xin/service-worker.js" "Mozilla/5.0 (Linux; Android 8.0.0; MI 6 Build/OPR1.170623.027; wv) AppleWebKit/537.36 (KHTML, like Gecko) Version/4.0 Chrome/71.0.3578.99 Mobile Safari/537.36"
208.91.115.161 - - [16/Jan/2019:08:41:48 +0800] "GET /assets/css/styles.f8d211be.css HTTP/2.0" 200 301658 "https://wyydsb.xin/other/xiaoice.html" "Mozilla/5.0 (Windows NT 10.0; Win64; x64) AppleWebKit/537.36 (KHTML, like Gecko) Chrome/71.0.3578.98 Safari/537.36"
49.94.198.225 - - [16/Jan/2019:08:41:49 +0800] "GET /assets/js/44.5b22f8dc.js HTTP/2.0" 200 66469 "https://wyydsb.xin/service-worker.js" "Mozilla/5.0 (Linux; Android 8.0.0; MI 6 Build/OPR1.170623.027; wv) AppleWebKit/537.36 (KHTML, like Gecko) Version/4.0 Chrome/71.0.3578.99 Mobile Safari/537.36"
49.94.198.225 - - [16/Jan/2019:08:41:49 +0800] "GET /assets/js/43.5f91040a.js HTTP/2.0" 200 67402 "https://wyydsb.xin/service-worker.js" "Mozilla/5.0 (Linux; Android 8.0.0; MI 6 Build/OPR1.170623.027; wv) AppleWebKit/537.36 (KHTML, like Gecko) Version/4.0 Chrome/71.0.3578.99 Mobile Safari/537.36"
49.94.198.225 - - [16/Jan/2019:08:41:49 +0800] "GET /assets/js/45.08fa531f.js HTTP/2.0" 200 37997 "https://wyydsb.xin/service-worker.js" "Mozilla/5.0 (Linux; Android 8.0.0; MI 6 Build/OPR1.170623.027; wv) AppleWebKit/537.36 (KHTML, like Gecko) Version/4.0 Chrome/71.0.3578.99 Mobile Safari/537.36"
49.94.198.225 - - [16/Jan/2019:08:41:49 +0800] "GET /assets/js/46.03af8ebf.js HTTP/2.0" 200 15007 "https://wyydsb.xin/service-worker.js" "Mozilla/5.0 (Linux; Android 8.0.0; MI 6 Build/OPR1.170623.027; wv) AppleWebKit/537.36 (KHTML, like Gecko) Version/4.0 Chrome/71.0.3578.99 Mobile Safari/537.36"
49.94.198.225 - - [16/Jan/2019:08:41:49 +0800] "GET /assets/js/47.7bc86a99.js HTTP/2.0" 200 30860 "https://wyydsb.xin/service-worker.js" "Mozilla/5.0 (Linux; Android 8.0.0; MI 6 Build/OPR1.170623.027; wv) AppleWebKit/537.36 (KHTML, like Gecko) Version/4.0 Chrome/71.0.3578.99 Mobile Safari/537.36"
49.94.198.225 - - [16/Jan/2019:08:41:50 +0800] "GET /assets/js/48.33701725.js HTTP/2.0" 200 11138 "https://wyydsb.xin/service-worker.js" "Mozilla/5.0 (Linux; Android 8.0.0; MI 6 Build/OPR1.170623.027; wv) AppleWebKit/537.36 (KHTML, like Gecko) Version/4.0 Chrome/71.0.3578.99 Mobile Safari/537.36"
49.94.198.225 - - [16/Jan/2019:08:41:50 +0800] "GET /assets/js/49.cb17d18a.js HTTP/2.0" 200 34940 "https://wyydsb.xin/service-worker.js" "Mozilla/5.0 (Linux; Android 8.0.0; MI 6 Build/OPR1.170623.027; wv) AppleWebKit/537.36 (KHTML, like Gecko) Version/4.0 Chrome/71.0.3578.99 Mobile Safari/537.36"
49.94.198.225 - - [16/Jan/2019:08:41:50 +0800] "GET /assets/js/5.7332fa57.js HTTP/2.0" 200 19695 "https://wyydsb.xin/service-worker.js" "Mozilla/5.0 (Linux; Android 8.0.0; MI 6 Build/OPR1.170623.027; wv) AppleWebKit/537.36 (KHTML, like Gecko) Version/4.0 Chrome/71.0.3578.99 Mobile Safari/537.36"
49.94.198.225 - - [16/Jan/2019:08:41:50 +0800] "GET /assets/js/50.b56c06c2.js HTTP/2.0" 200 24954 "https://wyydsb.xin/service-worker.js" "Mozilla/5.0 (Linux; Android 8.0.0; MI 6 Build/OPR1.170623.027; wv) AppleWebKit/537.36 (KHTML, like Gecko) Version/4.0 Chrome/71.0.3578.99 Mobile Safari/537.36"
49.94.198.225 - - [16/Jan/2019:08:41:50 +0800] "GET /assets/js/51.2e4c7c95.js HTTP/2.0" 200 34346 "https://wyydsb.xin/service-worker.js" "Mozilla/5.0 (Linux; Android 8.0.0; MI 6 Build/OPR1.170623.027; wv) AppleWebKit/537.36 (KHTML, like Gecko) Version/4.0 Chrome/71.0.3578.99 Mobile Safari/537.36"
208.91.115.161 - - [16/Jan/2019:08:41:52 +0800] "GET /assets/js/37.82002c43.js HTTP/2.0" 200 43630 "https://wyydsb.xin/other/xiaoice.html" "Mozilla/5.0 (Windows NT 10.0; Win64; x64) AppleWebKit/537.36 (KHTML, like Gecko) Chrome/71.0.3578.98 Safari/537.36"
208.91.115.161 - - [16/Jan/2019:08:41:52 +0800] "GET /face.jpg HTTP/2.0" 200 15454 "https://wyydsb.xin/other/xiaoice.html" "Mozilla/5.0 (Windows NT 10.0; Win64; x64) AppleWebKit/537.36 (KHTML, like Gecko) Chrome/71.0.3578.98 Safari/537.36"
49.94.198.225 - - [16/Jan/2019:08:41:52 +0800] "GET /assets/js/52.3f4580e7.js HTTP/2.0" 200 28137 "https://wyydsb.xin/service-worker.js" "Mozilla/5.0 (Linux; Android 8.0.0; MI 6 Build/OPR1.170623.027; wv) AppleWebKit/537.36 (KHTML, like Gecko) Version/4.0 Chrome/71.0.3578.99 Mobile Safari/537.36"
49.94.198.225 - - [16/Jan/2019:08:41:52 +0800] "GET /assets/js/53.985aba60.js HTTP/2.0" 200 39364 "https://wyydsb.xin/service-worker.js" "Mozilla/5.0 (Linux; Android 8.0.0; MI 6 Build/OPR1.170623.027; wv) AppleWebKit/537.36 (KHTML, like Gecko) Version/4.0 Chrome/71.0.3578.99 Mobile Safari/537.36"
49.94.198.225 - - [16/Jan/2019:08:41:52 +0800] "GET /assets/js/54.dd3cb5bd.js HTTP/2.0" 200 35351 "https://wyydsb.xin/service-worker.js" "Mozilla/5.0 (Linux; Android 8.0.0; MI 6 Build/OPR1.170623.027; wv) AppleWebKit/537.36 (KHTML, like Gecko) Version/4.0 Chrome/71.0.3578.99 Mobile Safari/537.36"
49.94.198.225 - - [16/Jan/2019:08:41:52 +0800] "GET /assets/js/55.0c72c2b8.js HTTP/2.0" 200 22383 "https://wyydsb.xin/service-worker.js" "Mozilla/5.0 (Linux; Android 8.0.0; MI 6 Build/OPR1.170623.027; wv) AppleWebKit/537.36 (KHTML, like Gecko) Version/4.0 Chrome/71.0.3578.99 Mobile Safari/537.36"
208.91.115.161 - - [16/Jan/2019:08:41:53 +0800] "GET /assets/js/app.f8d211be.js HTTP/2.0" 200 357834 "https://wyydsb.xin/other/xiaoice.html" "Mozilla/5.0 (Windows NT 10.0; Win64; x64) AppleWebKit/537.36 (KHTML, like Gecko) Chrome/71.0.3578.98 Safari/537.36"
208.91.115.161 - - [16/Jan/2019:08:41:54 +0800] "GET /assets/css/2.styles.33e298fa.css HTTP/2.0" 200 0 "https://wyydsb.xin/other/xiaoice.html" "Mozilla/5.0 (Windows NT 10.0; Win64; x64) AppleWebKit/537.36 (KHTML, like Gecko) Chrome/71.0.3578.98 Safari/537.36"
208.91.115.161 - - [16/Jan/2019:08:41:54 +0800] "GET /assets/js/2.33e298fa.js HTTP/2.0" 200 82 "https://wyydsb.xin/other/xiaoice.html" "Mozilla/5.0 (Windows NT 10.0; Win64; x64) AppleWebKit/537.36 (KHTML, like Gecko) Chrome/71.0.3578.98 Safari/537.36"
49.94.198.225 - - [16/Jan/2019:08:41:54 +0800] "GET /assets/js/56.1eebc5bc.js HTTP/2.0" 200 18776 "https://wyydsb.xin/service-worker.js" "Mozilla/5.0 (Linux; Android 8.0.0; MI 6 Build/OPR1.170623.027; wv) AppleWebKit/537.36 (KHTML, like Gecko) Version/4.0 Chrome/71.0.3578.99 Mobile Safari/537.36"
49.94.198.225 - - [16/Jan/2019:08:41:54 +0800] "GET /assets/js/57.0357d5f5.js HTTP/2.0" 200 40819 "https://wyydsb.xin/service-worker.js" "Mozilla/5.0 (Linux; Android 8.0.0; MI 6 Build/OPR1.170623.027; wv) AppleWebKit/537.36 (KHTML, like Gecko) Version/4.0 Chrome/71.0.3578.99 Mobile Safari/537.36"
49.94.198.225 - - [16/Jan/2019:08:41:54 +0800] "GET /assets/js/58.7c70f112.js HTTP/2.0" 200 22557 "https://wyydsb.xin/service-worker.js" "Mozilla/5.0 (Linux; Android 8.0.0; MI 6 Build/OPR1.170623.027; wv) AppleWebKit/537.36 (KHTML, like Gecko) Version/4.0 Chrome/71.0.3578.99 Mobile Safari/537.36"
49.94.198.225 - - [16/Jan/2019:08:41:54 +0800] "GET /assets/js/59.e4964dd8.js HTTP/2.0" 200 16746 "https://wyydsb.xin/service-worker.js" "Mozilla/5.0 (Linux; Android 8.0.0; MI 6 Build/OPR1.170623.027; wv) AppleWebKit/537.36 (KHTML, like Gecko) Version/4.0 Chrome/71.0.3578.99 Mobile Safari/537.36"
208.91.115.161 - - [16/Jan/2019:08:41:55 +0800] "GET /pv.txt HTTP/2.0" 200 67 "https://wyydsb.xin/other/xiaoice.html" "Mozilla/5.0 (Windows NT 10.0; Win64; x64) AppleWebKit/537.36 (KHTML, like Gecko) Chrome/71.0.3578.98 Safari/537.36"
208.91.115.161 - - [16/Jan/2019:08:41:55 +0800] "GET /assets/fonts/fa-solid-900.813b8aee.woff2 HTTP/2.0" 200 50388 "https://wyydsb.xin/assets/css/styles.f8d211be.css" "Mozilla/5.0 (Windows NT 10.0; Win64; x64) AppleWebKit/537.36 (KHTML, like Gecko) Chrome/71.0.3578.98 Safari/537.36"
49.94.198.225 - - [16/Jan/2019:08:41:55 +0800] "GET /assets/js/6.0f3c33d1.js HTTP/2.0" 200 46996 "https://wyydsb.xin/service-worker.js" "Mozilla/5.0 (Linux; Android 8.0.0; MI 6 Build/OPR1.170623.027; wv) AppleWebKit/537.36 (KHTML, like Gecko) Version/4.0 Chrome/71.0.3578.99 Mobile Safari/537.36"
49.94.198.225 - - [16/Jan/2019:08:41:55 +0800] "GET /assets/js/60.4e565034.js HTTP/2.0" 200 44495 "https://wyydsb.xin/service-worker.js" "Mozilla/5.0 (Linux; Android 8.0.0; MI 6 Build/OPR1.170623.027; wv) AppleWebKit/537.36 (KHTML, like Gecko) Version/4.0 Chrome/71.0.3578.99 Mobile Safari/537.36"
49.94.198.225 - - [16/Jan/2019:08:41:55 +0800] "GET /assets/js/61.7a40bc2e.js HTTP/2.0" 200 37547 "https://wyydsb.xin/service-worker.js" "Mozilla/5.0 (Linux; Android 8.0.0; MI 6 Build/OPR1.170623.027; wv) AppleWebKit/537.36 (KHTML, like Gecko) Version/4.0 Chrome/71.0.3578.99 Mobile Safari/537.36"
208.91.115.161 - - [16/Jan/2019:08:41:56 +0800] "GET /assets/fonts/fa-brands-400.65e3be4e.woff2 HTTP/2.0" 200 61336 "https://wyydsb.xin/assets/css/styles.f8d211be.css" "Mozilla/5.0 (Windows NT 10.0; Win64; x64) AppleWebKit/537.36 (KHTML, like Gecko) Chrome/71.0.3578.98 Safari/537.36"
208.91.115.161 - - [16/Jan/2019:08:41:56 +0800] "GET /pv.txt HTTP/2.0" 304 0 "https://wyydsb.xin/other/xiaoice.html" "Mozilla/5.0 (Windows NT 10.0; Win64; x64) AppleWebKit/537.36 (KHTML, like Gecko) Chrome/71.0.3578.98 Safari/537.36"
208.91.115.161 - - [16/Jan/2019:08:41:56 +0800] "GET /assets/fonts/Roboto-Bold.39b2c303.woff2 HTTP/2.0" 200 49976 "https://wyydsb.xin/assets/css/styles.f8d211be.css" "Mozilla/5.0 (Windows NT 10.0; Win64; x64) AppleWebKit/537.36 (KHTML, like Gecko) Chrome/71.0.3578.98 Safari/537.36"
49.94.198.225 - - [16/Jan/2019:08:41:57 +0800] "GET /assets/js/62.d1b1e3b9.js HTTP/2.0" 200 59534 "https://wyydsb.xin/service-worker.js" "Mozilla/5.0 (Linux; Android 8.0.0; MI 6 Build/OPR1.170623.027; wv) AppleWebKit/537.36 (KHTML, like Gecko) Version/4.0 Chrome/71.0.3578.99 Mobile Safari/537.36"
49.94.198.225 - - [16/Jan/2019:08:41:57 +0800] "GET /assets/js/63.bcebdbf0.js HTTP/2.0" 200 60649 "https://wyydsb.xin/service-worker.js" "Mozilla/5.0 (Linux; Android 8.0.0; MI 6 Build/OPR1.170623.027; wv) AppleWebKit/537.36 (KHTML, like Gecko) Version/4.0 Chrome/71.0.3578.99 Mobile Safari/537.36"
208.91.115.161 - - [16/Jan/2019:08:41:57 +0800] "GET /assets/fonts/Roboto-Regular.2751ee43.woff2 HTTP/2.0" 200 49236 "https://wyydsb.xin/assets/css/styles.f8d211be.css" "Mozilla/5.0 (Windows NT 10.0; Win64; x64) AppleWebKit/537.36 (KHTML, like Gecko) Chrome/71.0.3578.98 Safari/537.36"
49.94.198.225 - - [16/Jan/2019:08:41:58 +0800] "GET /assets/js/64.9b221238.js HTTP/2.0" 200 77899 "https://wyydsb.xin/service-worker.js" "Mozilla/5.0 (Linux; Android 8.0.0; MI 6 Build/OPR1.170623.027; wv) AppleWebKit/537.36 (KHTML, like Gecko) Version/4.0 Chrome/71.0.3578.99 Mobile Safari/537.36"
49.94.198.225 - - [16/Jan/2019:08:41:58 +0800] "GET /assets/js/65.8a7a93aa.js HTTP/2.0" 200 5086 "https://wyydsb.xin/service-worker.js" "Mozilla/5.0 (Linux; Android 8.0.0; MI 6 Build/OPR1.170623.027; wv) AppleWebKit/537.36 (KHTML, like Gecko) Version/4.0 Chrome/71.0.3578.99 Mobile Safari/537.36"
49.94.198.225 - - [16/Jan/2019:08:41:58 +0800] "GET /assets/js/66.118b6898.js HTTP/2.0" 200 294 "https://wyydsb.xin/service-worker.js" "Mozilla/5.0 (Linux; Android 8.0.0; MI 6 Build/OPR1.170623.027; wv) AppleWebKit/537.36 (KHTML, like Gecko) Version/4.0 Chrome/71.0.3578.99 Mobile Safari/537.36"
49.94.198.225 - - [16/Jan/2019:08:41:58 +0800] "GET /assets/js/8.3b6f6758.js HTTP/2.0" 200 24382 "https://wyydsb.xin/service-worker.js" "Mozilla/5.0 (Linux; Android 8.0.0; MI 6 Build/OPR1.170623.027; wv) AppleWebKit/537.36 (KHTML, like Gecko) Version/4.0 Chrome/71.0.3578.99 Mobile Safari/537.36"
208.91.115.161 - - [16/Jan/2019:08:41:59 +0800] "GET /assets/fonts/Roboto-Medium.574fd0b5.woff2 HTTP/2.0" 200 50224 "https://wyydsb.xin/assets/css/styles.f8d211be.css" "Mozilla/5.0 (Windows NT 10.0; Win64; x64) AppleWebKit/537.36 (KHTML, like Gecko) Chrome/71.0.3578.98 Safari/537.36"
208.91.115.161 - - [16/Jan/2019:08:41:59 +0800] "GET /assets/css/1.styles.5a03cde5.css HTTP/2.0" 200 18918 "https://wyydsb.xin/other/xiaoice.html" "Mozilla/5.0 (Windows NT 10.0; Win64; x64) AppleWebKit/537.36 (KHTML, like Gecko) Chrome/71.0.3578.98 Safari/537.36"
49.94.198.225 - - [16/Jan/2019:08:41:59 +0800] "GET /assets/js/9.d89dc65a.js HTTP/2.0" 200 5973 "https://wyydsb.xin/service-worker.js" "Mozilla/5.0 (Linux; Android 8.0.0; MI 6 Build/OPR1.170623.027; wv) AppleWebKit/537.36 (KHTML, like Gecko) Version/4.0 Chrome/71.0.3578.99 Mobile Safari/537.36"
49.94.198.225 - - [16/Jan/2019:08:41:59 +0800] "GET /assets/js/7.ecf0a0e1.js HTTP/2.0" 200 76190 "https://wyydsb.xin/service-worker.js" "Mozilla/5.0 (Linux; Android 8.0.0; MI 6 Build/OPR1.170623.027; wv) AppleWebKit/537.36 (KHTML, like Gecko) Version/4.0 Chrome/71.0.3578.99 Mobile Safari/537.36"
208.91.115.161 - - [16/Jan/2019:08:42:00 +0800] "GET /assets/img/brand.48f46628.jpg HTTP/2.0" 200 19203 "https://wyydsb.xin/assets/css/styles.f8d211be.css" "Mozilla/5.0 (Windows NT 10.0; Win64; x64) AppleWebKit/537.36 (KHTML, like Gecko) Chrome/71.0.3578.98 Safari/537.36"
208.91.115.161 - - [16/Jan/2019:08:42:01 +0800] "GET /assets/img/search.4c472e32.svg HTTP/2.0" 200 238 "https://wyydsb.xin/assets/css/styles.f8d211be.css" "Mozilla/5.0 (Windows NT 10.0; Win64; x64) AppleWebKit/537.36 (KHTML, like Gecko) Chrome/71.0.3578.98 Safari/537.36"
208.91.115.161 - - [16/Jan/2019:08:42:02 +0800] "GET /assets/js/vendors~docsearch.5a03cde5.js HTTP/2.0" 200 115290 "https://wyydsb.xin/other/xiaoice.html" "Mozilla/5.0 (Windows NT 10.0; Win64; x64) AppleWebKit/537.36 (KHTML, like Gecko) Chrome/71.0.3578.98 Safari/537.36"
49.94.198.225 - - [16/Jan/2019:08:42:03 +0800] "GET /icons/192.png HTTP/2.0" 200 0 "https://wyydsb.xin/service-worker.js" "Mozilla/5.0 (Linux; Android 8.0.0; MI 6 Build/OPR1.170623.027; wv) AppleWebKit/537.36 (KHTML, like Gecko) Version/4.0 Chrome/71.0.3578.99 Mobile Safari/537.36"
49.94.198.225 - - [16/Jan/2019:08:42:03 +0800] "GET /icons/512.png HTTP/2.0" 200 0 "https://wyydsb.xin/service-worker.js" "Mozilla/5.0 (Linux; Android 8.0.0; MI 6 Build/OPR1.170623.027; wv) AppleWebKit/537.36 (KHTML, like Gecko) Version/4.0 Chrome/71.0.3578.99 Mobile Safari/537.36"
49.94.198.225 - - [16/Jan/2019:08:42:03 +0800] "GET /icons/favicon.png HTTP/2.0" 200 0 "https://wyydsb.xin/service-worker.js" "Mozilla/5.0 (Linux; Android 8.0.0; MI 6 Build/OPR1.170623.027; wv) AppleWebKit/537.36 (KHTML, like Gecko) Version/4.0 Chrome/71.0.3578.99 Mobile Safari/537.36"
49.94.198.225 - - [16/Jan/2019:08:42:03 +0800] "GET /index.html HTTP/2.0" 200 0 "https://wyydsb.xin/service-worker.js" "Mozilla/5.0 (Linux; Android 8.0.0; MI 6 Build/OPR1.170623.027; wv) AppleWebKit/537.36 (KHTML, like Gecko) Version/4.0 Chrome/71.0.3578.99 Mobile Safari/537.36"
49.94.198.225 - - [16/Jan/2019:08:42:03 +0800] "GET /javaScript/comment.html HTTP/2.0" 200 0 "https://wyydsb.xin/service-worker.js" "Mozilla/5.0 (Linux; Android 8.0.0; MI 6 Build/OPR1.170623.027; wv) AppleWebKit/537.36 (KHTML, like Gecko) Version/4.0 Chrome/71.0.3578.99 Mobile Safari/537.36"
49.94.198.225 - - [16/Jan/2019:08:42:03 +0800] "GET /javaScript/component.html HTTP/2.0" 200 0 "https://wyydsb.xin/service-worker.js" "Mozilla/5.0 (Linux; Android 8.0.0; MI 6 Build/OPR1.170623.027; wv) AppleWebKit/537.36 (KHTML, like Gecko) Version/4.0 Chrome/71.0.3578.99 Mobile Safari/537.36"
49.94.198.225 - - [16/Jan/2019:08:42:03 +0800] "GET /javaScript/immutable.html HTTP/2.0" 200 0 "https://wyydsb.xin/service-worker.js" "Mozilla/5.0 (Linux; Android 8.0.0; MI 6 Build/OPR1.170623.027; wv) AppleWebKit/537.36 (KHTML, like Gecko) Version/4.0 Chrome/71.0.3578.99 Mobile Safari/537.36"
49.94.198.225 - - [16/Jan/2019:08:42:03 +0800] "GET /javaScript/redux.html HTTP/2.0" 200 0 "https://wyydsb.xin/service-worker.js" "Mozilla/5.0 (Linux; Android 8.0.0; MI 6 Build/OPR1.170623.027; wv) AppleWebKit/537.36 (KHTML, like Gecko) Version/4.0 Chrome/71.0.3578.99 Mobile Safari/537.36"
49.94.198.225 - - [16/Jan/2019:08:42:03 +0800] "GET /javaScript/reduxs.html HTTP/2.0" 200 0 "https://wyydsb.xin/service-worker.js" "Mozilla/5.0 (Linux; Android 8.0.0; MI 6 Build/OPR1.170623.027; wv) AppleWebKit/537.36 (KHTML, like Gecko) Version/4.0 Chrome/71.0.3578.99 Mobile Safari/537.36"
49.94.198.225 - - [16/Jan/2019:08:42:03 +0800] "GET /other/accident.html HTTP/2.0" 200 0 "https://wyydsb.xin/service-worker.js" "Mozilla/5.0 (Linux; Android 8.0.0; MI 6 Build/OPR1.170623.027; wv) AppleWebKit/537.36 (KHTML, like Gecko) Version/4.0 Chrome/71.0.3578.99 Mobile Safari/537.36"
49.94.198.225 - - [16/Jan/2019:08:42:03 +0800] "GET /other/ali.html HTTP/2.0" 200 0 "https://wyydsb.xin/service-worker.js" "Mozilla/5.0 (Linux; Android 8.0.0; MI 6 Build/OPR1.170623.027; wv) AppleWebKit/537.36 (KHTML, like Gecko) Version/4.0 Chrome/71.0.3578.99 Mobile Safari/537.36"
49.94.198.225 - - [16/Jan/2019:08:42:03 +0800] "GET /other/brew.html HTTP/2.0" 200 0 "https://wyydsb.xin/service-worker.js" "Mozilla/5.0 (Linux; Android 8.0.0; MI 6 Build/OPR1.170623.027; wv) AppleWebKit/537.36 (KHTML, like Gecko) Version/4.0 Chrome/71.0.3578.99 Mobile Safari/537.36"
49.94.198.225 - - [16/Jan/2019:08:42:03 +0800] "GET /other/chatbot.html HTTP/2.0" 200 0 "https://wyydsb.xin/service-worker.js" "Mozilla/5.0 (Linux; Android 8.0.0; MI 6 Build/OPR1.170623.027; wv) AppleWebKit/537.36 (KHTML, like Gecko) Version/4.0 Chrome/71.0.3578.99 Mobile Safari/537.36"
49.94.198.225 - - [16/Jan/2019:08:42:03 +0800] "GET /other/chip.html HTTP/2.0" 200 0 "https://wyydsb.xin/service-worker.js" "Mozilla/5.0 (Linux; Android 8.0.0; MI 6 Build/OPR1.170623.027; wv) AppleWebKit/537.36 (KHTML, like Gecko) Version/4.0 Chrome/71.0.3578.99 Mobile Safari/537.36"
49.94.198.225 - - [16/Jan/2019:08:42:03 +0800] "GET /other/ecmo.html HTTP/2.0" 200 0 "https://wyydsb.xin/service-worker.js" "Mozilla/5.0 (Linux; Android 8.0.0; MI 6 Build/OPR1.170623.027; wv) AppleWebKit/537.36 (KHTML, like Gecko) Version/4.0 Chrome/71.0.3578.99 Mobile Safari/537.36"
49.94.198.225 - - [16/Jan/2019:08:42:03 +0800] "GET /other/frequent.html HTTP/2.0" 200 0 "https://wyydsb.xin/service-worker.js" "Mozilla/5.0 (Linux; Android 8.0.0; MI 6 Build/OPR1.170623.027; wv) AppleWebKit/537.36 (KHTML, like Gecko) Version/4.0 Chrome/71.0.3578.99 Mobile Safari/537.36"
49.94.198.225 - - [16/Jan/2019:08:42:03 +0800] "GET /other/gitSkill.html HTTP/2.0" 200 0 "https://wyydsb.xin/service-worker.js" "Mozilla/5.0 (Linux; Android 8.0.0; MI 6 Build/OPR1.170623.027; wv) AppleWebKit/537.36 (KHTML, like Gecko) Version/4.0 Chrome/71.0.3578.99 Mobile Safari/537.36"
49.94.198.225 - - [16/Jan/2019:08:42:03 +0800] "GET /other/mapreduce.html HTTP/2.0" 200 0 "https://wyydsb.xin/service-worker.js" "Mozilla/5.0 (Linux; Android 8.0.0; MI 6 Build/OPR1.170623.027; wv) AppleWebKit/537.36 (KHTML, like Gecko) Version/4.0 Chrome/71.0.3578.99 Mobile Safari/537.36"
49.94.198.225 - - [16/Jan/2019:08:42:03 +0800] "GET /other/netease.html HTTP/2.0" 200 0 "https://wyydsb.xin/service-worker.js" "Mozilla/5.0 (Linux; Android 8.0.0; MI 6 Build/OPR1.170623.027; wv) AppleWebKit/537.36 (KHTML, like Gecko) Version/4.0 Chrome/71.0.3578.99 Mobile Safari/537.36"
49.94.198.225 - - [16/Jan/2019:08:42:03 +0800] "GET /other/cs.html HTTP/2.0" 200 0 "https://wyydsb.xin/service-worker.js" "Mozilla/5.0 (Linux; Android 8.0.0; MI 6 Build/OPR1.170623.027; wv) AppleWebKit/537.36 (KHTML, like Gecko) Version/4.0 Chrome/71.0.3578.99 Mobile Safari/537.36"
49.94.198.225 - - [16/Jan/2019:08:42:03 +0800] "GET /other/neteasedb.html HTTP/2.0" 200 0 "https://wyydsb.xin/service-worker.js" "Mozilla/5.0 (Linux; Android 8.0.0; MI 6 Build/OPR1.170623.027; wv) AppleWebKit/537.36 (KHTML, like Gecko) Version/4.0 Chrome/71.0.3578.99 Mobile Safari/537.36"
49.94.198.225 - - [16/Jan/2019:08:42:03 +0800] "GET /other/nginx.html HTTP/2.0" 200 0 "https://wyydsb.xin/service-worker.js" "Mozilla/5.0 (Linux; Android 8.0.0; MI 6 Build/OPR1.170623.027; wv) AppleWebKit/537.36 (KHTML, like Gecko) Version/4.0 Chrome/71.0.3578.99 Mobile Safari/537.36"
49.94.198.225 - - [16/Jan/2019:08:42:03 +0800] "GET /other/nohup.html HTTP/2.0" 200 0 "https://wyydsb.xin/service-worker.js" "Mozilla/5.0 (Linux; Android 8.0.0; MI 6 Build/OPR1.170623.027; wv) AppleWebKit/537.36 (KHTML, like Gecko) Version/4.0 Chrome/71.0.3578.99 Mobile Safari/537.36"
49.94.198.225 - - [16/Jan/2019:08:42:03 +0800] "GET /other/numpy.html HTTP/2.0" 200 0 "https://wyydsb.xin/service-worker.js" "Mozilla/5.0 (Linux; Android 8.0.0; MI 6 Build/OPR1.170623.027; wv) AppleWebKit/537.36 (KHTML, like Gecko) Version/4.0 Chrome/71.0.3578.99 Mobile Safari/537.36"
49.94.198.225 - - [16/Jan/2019:08:42:03 +0800] "GET /other/pagerank.html HTTP/2.0" 200 0 "https://wyydsb.xin/service-worker.js" "Mozilla/5.0 (Linux; Android 8.0.0; MI 6 Build/OPR1.170623.027; wv) AppleWebKit/537.36 (KHTML, like Gecko) Version/4.0 Chrome/71.0.3578.99 Mobile Safari/537.36"
49.94.198.225 - - [16/Jan/2019:08:42:03 +0800] "GET /other/pageranks.html HTTP/2.0" 200 0 "https://wyydsb.xin/service-worker.js" "Mozilla/5.0 (Linux; Android 8.0.0; MI 6 Build/OPR1.170623.027; wv) AppleWebKit/537.36 (KHTML, like Gecko) Version/4.0 Chrome/71.0.3578.99 Mobile Safari/537.36"
49.94.198.225 - - [16/Jan/2019:08:42:03 +0800] "GET /other/peloton.html HTTP/2.0" 200 0 "https://wyydsb.xin/service-worker.js" "Mozilla/5.0 (Linux; Android 8.0.0; MI 6 Build/OPR1.170623.027; wv) AppleWebKit/537.36 (KHTML, like Gecko) Version/4.0 Chrome/71.0.3578.99 Mobile Safari/537.36"
49.94.198.225 - - [16/Jan/2019:08:42:03 +0800] "GET /face.jpg HTTP/2.0" 200 15454 "https://wyydsb.xin/service-worker.js" "Mozilla/5.0 (Linux; Android 8.0.0; MI 6 Build/OPR1.170623.027; wv) AppleWebKit/537.36 (KHTML, like Gecko) Version/4.0 Chrome/71.0.3578.99 Mobile Safari/537.36"
49.94.198.225 - - [16/Jan/2019:08:42:03 +0800] "GET /assets/js/vendors~docsearch.5a03cde5.js HTTP/2.0" 200 115290 "https://wyydsb.xin/service-worker.js" "Mozilla/5.0 (Linux; Android 8.0.0; MI 6 Build/OPR1.170623.027; wv) AppleWebKit/537.36 (KHTML, like Gecko) Version/4.0 Chrome/71.0.3578.99 Mobile Safari/537.36"
208.91.115.161 - - [16/Jan/2019:08:42:03 +0800] "GET /service-worker.js HTTP/2.0" 200 17760 "https://wyydsb.xin/service-worker.js" "Mozilla/5.0 (Windows NT 10.0; Win64; x64) AppleWebKit/537.36 (KHTML, like Gecko) Chrome/71.0.3578.98 Safari/537.36"
208.91.115.161 - - [16/Jan/2019:08:42:03 +0800] "GET /favicon.ico HTTP/2.0" 200 15322 "https://wyydsb.xin/other/xiaoice.html" "Mozilla/5.0 (Windows NT 10.0; Win64; x64) AppleWebKit/537.36 (KHTML, like Gecko) Chrome/71.0.3578.98 Safari/537.36"
208.91.115.161 - - [16/Jan/2019:08:42:04 +0800] "GET /manifest.json HTTP/2.0" 200 406 "https://wyydsb.xin/other/xiaoice.html" "Mozilla/5.0 (Windows NT 10.0; Win64; x64) AppleWebKit/537.36 (KHTML, like Gecko) Chrome/71.0.3578.98 Safari/537.36"
208.91.115.161 - - [16/Jan/2019:08:42:04 +0800] "GET /404.html HTTP/2.0" 200 1954 "https://wyydsb.xin/service-worker.js" "Mozilla/5.0 (Windows NT 10.0; Win64; x64) AppleWebKit/537.36 (KHTML, like Gecko) Chrome/71.0.3578.98 Safari/537.36"
208.91.115.161 - - [16/Jan/2019:08:42:04 +0800] "GET /assets/css/1.styles.5a03cde5.css HTTP/2.0" 200 18918 "https://wyydsb.xin/service-worker.js" "Mozilla/5.0 (Windows NT 10.0; Win64; x64) AppleWebKit/537.36 (KHTML, like Gecko) Chrome/71.0.3578.98 Safari/537.36"
208.91.115.161 - - [16/Jan/2019:08:42:04 +0800] "GET /assets/css/2.styles.33e298fa.css HTTP/2.0" 200 0 "https://wyydsb.xin/service-worker.js" "Mozilla/5.0 (Windows NT 10.0; Win64; x64) AppleWebKit/537.36 (KHTML, like Gecko) Chrome/71.0.3578.98 Safari/537.36"
49.94.198.225 - - [16/Jan/2019:08:42:05 +0800] "GET /other/pseudo.html HTTP/2.0" 200 63225 "https://wyydsb.xin/service-worker.js" "Mozilla/5.0 (Linux; Android 8.0.0; MI 6 Build/OPR1.170623.027; wv) AppleWebKit/537.36 (KHTML, like Gecko) Version/4.0 Chrome/71.0.3578.99 Mobile Safari/537.36"
49.94.198.225 - - [16/Jan/2019:08:42:05 +0800] "GET /other/pv.html HTTP/2.0" 200 23877 "https://wyydsb.xin/service-worker.js" "Mozilla/5.0 (Linux; Android 8.0.0; MI 6 Build/OPR1.170623.027; wv) AppleWebKit/537.36 (KHTML, like Gecko) Version/4.0 Chrome/71.0.3578.99 Mobile Safari/537.36"
49.94.198.225 - - [16/Jan/2019:08:42:07 +0800] "GET /pat/1017.html HTTP/2.0" 200 0 "https://wyydsb.xin/service-worker.js" "Mozilla/5.0 (Linux; Android 8.0.0; MI 6 Build/OPR1.170623.027; wv) AppleWebKit/537.36 (KHTML, like Gecko) Version/4.0 Chrome/71.0.3578.99 Mobile Safari/537.36"
49.94.198.225 - - [16/Jan/2019:08:42:07 +0800] "GET /pat/anoj2018II.html HTTP/2.0" 200 0 "https://wyydsb.xin/service-worker.js" "Mozilla/5.0 (Linux; Android 8.0.0; MI 6 Build/OPR1.170623.027; wv) AppleWebKit/537.36 (KHTML, like Gecko) Version/4.0 Chrome/71.0.3578.99 Mobile Safari/537.36"
49.94.198.225 - - [16/Jan/2019:08:42:07 +0800] "GET /pat/1021.html HTTP/2.0" 200 0 "https://wyydsb.xin/service-worker.js" "Mozilla/5.0 (Linux; Android 8.0.0; MI 6 Build/OPR1.170623.027; wv) AppleWebKit/537.36 (KHTML, like Gecko) Version/4.0 Chrome/71.0.3578.99 Mobile Safari/537.36"
49.94.198.225 - - [16/Jan/2019:08:42:07 +0800] "GET /pat/1018.html HTTP/2.0" 200 0 "https://wyydsb.xin/service-worker.js" "Mozilla/5.0 (Linux; Android 8.0.0; MI 6 Build/OPR1.170623.027; wv) AppleWebKit/537.36 (KHTML, like Gecko) Version/4.0 Chrome/71.0.3578.99 Mobile Safari/537.36"
49.94.198.225 - - [16/Jan/2019:08:42:07 +0800] "GET /pat/1056.html HTTP/2.0" 200 0 "https://wyydsb.xin/service-worker.js" "Mozilla/5.0 (Linux; Android 8.0.0; MI 6 Build/OPR1.170623.027; wv) AppleWebKit/537.36 (KHTML, like Gecko) Version/4.0 Chrome/71.0.3578.99 Mobile Safari/537.36"
49.94.198.225 - - [16/Jan/2019:08:42:07 +0800] "GET /pat/catalog.html HTTP/2.0" 200 0 "https://wyydsb.xin/service-worker.js" "Mozilla/5.0 (Linux; Android 8.0.0; MI 6 Build/OPR1.170623.027; wv) AppleWebKit/537.36 (KHTML, like Gecko) Version/4.0 Chrome/71.0.3578.99 Mobile Safari/537.36"
49.94.198.225 - - [16/Jan/2019:08:42:07 +0800] "GET /other/summarization.html HTTP/2.0" 200 0 "https://wyydsb.xin/service-worker.js" "Mozilla/5.0 (Linux; Android 8.0.0; MI 6 Build/OPR1.170623.027; wv) AppleWebKit/537.36 (KHTML, like Gecko) Version/4.0 Chrome/71.0.3578.99 Mobile Safari/537.36"
49.94.198.225 - - [16/Jan/2019:08:42:07 +0800] "GET /pat/1072.html HTTP/2.0" 200 0 "https://wyydsb.xin/service-worker.js" "Mozilla/5.0 (Linux; Android 8.0.0; MI 6 Build/OPR1.170623.027; wv) AppleWebKit/537.36 (KHTML, like Gecko) Version/4.0 Chrome/71.0.3578.99 Mobile Safari/537.36"
49.94.198.225 - - [16/Jan/2019:08:42:07 +0800] "GET /pat/1076.html HTTP/2.0" 200 0 "https://wyydsb.xin/service-worker.js" "Mozilla/5.0 (Linux; Android 8.0.0; MI 6 Build/OPR1.170623.027; wv) AppleWebKit/537.36 (KHTML, like Gecko) Version/4.0 Chrome/71.0.3578.99 Mobile Safari/537.36"
49.94.198.225 - - [16/Jan/2019:08:42:07 +0800] "GET /pat/1049.html HTTP/2.0" 200 0 "https://wyydsb.xin/service-worker.js" "Mozilla/5.0 (Linux; Android 8.0.0; MI 6 Build/OPR1.170623.027; wv) AppleWebKit/537.36 (KHTML, like Gecko) Version/4.0 Chrome/71.0.3578.99 Mobile Safari/537.36"
49.94.198.225 - - [16/Jan/2019:08:42:07 +0800] "GET /pat/1079.html HTTP/2.0" 200 0 "https://wyydsb.xin/service-worker.js" "Mozilla/5.0 (Linux; Android 8.0.0; MI 6 Build/OPR1.170623.027; wv) AppleWebKit/537.36 (KHTML, like Gecko) Version/4.0 Chrome/71.0.3578.99 Mobile Safari/537.36"
49.94.198.225 - - [16/Jan/2019:08:42:07 +0800] "GET /pat/entrance.html HTTP/2.0" 200 0 "https://wyydsb.xin/service-worker.js" "Mozilla/5.0 (Linux; Android 8.0.0; MI 6 Build/OPR1.170623.027; wv) AppleWebKit/537.36 (KHTML, like Gecko) Version/4.0 Chrome/71.0.3578.99 Mobile Safari/537.36"
49.94.198.225 - - [16/Jan/2019:08:42:07 +0800] "GET /pat/1080.html HTTP/2.0" 200 0 "https://wyydsb.xin/service-worker.js" "Mozilla/5.0 (Linux; Android 8.0.0; MI 6 Build/OPR1.170623.027; wv) AppleWebKit/537.36 (KHTML, like Gecko) Version/4.0 Chrome/71.0.3578.99 Mobile Safari/537.36"
49.94.198.225 - - [16/Jan/2019:08:42:07 +0800] "GET /pat/1026.html HTTP/2.0" 200 0 "https://wyydsb.xin/service-worker.js" "Mozilla/5.0 (Linux; Android 8.0.0; MI 6 Build/OPR1.170623.027; wv) AppleWebKit/537.36 (KHTML, like Gecko) Version/4.0 Chrome/71.0.3578.99 Mobile Safari/537.36"
49.94.198.225 - - [16/Jan/2019:08:42:07 +0800] "GET /pat/1086.html HTTP/2.0" 200 0 "https://wyydsb.xin/service-worker.js" "Mozilla/5.0 (Linux; Android 8.0.0; MI 6 Build/OPR1.170623.027; wv) AppleWebKit/537.36 (KHTML, like Gecko) Version/4.0 Chrome/71.0.3578.99 Mobile Safari/537.36"
49.94.198.225 - - [16/Jan/2019:08:42:07 +0800] "GET /pat/1087.html HTTP/2.0" 200 0 "https://wyydsb.xin/service-worker.js" "Mozilla/5.0 (Linux; Android 8.0.0; MI 6 Build/OPR1.170623.027; wv) AppleWebKit/537.36 (KHTML, like Gecko) Version/4.0 Chrome/71.0.3578.99 Mobile Safari/537.36"
49.94.198.225 - - [16/Jan/2019:08:42:07 +0800] "GET /pat/1033.html HTTP/2.0" 200 0 "https://wyydsb.xin/service-worker.js" "Mozilla/5.0 (Linux; Android 8.0.0; MI 6 Build/OPR1.170623.027; wv) AppleWebKit/537.36 (KHTML, like Gecko) Version/4.0 Chrome/71.0.3578.99 Mobile Safari/537.36"
49.94.198.225 - - [16/Jan/2019:08:42:07 +0800] "GET /pat/1082.html HTTP/2.0" 200 0 "https://wyydsb.xin/service-worker.js" "Mozilla/5.0 (Linux; Android 8.0.0; MI 6 Build/OPR1.170623.027; wv) AppleWebKit/537.36 (KHTML, like Gecko) Version/4.0 Chrome/71.0.3578.99 Mobile Safari/537.36"
49.94.198.225 - - [16/Jan/2019:08:42:07 +0800] "GET /other/terminal.html HTTP/2.0" 200 0 "https://wyydsb.xin/service-worker.js" "Mozilla/5.0 (Linux; Android 8.0.0; MI 6 Build/OPR1.170623.027; wv) AppleWebKit/537.36 (KHTML, like Gecko) Version/4.0 Chrome/71.0.3578.99 Mobile Safari/537.36"
49.94.198.225 - - [16/Jan/2019:08:42:07 +0800] "GET /pat/1034.html HTTP/2.0" 200 0 "https://wyydsb.xin/service-worker.js" "Mozilla/5.0 (Linux; Android 8.0.0; MI 6 Build/OPR1.170623.027; wv) AppleWebKit/537.36 (KHTML, like Gecko) Version/4.0 Chrome/71.0.3578.99 Mobile Safari/537.36"
49.94.198.225 - - [16/Jan/2019:08:42:07 +0800] "GET /other/truncate.html HTTP/2.0" 200 0 "https://wyydsb.xin/service-worker.js" "Mozilla/5.0 (Linux; Android 8.0.0; MI 6 Build/OPR1.170623.027; wv) AppleWebKit/537.36 (KHTML, like Gecko) Version/4.0 Chrome/71.0.3578.99 Mobile Safari/537.36"
49.94.198.225 - - [16/Jan/2019:08:42:07 +0800] "GET /pat/sort.html HTTP/2.0" 200 0 "https://wyydsb.xin/service-worker.js" "Mozilla/5.0 (Linux; Android 8.0.0; MI 6 Build/OPR1.170623.027; wv) AppleWebKit/537.36 (KHTML, like Gecko) Version/4.0 Chrome/71.0.3578.99 Mobile Safari/537.36"
49.94.198.225 - - [16/Jan/2019:08:42:07 +0800] "GET /other/xiaoice.html HTTP/2.0" 200 0 "https://wyydsb.xin/service-worker.js" "Mozilla/5.0 (Linux; Android 8.0.0; MI 6 Build/OPR1.170623.027; wv) AppleWebKit/537.36 (KHTML, like Gecko) Version/4.0 Chrome/71.0.3578.99 Mobile Safari/537.36"
49.94.198.225 - - [16/Jan/2019:08:42:07 +0800] "GET /other/rnn.html HTTP/2.0" 200 0 "https://wyydsb.xin/service-worker.js" "Mozilla/5.0 (Linux; Android 8.0.0; MI 6 Build/OPR1.170623.027; wv) AppleWebKit/537.36 (KHTML, like Gecko) Version/4.0 Chrome/71.0.3578.99 Mobile Safari/537.36"
49.94.198.225 - - [16/Jan/2019:08:42:07 +0800] "GET /tags/index.html HTTP/2.0" 200 0 "https://wyydsb.xin/service-worker.js" "Mozilla/5.0 (Linux; Android 8.0.0; MI 6 Build/OPR1.170623.027; wv) AppleWebKit/537.36 (KHTML, like Gecko) Version/4.0 Chrome/71.0.3578.99 Mobile Safari/537.36"
49.94.198.225 - - [16/Jan/2019:08:42:07 +0800] "GET /other/vsm.html HTTP/2.0" 200 0 "https://wyydsb.xin/service-worker.js" "Mozilla/5.0 (Linux; Android 8.0.0; MI 6 Build/OPR1.170623.027; wv) AppleWebKit/537.36 (KHTML, like Gecko) Version/4.0 Chrome/71.0.3578.99 Mobile Safari/537.36"
49.94.198.225 - - [16/Jan/2019:08:42:07 +0800] "GET /pat/1075.html HTTP/2.0" 200 0 "https://wyydsb.xin/service-worker.js" "Mozilla/5.0 (Linux; Android 8.0.0; MI 6 Build/OPR1.170623.027; wv) AppleWebKit/537.36 (KHTML, like Gecko) Version/4.0 Chrome/71.0.3578.99 Mobile Safari/537.36"
49.94.198.225 - - [16/Jan/2019:08:42:07 +0800] "GET /pat/1044.html HTTP/2.0" 200 0 "https://wyydsb.xin/service-worker.js" "Mozilla/5.0 (Linux; Android 8.0.0; MI 6 Build/OPR1.170623.027; wv) AppleWebKit/537.36 (KHTML, like Gecko) Version/4.0 Chrome/71.0.3578.99 Mobile Safari/537.36"
49.94.198.225 - - [16/Jan/2019:08:42:07 +0800] "GET /pat/1107.html HTTP/2.0" 200 0 "https://wyydsb.xin/service-worker.js" "Mozilla/5.0 (Linux; Android 8.0.0; MI 6 Build/OPR1.170623.027; wv) AppleWebKit/537.36 (KHTML, like Gecko) Version/4.0 Chrome/71.0.3578.99 Mobile Safari/537.36"
49.94.198.225 - - [16/Jan/2019:08:42:07 +0800] "GET /pat/1022.html HTTP/2.0" 200 0 "https://wyydsb.xin/service-worker.js" "Mozilla/5.0 (Linux; Android 8.0.0; MI 6 Build/OPR1.170623.027; wv) AppleWebKit/537.36 (KHTML, like Gecko) Version/4.0 Chrome/71.0.3578.99 Mobile Safari/537.36"
49.94.198.225 - - [16/Jan/2019:08:42:07 +0800] "GET /assets/js/app.f8d211be.js HTTP/2.0" 200 262144 "https://wyydsb.xin/service-worker.js" "Mozilla/5.0 (Linux; Android 8.0.0; MI 6 Build/OPR1.170623.027; wv) AppleWebKit/537.36 (KHTML, like Gecko) Version/4.0 Chrome/71.0.3578.99 Mobile Safari/537.36"
49.94.198.225 - - [16/Jan/2019:08:42:07 +0800] "GET /pat/1066.html HTTP/2.0" 200 0 "https://wyydsb.xin/service-worker.js" "Mozilla/5.0 (Linux; Android 8.0.0; MI 6 Build/OPR1.170623.027; wv) AppleWebKit/537.36 (KHTML, like Gecko) Version/4.0 Chrome/71.0.3578.99 Mobile Safari/537.36"
49.94.198.225 - - [16/Jan/2019:08:42:07 +0800] "GET /other/ppr.html HTTP/2.0" 200 0 "https://wyydsb.xin/service-worker.js" "Mozilla/5.0 (Linux; Android 8.0.0; MI 6 Build/OPR1.170623.027; wv) AppleWebKit/537.36 (KHTML, like Gecko) Version/4.0 Chrome/71.0.3578.99 Mobile Safari/537.36"
49.94.198.225 - - [16/Jan/2019:08:42:07 +0800] "GET /pat/1040.html HTTP/2.0" 200 0 "https://wyydsb.xin/service-worker.js" "Mozilla/5.0 (Linux; Android 8.0.0; MI 6 Build/OPR1.170623.027; wv) AppleWebKit/537.36 (KHTML, like Gecko) Version/4.0 Chrome/71.0.3578.99 Mobile Safari/537.36"
49.94.198.225 - - [16/Jan/2019:08:42:07 +0800] "GET /pat/1068.html HTTP/2.0" 200 0 "https://wyydsb.xin/service-worker.js" "Mozilla/5.0 (Linux; Android 8.0.0; MI 6 Build/OPR1.170623.027; wv) AppleWebKit/537.36 (KHTML, like Gecko) Version/4.0 Chrome/71.0.3578.99 Mobile Safari/537.36"
49.94.198.225 - - [16/Jan/2019:08:42:07 +0800] "GET /pat/1057.html HTTP/2.0" 200 0 "https://wyydsb.xin/service-worker.js" "Mozilla/5.0 (Linux; Android 8.0.0; MI 6 Build/OPR1.170623.027; wv) AppleWebKit/537.36 (KHTML, like Gecko) Version/4.0 Chrome/71.0.3578.99 Mobile Safari/537.36"
49.94.198.225 - - [16/Jan/2019:08:42:07 +0800] "GET /pat/1014.html HTTP/2.0" 200 0 "https://wyydsb.xin/service-worker.js" "Mozilla/5.0 (Linux; Android 8.0.0; MI 6 Build/OPR1.170623.027; wv) AppleWebKit/537.36 (KHTML, like Gecko) Version/4.0 Chrome/71.0.3578.99 Mobile Safari/537.36"
49.94.198.225 - - [16/Jan/2019:08:42:07 +0800] "GET /other/spider.html HTTP/2.0" 200 0 "https://wyydsb.xin/service-worker.js" "Mozilla/5.0 (Linux; Android 8.0.0; MI 6 Build/OPR1.170623.027; wv) AppleWebKit/537.36 (KHTML, like Gecko) Version/4.0 Chrome/71.0.3578.99 Mobile Safari/537.36"
49.94.198.225 - - [16/Jan/2019:08:42:07 +0800] "GET / HTTP/2.0" 200 0 "https://wyydsb.xin/service-worker.js" "Mozilla/5.0 (Linux; Android 8.0.0; MI 6 Build/OPR1.170623.027; wv) AppleWebKit/537.36 (KHTML, like Gecko) Version/4.0 Chrome/71.0.3578.99 Mobile Safari/537.36"
49.94.198.225 - - [16/Jan/2019:08:42:07 +0800] "GET /other/redirect.html HTTP/2.0" 200 16384 "https://wyydsb.xin/service-worker.js" "Mozilla/5.0 (Linux; Android 8.0.0; MI 6 Build/OPR1.170623.027; wv) AppleWebKit/537.36 (KHTML, like Gecko) Version/4.0 Chrome/71.0.3578.99 Mobile Safari/537.36"
208.91.115.161 - - [16/Jan/2019:08:42:08 +0800] "GET /assets/css/styles.f8d211be.css HTTP/2.0" 200 301658 "https://wyydsb.xin/service-worker.js" "Mozilla/5.0 (Windows NT 10.0; Win64; x64) AppleWebKit/537.36 (KHTML, like Gecko) Chrome/71.0.3578.98 Safari/537.36"
208.91.115.161 - - [16/Jan/2019:08:42:08 +0800] "GET /assets/fonts/fa-brands-400.030846b7.woff HTTP/2.0" 200 71560 "https://wyydsb.xin/service-worker.js" "Mozilla/5.0 (Windows NT 10.0; Win64; x64) AppleWebKit/537.36 (KHTML, like Gecko) Chrome/71.0.3578.98 Safari/537.36"
208.91.115.161 - - [16/Jan/2019:08:42:10 +0800] "GET /assets/fonts/fa-brands-400.3f5a250e.ttf HTTP/2.0" 200 111384 "https://wyydsb.xin/service-worker.js" "Mozilla/5.0 (Windows NT 10.0; Win64; x64) AppleWebKit/537.36 (KHTML, like Gecko) Chrome/71.0.3578.98 Safari/537.36"
208.91.115.161 - - [16/Jan/2019:08:42:11 +0800] "GET /assets/fonts/fa-brands-400.4291d4b6.eot HTTP/2.0" 200 111620 "https://wyydsb.xin/service-worker.js" "Mozilla/5.0 (Windows NT 10.0; Win64; x64) AppleWebKit/537.36 (KHTML, like Gecko) Chrome/71.0.3578.98 Safari/537.36"
208.91.115.161 - - [16/Jan/2019:08:42:12 +0800] "GET /assets/fonts/fa-brands-400.65e3be4e.woff2 HTTP/2.0" 200 61336 "https://wyydsb.xin/service-worker.js" "Mozilla/5.0 (Windows NT 10.0; Win64; x64) AppleWebKit/537.36 (KHTML, like Gecko) Chrome/71.0.3578.98 Safari/537.36"
208.91.115.161 - - [16/Jan/2019:08:42:12 +0800] "GET /assets/fonts/fa-regular-400.222941bf.woff HTTP/2.0" 200 14724 "https://wyydsb.xin/service-worker.js" "Mozilla/5.0 (Windows NT 10.0; Win64; x64) AppleWebKit/537.36 (KHTML, like Gecko) Chrome/71.0.3578.98 Safari/537.36"
208.91.115.161 - - [16/Jan/2019:08:42:13 +0800] "GET /assets/fonts/fa-regular-400.6bf2d6c8.ttf HTTP/2.0" 200 31044 "https://wyydsb.xin/service-worker.js" "Mozilla/5.0 (Windows NT 10.0; Win64; x64) AppleWebKit/537.36 (KHTML, like Gecko) Chrome/71.0.3578.98 Safari/537.36"
208.91.115.161 - - [16/Jan/2019:08:42:13 +0800] "GET /assets/fonts/fa-regular-400.914437d6.woff2 HTTP/2.0" 200 12168 "https://wyydsb.xin/service-worker.js" "Mozilla/5.0 (Windows NT 10.0; Win64; x64) AppleWebKit/537.36 (KHTML, like Gecko) Chrome/71.0.3578.98 Safari/537.36"
208.91.115.161 - - [16/Jan/2019:08:42:13 +0800] "GET /assets/fonts/fa-regular-400.d30b8018.eot HTTP/2.0" 200 31272 "https://wyydsb.xin/service-worker.js" "Mozilla/5.0 (Windows NT 10.0; Win64; x64) AppleWebKit/537.36 (KHTML, like Gecko) Chrome/71.0.3578.98 Safari/537.36"
208.91.115.161 - - [16/Jan/2019:08:42:13 +0800] "GET /assets/fonts/fa-solid-900.140f4148.woff HTTP/2.0" 200 63836 "https://wyydsb.xin/service-worker.js" "Mozilla/5.0 (Windows NT 10.0; Win64; x64) AppleWebKit/537.36 (KHTML, like Gecko) Chrome/71.0.3578.98 Safari/537.36"
208.91.115.161 - - [16/Jan/2019:08:42:14 +0800] "GET /assets/fonts/fa-solid-900.813b8aee.woff2 HTTP/2.0" 200 50388 "https://wyydsb.xin/service-worker.js" "Mozilla/5.0 (Windows NT 10.0; Win64; x64) AppleWebKit/537.36 (KHTML, like Gecko) Chrome/71.0.3578.98 Safari/537.36"
208.91.115.161 - - [16/Jan/2019:08:42:14 +0800] "GET /assets/fonts/fa-solid-900.4910ec73.eot HTTP/2.0" 200 133140 "https://wyydsb.xin/service-worker.js" "Mozilla/5.0 (Windows NT 10.0; Win64; x64) AppleWebKit/537.36 (KHTML, like Gecko) Chrome/71.0.3578.98 Safari/537.36"
208.91.115.161 - - [16/Jan/2019:08:42:15 +0800] "GET /assets/fonts/Roboto-Bold.39b2c303.woff2 HTTP/2.0" 200 49976 "https://wyydsb.xin/service-worker.js" "Mozilla/5.0 (Windows NT 10.0; Win64; x64) AppleWebKit/537.36 (KHTML, like Gecko) Chrome/71.0.3578.98 Safari/537.36"
208.91.115.161 - - [16/Jan/2019:08:42:15 +0800] "GET /assets/fonts/fa-solid-900.e57e108a.ttf HTTP/2.0" 200 132920 "https://wyydsb.xin/service-worker.js" "Mozilla/5.0 (Windows NT 10.0; Win64; x64) AppleWebKit/537.36 (KHTML, like Gecko) Chrome/71.0.3578.98 Safari/537.36"
208.91.115.161 - - [16/Jan/2019:08:42:15 +0800] "GET /assets/fonts/Roboto-Bold.dc81817d.woff HTTP/2.0" 200 62876 "https://wyydsb.xin/service-worker.js" "Mozilla/5.0 (Windows NT 10.0; Win64; x64) AppleWebKit/537.36 (KHTML, like Gecko) Chrome/71.0.3578.98 Safari/537.36"
208.91.115.161 - - [16/Jan/2019:08:42:17 +0800] "GET /assets/fonts/Roboto-Bold.e31fcf18.ttf HTTP/2.0" 200 127744 "https://wyydsb.xin/service-worker.js" "Mozilla/5.0 (Windows NT 10.0; Win64; x64) AppleWebKit/537.36 (KHTML, like Gecko) Chrome/71.0.3578.98 Safari/537.36"
208.91.115.161 - - [16/Jan/2019:08:42:17 +0800] "GET /assets/fonts/Roboto-Light.3b813c2a.woff HTTP/2.0" 200 62316 "https://wyydsb.xin/service-worker.js" "Mozilla/5.0 (Windows NT 10.0; Win64; x64) AppleWebKit/537.36 (KHTML, like Gecko) Chrome/71.0.3578.98 Safari/537.36"
208.91.115.161 - - [16/Jan/2019:08:42:18 +0800] "GET /assets/fonts/Roboto-Light.69f8a061.woff2 HTTP/2.0" 200 49380 "https://wyydsb.xin/service-worker.js" "Mozilla/5.0 (Windows NT 10.0; Win64; x64) AppleWebKit/537.36 (KHTML, like Gecko) Chrome/71.0.3578.98 Safari/537.36"
