139.180.201.217 - - [03/Dec/2018:20:10:00 +0800] "GET /assets/js/34.cc4742ab.js HTTP/2.0" 200 26032 "https://www.wyydsb.xin/" "Mozilla/5.0 (Macintosh; Intel Mac OS X 10_14_2) AppleWebKit/537.36 (KHTML, like Gecko) Chrome/70.0.3538.110 Safari/537.36"
139.180.201.217 - - [03/Dec/2018:20:10:00 +0800] "GET /assets/js/35.7d80aad2.js HTTP/2.0" 200 61974 "https://www.wyydsb.xin/" "Mozilla/5.0 (Macintosh; Intel Mac OS X 10_14_2) AppleWebKit/537.36 (KHTML, like Gecko) Chrome/70.0.3538.110 Safari/537.36"
218.247.220.196 - - [03/Dec/2018:20:10:02 +0800] "GET /assets/js/17.8bfc9516.js HTTP/2.0" 200 41883 "https://wyydsb.xin/" "Mozilla/5.0 (Macintosh; Intel Mac OS X 10_14_2) AppleWebKit/537.36 (KHTML, like Gecko) Chrome/70.0.3538.110 Safari/537.36"
218.247.220.196 - - [03/Dec/2018:20:10:02 +0800] "GET /assets/js/16.09a75dce.js HTTP/2.0" 200 73564 "https://wyydsb.xin/" "Mozilla/5.0 (Macintosh; Intel Mac OS X 10_14_2) AppleWebKit/537.36 (KHTML, like Gecko) Chrome/70.0.3538.110 Safari/537.36"
139.180.201.217 - - [03/Dec/2018:20:10:02 +0800] "GET /assets/fonts/fa-solid-900.813b8aee.woff2 HTTP/2.0" 200 50388 "https://www.wyydsb.xin/assets/css/styles.37bfc49e.css" "Mozilla/5.0 (Macintosh; Intel Mac OS X 10_14_2) AppleWebKit/537.36 (KHTML, like Gecko) Chrome/70.0.3538.110 Safari/537.36"
139.180.201.217 - - [03/Dec/2018:20:10:02 +0800] "GET /assets/fonts/fa-brands-400.65e3be4e.woff2 HTTP/2.0" 200 61336 "https://www.wyydsb.xin/assets/css/styles.37bfc49e.css" "Mozilla/5.0 (Macintosh; Intel Mac OS X 10_14_2) AppleWebKit/537.36 (KHTML, like Gecko) Chrome/70.0.3538.110 Safari/537.36"
139.180.201.217 - - [03/Dec/2018:20:10:02 +0800] "GET /assets/fonts/Roboto-Regular.2751ee43.woff2 HTTP/2.0" 200 49236 "https://www.wyydsb.xin/assets/css/styles.37bfc49e.css" "Mozilla/5.0 (Macintosh; Intel Mac OS X 10_14_2) AppleWebKit/537.36 (KHTML, like Gecko) Chrome/70.0.3538.110 Safari/537.36"
139.180.201.217 - - [03/Dec/2018:20:10:02 +0800] "GET /assets/fonts/Roboto-Medium.574fd0b5.woff2 HTTP/2.0" 200 50224 "https://www.wyydsb.xin/assets/css/styles.37bfc49e.css" "Mozilla/5.0 (Macintosh; Intel Mac OS X 10_14_2) AppleWebKit/537.36 (KHTML, like Gecko) Chrome/70.0.3538.110 Safari/537.36"
139.180.201.217 - - [03/Dec/2018:20:10:05 +0800] "GET /assets/img/brand.56a8de2a.jpg HTTP/2.0" 200 47256 "https://www.wyydsb.xin/assets/css/styles.37bfc49e.css" "Mozilla/5.0 (Macintosh; Intel Mac OS X 10_14_2) AppleWebKit/537.36 (KHTML, like Gecko) Chrome/70.0.3538.110 Safari/537.36"
139.180.201.217 - - [03/Dec/2018:20:10:05 +0800] "GET /pv.txt HTTP/2.0" 200 66 "https://www.wyydsb.xin/" "Mozilla/5.0 (Macintosh; Intel Mac OS X 10_14_2) AppleWebKit/537.36 (KHTML, like Gecko) Chrome/70.0.3538.110 Safari/537.36"
139.180.201.217 - - [03/Dec/2018:20:10:05 +0800] "GET /assets/js/26.209c359f.js HTTP/2.0" 200 277035 "https://www.wyydsb.xin/" "Mozilla/5.0 (Macintosh; Intel Mac OS X 10_14_2) AppleWebKit/537.36 (KHTML, like Gecko) Chrome/70.0.3538.110 Safari/537.36"
139.180.201.217 - - [03/Dec/2018:20:10:05 +0800] "GET /assets/js/36.6f0daf95.js HTTP/2.0" 200 60998 "https://www.wyydsb.xin/" "Mozilla/5.0 (Macintosh; Intel Mac OS X 10_14_2) AppleWebKit/537.36 (KHTML, like Gecko) Chrome/70.0.3538.110 Safari/537.36"
139.180.201.217 - - [03/Dec/2018:20:10:05 +0800] "GET /assets/js/37.f0058512.js HTTP/2.0" 200 35209 "https://www.wyydsb.xin/" "Mozilla/5.0 (Macintosh; Intel Mac OS X 10_14_2) AppleWebKit/537.36 (KHTML, like Gecko) Chrome/70.0.3538.110 Safari/537.36"
139.180.201.217 - - [03/Dec/2018:20:10:05 +0800] "GET /assets/js/38.fa3a1ba0.js HTTP/2.0" 200 14042 "https://www.wyydsb.xin/" "Mozilla/5.0 (Macintosh; Intel Mac OS X 10_14_2) AppleWebKit/537.36 (KHTML, like Gecko) Chrome/70.0.3538.110 Safari/537.36"
139.180.201.217 - - [03/Dec/2018:20:10:05 +0800] "GET /assets/js/39.f8e504f2.js HTTP/2.0" 200 28946 "https://www.wyydsb.xin/" "Mozilla/5.0 (Macintosh; Intel Mac OS X 10_14_2) AppleWebKit/537.36 (KHTML, like Gecko) Chrome/70.0.3538.110 Safari/537.36"
139.180.201.217 - - [03/Dec/2018:20:10:05 +0800] "GET /assets/js/4.386e5ffc.js HTTP/2.0" 200 18561 "https://www.wyydsb.xin/" "Mozilla/5.0 (Macintosh; Intel Mac OS X 10_14_2) AppleWebKit/537.36 (KHTML, like Gecko) Chrome/70.0.3538.110 Safari/537.36"
139.180.201.217 - - [03/Dec/2018:20:10:05 +0800] "GET /assets/js/40.71b674bd.js HTTP/2.0" 200 10699 "https://www.wyydsb.xin/" "Mozilla/5.0 (Macintosh; Intel Mac OS X 10_14_2) AppleWebKit/537.36 (KHTML, like Gecko) Chrome/70.0.3538.110 Safari/537.36"
139.180.201.217 - - [03/Dec/2018:20:10:05 +0800] "GET /assets/js/41.6e002add.js HTTP/2.0" 200 32492 "https://www.wyydsb.xin/" "Mozilla/5.0 (Macintosh; Intel Mac OS X 10_14_2) AppleWebKit/537.36 (KHTML, like Gecko) Chrome/70.0.3538.110 Safari/537.36"
139.180.201.217 - - [03/Dec/2018:20:10:05 +0800] "GET /assets/js/42.dca3828a.js HTTP/2.0" 200 23373 "https://www.wyydsb.xin/" "Mozilla/5.0 (Macintosh; Intel Mac OS X 10_14_2) AppleWebKit/537.36 (KHTML, like Gecko) Chrome/70.0.3538.110 Safari/537.36"
139.180.201.217 - - [03/Dec/2018:20:10:05 +0800] "GET /assets/js/43.6c93d380.js HTTP/2.0" 200 31782 "https://www.wyydsb.xin/" "Mozilla/5.0 (Macintosh; Intel Mac OS X 10_14_2) AppleWebKit/537.36 (KHTML, like Gecko) Chrome/70.0.3538.110 Safari/537.36"
139.180.201.217 - - [03/Dec/2018:20:10:05 +0800] "GET /assets/js/44.2cb402bf.js HTTP/2.0" 200 26229 "https://www.wyydsb.xin/" "Mozilla/5.0 (Macintosh; Intel Mac OS X 10_14_2) AppleWebKit/537.36 (KHTML, like Gecko) Chrome/70.0.3538.110 Safari/537.36"
139.180.201.217 - - [03/Dec/2018:20:10:05 +0800] "GET /assets/js/45.f51394a3.js HTTP/2.0" 200 36434 "https://www.wyydsb.xin/" "Mozilla/5.0 (Macintosh; Intel Mac OS X 10_14_2) AppleWebKit/537.36 (KHTML, like Gecko) Chrome/70.0.3538.110 Safari/537.36"
218.247.220.196 - - [03/Dec/2018:20:10:07 +0800] "GET /assets/js/19.2fb8139d.js HTTP/2.0" 200 20424 "https://wyydsb.xin/" "Mozilla/5.0 (Macintosh; Intel Mac OS X 10_14_2) AppleWebKit/537.36 (KHTML, like Gecko) Chrome/70.0.3538.110 Safari/537.36"
218.247.220.196 - - [03/Dec/2018:20:10:07 +0800] "GET /assets/js/18.d676a614.js HTTP/2.0" 200 81006 "https://wyydsb.xin/" "Mozilla/5.0 (Macintosh; Intel Mac OS X 10_14_2) AppleWebKit/537.36 (KHTML, like Gecko) Chrome/70.0.3538.110 Safari/537.36"
218.247.220.196 - - [03/Dec/2018:20:10:07 +0800] "GET /assets/js/20.c994f325.js HTTP/2.0" 200 8755 "https://wyydsb.xin/" "Mozilla/5.0 (Macintosh; Intel Mac OS X 10_14_2) AppleWebKit/537.36 (KHTML, like Gecko) Chrome/70.0.3538.110 Safari/537.36"
139.180.201.217 - - [03/Dec/2018:20:10:08 +0800] "GET /assets/js/46.575cef32.js HTTP/2.0" 200 32814 "https://www.wyydsb.xin/" "Mozilla/5.0 (Macintosh; Intel Mac OS X 10_14_2) AppleWebKit/537.36 (KHTML, like Gecko) Chrome/70.0.3538.110 Safari/537.36"
139.180.201.217 - - [03/Dec/2018:20:10:08 +0800] "GET /assets/js/47.b8fb0739.js HTTP/2.0" 200 20983 "https://www.wyydsb.xin/" "Mozilla/5.0 (Macintosh; Intel Mac OS X 10_14_2) AppleWebKit/537.36 (KHTML, like Gecko) Chrome/70.0.3538.110 Safari/537.36"
139.180.201.217 - - [03/Dec/2018:20:10:08 +0800] "GET /assets/js/48.a242e4c1.js HTTP/2.0" 200 13842 "https://www.wyydsb.xin/" "Mozilla/5.0 (Macintosh; Intel Mac OS X 10_14_2) AppleWebKit/537.36 (KHTML, like Gecko) Chrome/70.0.3538.110 Safari/537.36"
139.180.201.217 - - [03/Dec/2018:20:10:08 +0800] "GET /assets/js/49.74d3856a.js HTTP/2.0" 200 17756 "https://www.wyydsb.xin/" "Mozilla/5.0 (Macintosh; Intel Mac OS X 10_14_2) AppleWebKit/537.36 (KHTML, like Gecko) Chrome/70.0.3538.110 Safari/537.36"
139.180.201.217 - - [03/Dec/2018:20:10:08 +0800] "GET /assets/js/5.a284cadd.js HTTP/2.0" 200 43365 "https://www.wyydsb.xin/" "Mozilla/5.0 (Macintosh; Intel Mac OS X 10_14_2) AppleWebKit/537.36 (KHTML, like Gecko) Chrome/70.0.3538.110 Safari/537.36"
139.180.201.217 - - [03/Dec/2018:20:10:08 +0800] "GET /assets/js/50.ce3018e7.js HTTP/2.0" 200 37868 "https://www.wyydsb.xin/" "Mozilla/5.0 (Macintosh; Intel Mac OS X 10_14_2) AppleWebKit/537.36 (KHTML, like Gecko) Chrome/70.0.3538.110 Safari/537.36"
139.180.201.217 - - [03/Dec/2018:20:10:08 +0800] "GET /assets/js/51.0fec99b8.js HTTP/2.0" 200 21102 "https://www.wyydsb.xin/" "Mozilla/5.0 (Macintosh; Intel Mac OS X 10_14_2) AppleWebKit/537.36 (KHTML, like Gecko) Chrome/70.0.3538.110 Safari/537.36"
139.180.201.217 - - [03/Dec/2018:20:10:08 +0800] "GET /assets/js/52.04945c3c.js HTTP/2.0" 200 15813 "https://www.wyydsb.xin/" "Mozilla/5.0 (Macintosh; Intel Mac OS X 10_14_2) AppleWebKit/537.36 (KHTML, like Gecko) Chrome/70.0.3538.110 Safari/537.36"
139.180.201.217 - - [03/Dec/2018:20:10:08 +0800] "GET /assets/js/53.4756ea03.js HTTP/2.0" 200 41040 "https://www.wyydsb.xin/" "Mozilla/5.0 (Macintosh; Intel Mac OS X 10_14_2) AppleWebKit/537.36 (KHTML, like Gecko) Chrome/70.0.3538.110 Safari/537.36"
139.180.201.217 - - [03/Dec/2018:20:10:10 +0800] "GET /assets/js/54.49bdb11f.js HTTP/2.0" 200 34601 "https://www.wyydsb.xin/" "Mozilla/5.0 (Macintosh; Intel Mac OS X 10_14_2) AppleWebKit/537.36 (KHTML, like Gecko) Chrome/70.0.3538.110 Safari/537.36"
139.180.201.217 - - [03/Dec/2018:20:10:10 +0800] "GET /assets/js/55.79ec627c.js HTTP/2.0" 200 56085 "https://www.wyydsb.xin/" "Mozilla/5.0 (Macintosh; Intel Mac OS X 10_14_2) AppleWebKit/537.36 (KHTML, like Gecko) Chrome/70.0.3538.110 Safari/537.36"
139.180.201.217 - - [03/Dec/2018:20:10:10 +0800] "GET /assets/js/56.eb6c57d1.js HTTP/2.0" 200 60530 "https://www.wyydsb.xin/" "Mozilla/5.0 (Macintosh; Intel Mac OS X 10_14_2) AppleWebKit/537.36 (KHTML, like Gecko) Chrome/70.0.3538.110 Safari/537.36"
139.180.201.217 - - [03/Dec/2018:20:10:10 +0800] "GET /assets/js/58.c3ea903f.js HTTP/2.0" 200 5218 "https://www.wyydsb.xin/" "Mozilla/5.0 (Macintosh; Intel Mac OS X 10_14_2) AppleWebKit/537.36 (KHTML, like Gecko) Chrome/70.0.3538.110 Safari/537.36"
139.180.201.217 - - [03/Dec/2018:20:10:10 +0800] "GET /assets/js/59.b2be2e68.js HTTP/2.0" 200 294 "https://www.wyydsb.xin/" "Mozilla/5.0 (Macintosh; Intel Mac OS X 10_14_2) AppleWebKit/537.36 (KHTML, like Gecko) Chrome/70.0.3538.110 Safari/537.36"
218.247.220.196 - - [03/Dec/2018:20:10:12 +0800] "GET /assets/js/21.e684dfec.js HTTP/2.0" 200 149075 "https://wyydsb.xin/" "Mozilla/5.0 (Macintosh; Intel Mac OS X 10_14_2) AppleWebKit/537.36 (KHTML, like Gecko) Chrome/70.0.3538.110 Safari/537.36"
139.180.201.217 - - [03/Dec/2018:20:10:13 +0800] "GET /assets/js/6.c9f46d67.js HTTP/2.0" 200 70256 "https://www.wyydsb.xin/" "Mozilla/5.0 (Macintosh; Intel Mac OS X 10_14_2) AppleWebKit/537.36 (KHTML, like Gecko) Chrome/70.0.3538.110 Safari/537.36"
139.180.201.217 - - [03/Dec/2018:20:10:13 +0800] "GET /favicon.ico HTTP/2.0" 200 38549 "https://www.wyydsb.xin/" "Mozilla/5.0 (Macintosh; Intel Mac OS X 10_14_2) AppleWebKit/537.36 (KHTML, like Gecko) Chrome/70.0.3538.110 Safari/537.36"
139.180.201.217 - - [03/Dec/2018:20:10:13 +0800] "GET /service-worker.js HTTP/2.0" 200 16192 "https://www.wyydsb.xin/service-worker.js" "Mozilla/5.0 (Macintosh; Intel Mac OS X 10_14_2) AppleWebKit/537.36 (KHTML, like Gecko) Chrome/70.0.3538.110 Safari/537.36"
139.180.201.217 - - [03/Dec/2018:20:10:13 +0800] "GET /assets/fonts/Roboto-Bold.39b2c303.woff2 HTTP/2.0" 200 49976 "https://www.wyydsb.xin/assets/css/styles.37bfc49e.css" "Mozilla/5.0 (Macintosh; Intel Mac OS X 10_14_2) AppleWebKit/537.36 (KHTML, like Gecko) Chrome/70.0.3538.110 Safari/537.36"
139.180.201.217 - - [03/Dec/2018:20:10:13 +0800] "GET /assets/js/57.6f5d2e00.js HTTP/2.0" 200 71406 "https://www.wyydsb.xin/" "Mozilla/5.0 (Macintosh; Intel Mac OS X 10_14_2) AppleWebKit/537.36 (KHTML, like Gecko) Chrome/70.0.3538.110 Safari/537.36"
139.180.201.217 - - [03/Dec/2018:20:10:13 +0800] "GET /assets/js/7.badf645f.js HTTP/2.0" 200 22782 "https://www.wyydsb.xin/" "Mozilla/5.0 (Macintosh; Intel Mac OS X 10_14_2) AppleWebKit/537.36 (KHTML, like Gecko) Chrome/70.0.3538.110 Safari/537.36"
139.180.201.217 - - [03/Dec/2018:20:10:13 +0800] "GET /assets/js/8.2038a084.js HTTP/2.0" 200 5973 "https://www.wyydsb.xin/" "Mozilla/5.0 (Macintosh; Intel Mac OS X 10_14_2) AppleWebKit/537.36 (KHTML, like Gecko) Chrome/70.0.3538.110 Safari/537.36"
139.180.201.217 - - [03/Dec/2018:20:10:15 +0800] "GET /assets/js/9.9e2612b6.js HTTP/2.0" 200 211737 "https://www.wyydsb.xin/" "Mozilla/5.0 (Macintosh; Intel Mac OS X 10_14_2) AppleWebKit/537.36 (KHTML, like Gecko) Chrome/70.0.3538.110 Safari/537.36"
218.247.220.196 - - [03/Dec/2018:20:10:16 +0800] "GET /assets/js/37.f0058512.js HTTP/2.0" 200 0 "https://wyydsb.xin/" "Mozilla/5.0 (Macintosh; Intel Mac OS X 10_14_2) AppleWebKit/537.36 (KHTML, like Gecko) Chrome/70.0.3538.110 Safari/537.36"
218.247.220.196 - - [03/Dec/2018:20:10:16 +0800] "GET /assets/js/34.cc4742ab.js HTTP/2.0" 200 0 "https://wyydsb.xin/" "Mozilla/5.0 (Macintosh; Intel Mac OS X 10_14_2) AppleWebKit/537.36 (KHTML, like Gecko) Chrome/70.0.3538.110 Safari/537.36"
218.247.220.196 - - [03/Dec/2018:20:10:16 +0800] "GET /assets/js/28.9257e043.js HTTP/2.0" 200 0 "https://wyydsb.xin/" "Mozilla/5.0 (Macintosh; Intel Mac OS X 10_14_2) AppleWebKit/537.36 (KHTML, like Gecko) Chrome/70.0.3538.110 Safari/537.36"
218.247.220.196 - - [03/Dec/2018:20:10:16 +0800] "GET /assets/js/54.49bdb11f.js HTTP/2.0" 200 0 "https://wyydsb.xin/" "Mozilla/5.0 (Macintosh; Intel Mac OS X 10_14_2) AppleWebKit/537.36 (KHTML, like Gecko) Chrome/70.0.3538.110 Safari/537.36"
218.247.220.196 - - [03/Dec/2018:20:10:16 +0800] "GET /assets/js/38.fa3a1ba0.js HTTP/2.0" 200 0 "https://wyydsb.xin/" "Mozilla/5.0 (Macintosh; Intel Mac OS X 10_14_2) AppleWebKit/537.36 (KHTML, like Gecko) Chrome/70.0.3538.110 Safari/537.36"
218.247.220.196 - - [03/Dec/2018:20:10:16 +0800] "GET /assets/js/33.3e35941e.js HTTP/2.0" 200 0 "https://wyydsb.xin/" "Mozilla/5.0 (Macintosh; Intel Mac OS X 10_14_2) AppleWebKit/537.36 (KHTML, like Gecko) Chrome/70.0.3538.110 Safari/537.36"
218.247.220.196 - - [03/Dec/2018:20:10:16 +0800] "GET /assets/js/8.2038a084.js HTTP/2.0" 200 0 "https://wyydsb.xin/" "Mozilla/5.0 (Macintosh; Intel Mac OS X 10_14_2) AppleWebKit/537.36 (KHTML, like Gecko) Chrome/70.0.3538.110 Safari/537.36"
218.247.220.196 - - [03/Dec/2018:20:10:16 +0800] "GET /assets/js/4.386e5ffc.js HTTP/2.0" 200 0 "https://wyydsb.xin/" "Mozilla/5.0 (Macintosh; Intel Mac OS X 10_14_2) AppleWebKit/537.36 (KHTML, like Gecko) Chrome/70.0.3538.110 Safari/537.36"
218.247.220.196 - - [03/Dec/2018:20:10:16 +0800] "GET /assets/js/45.f51394a3.js HTTP/2.0" 200 0 "https://wyydsb.xin/" "Mozilla/5.0 (Macintosh; Intel Mac OS X 10_14_2) AppleWebKit/537.36 (KHTML, like Gecko) Chrome/70.0.3538.110 Safari/537.36"
218.247.220.196 - - [03/Dec/2018:20:10:16 +0800] "GET /assets/js/41.6e002add.js HTTP/2.0" 200 0 "https://wyydsb.xin/" "Mozilla/5.0 (Macintosh; Intel Mac OS X 10_14_2) AppleWebKit/537.36 (KHTML, like Gecko) Chrome/70.0.3538.110 Safari/537.36"
218.247.220.196 - - [03/Dec/2018:20:10:16 +0800] "GET /assets/js/5.a284cadd.js HTTP/2.0" 200 0 "https://wyydsb.xin/" "Mozilla/5.0 (Macintosh; Intel Mac OS X 10_14_2) AppleWebKit/537.36 (KHTML, like Gecko) Chrome/70.0.3538.110 Safari/537.36"
218.247.220.196 - - [03/Dec/2018:20:10:16 +0800] "GET /assets/js/36.6f0daf95.js HTTP/2.0" 200 0 "https://wyydsb.xin/" "Mozilla/5.0 (Macintosh; Intel Mac OS X 10_14_2) AppleWebKit/537.36 (KHTML, like Gecko) Chrome/70.0.3538.110 Safari/537.36"
218.247.220.196 - - [03/Dec/2018:20:10:16 +0800] "GET /assets/js/42.dca3828a.js HTTP/2.0" 200 0 "https://wyydsb.xin/" "Mozilla/5.0 (Macintosh; Intel Mac OS X 10_14_2) AppleWebKit/537.36 (KHTML, like Gecko) Chrome/70.0.3538.110 Safari/537.36"
218.247.220.196 - - [03/Dec/2018:20:10:16 +0800] "GET /assets/js/46.575cef32.js HTTP/2.0" 200 0 "https://wyydsb.xin/" "Mozilla/5.0 (Macintosh; Intel Mac OS X 10_14_2) AppleWebKit/537.36 (KHTML, like Gecko) Chrome/70.0.3538.110 Safari/537.36"
218.247.220.196 - - [03/Dec/2018:20:10:16 +0800] "GET /assets/js/29.f5c9e3a6.js HTTP/2.0" 200 0 "https://wyydsb.xin/" "Mozilla/5.0 (Macintosh; Intel Mac OS X 10_14_2) AppleWebKit/537.36 (KHTML, like Gecko) Chrome/70.0.3538.110 Safari/537.36"
218.247.220.196 - - [03/Dec/2018:20:10:16 +0800] "GET /assets/js/32.67090676.js HTTP/2.0" 200 0 "https://wyydsb.xin/" "Mozilla/5.0 (Macintosh; Intel Mac OS X 10_14_2) AppleWebKit/537.36 (KHTML, like Gecko) Chrome/70.0.3538.110 Safari/537.36"
218.247.220.196 - - [03/Dec/2018:20:10:16 +0800] "GET /assets/js/27.0c103202.js HTTP/2.0" 200 0 "https://wyydsb.xin/" "Mozilla/5.0 (Macintosh; Intel Mac OS X 10_14_2) AppleWebKit/537.36 (KHTML, like Gecko) Chrome/70.0.3538.110 Safari/537.36"
218.247.220.196 - - [03/Dec/2018:20:10:16 +0800] "GET /assets/js/59.b2be2e68.js HTTP/2.0" 200 0 "https://wyydsb.xin/" "Mozilla/5.0 (Macintosh; Intel Mac OS X 10_14_2) AppleWebKit/537.36 (KHTML, like Gecko) Chrome/70.0.3538.110 Safari/537.36"
218.247.220.196 - - [03/Dec/2018:20:10:16 +0800] "GET /assets/js/7.badf645f.js HTTP/2.0" 200 0 "https://wyydsb.xin/" "Mozilla/5.0 (Macintosh; Intel Mac OS X 10_14_2) AppleWebKit/537.36 (KHTML, like Gecko) Chrome/70.0.3538.110 Safari/537.36"
218.247.220.196 - - [03/Dec/2018:20:10:16 +0800] "GET /assets/js/49.74d3856a.js HTTP/2.0" 200 0 "https://wyydsb.xin/" "Mozilla/5.0 (Macintosh; Intel Mac OS X 10_14_2) AppleWebKit/537.36 (KHTML, like Gecko) Chrome/70.0.3538.110 Safari/537.36"
218.247.220.196 - - [03/Dec/2018:20:10:16 +0800] "GET /assets/js/48.a242e4c1.js HTTP/2.0" 200 0 "https://wyydsb.xin/" "Mozilla/5.0 (Macintosh; Intel Mac OS X 10_14_2) AppleWebKit/537.36 (KHTML, like Gecko) Chrome/70.0.3538.110 Safari/537.36"
218.247.220.196 - - [03/Dec/2018:20:10:16 +0800] "GET /assets/js/24.349aef35.js HTTP/2.0" 200 0 "https://wyydsb.xin/" "Mozilla/5.0 (Macintosh; Intel Mac OS X 10_14_2) AppleWebKit/537.36 (KHTML, like Gecko) Chrome/70.0.3538.110 Safari/537.36"
218.247.220.196 - - [03/Dec/2018:20:10:16 +0800] "GET /assets/js/55.79ec627c.js HTTP/2.0" 200 0 "https://wyydsb.xin/" "Mozilla/5.0 (Macintosh; Intel Mac OS X 10_14_2) AppleWebKit/537.36 (KHTML, like Gecko) Chrome/70.0.3538.110 Safari/537.36"
218.247.220.196 - - [03/Dec/2018:20:10:16 +0800] "GET /assets/js/26.209c359f.js HTTP/2.0" 200 0 "https://wyydsb.xin/" "Mozilla/5.0 (Macintosh; Intel Mac OS X 10_14_2) AppleWebKit/537.36 (KHTML, like Gecko) Chrome/70.0.3538.110 Safari/537.36"
218.247.220.196 - - [03/Dec/2018:20:10:16 +0800] "GET /assets/js/44.2cb402bf.js HTTP/2.0" 200 0 "https://wyydsb.xin/" "Mozilla/5.0 (Macintosh; Intel Mac OS X 10_14_2) AppleWebKit/537.36 (KHTML, like Gecko) Chrome/70.0.3538.110 Safari/537.36"
218.247.220.196 - - [03/Dec/2018:20:10:16 +0800] "GET /assets/js/51.0fec99b8.js HTTP/2.0" 200 0 "https://wyydsb.xin/" "Mozilla/5.0 (Macintosh; Intel Mac OS X 10_14_2) AppleWebKit/537.36 (KHTML, like Gecko) Chrome/70.0.3538.110 Safari/537.36"
218.247.220.196 - - [03/Dec/2018:20:10:16 +0800] "GET /assets/js/43.6c93d380.js HTTP/2.0" 200 0 "https://wyydsb.xin/" "Mozilla/5.0 (Macintosh; Intel Mac OS X 10_14_2) AppleWebKit/537.36 (KHTML, like Gecko) Chrome/70.0.3538.110 Safari/537.36"
218.247.220.196 - - [03/Dec/2018:20:10:16 +0800] "GET /assets/js/31.54824b8a.js HTTP/2.0" 200 0 "https://wyydsb.xin/" "Mozilla/5.0 (Macintosh; Intel Mac OS X 10_14_2) AppleWebKit/537.36 (KHTML, like Gecko) Chrome/70.0.3538.110 Safari/537.36"
218.247.220.196 - - [03/Dec/2018:20:10:16 +0800] "GET /assets/js/6.c9f46d67.js HTTP/2.0" 200 0 "https://wyydsb.xin/" "Mozilla/5.0 (Macintosh; Intel Mac OS X 10_14_2) AppleWebKit/537.36 (KHTML, like Gecko) Chrome/70.0.3538.110 Safari/537.36"
218.247.220.196 - - [03/Dec/2018:20:10:16 +0800] "GET /assets/js/50.ce3018e7.js HTTP/2.0" 200 0 "https://wyydsb.xin/" "Mozilla/5.0 (Macintosh; Intel Mac OS X 10_14_2) AppleWebKit/537.36 (KHTML, like Gecko) Chrome/70.0.3538.110 Safari/537.36"
218.247.220.196 - - [03/Dec/2018:20:10:16 +0800] "GET /assets/js/52.04945c3c.js HTTP/2.0" 200 0 "https://wyydsb.xin/" "Mozilla/5.0 (Macintosh; Intel Mac OS X 10_14_2) AppleWebKit/537.36 (KHTML, like Gecko) Chrome/70.0.3538.110 Safari/537.36"
218.247.220.196 - - [03/Dec/2018:20:10:16 +0800] "GET /assets/js/56.eb6c57d1.js HTTP/2.0" 200 0 "https://wyydsb.xin/" "Mozilla/5.0 (Macintosh; Intel Mac OS X 10_14_2) AppleWebKit/537.36 (KHTML, like Gecko) Chrome/70.0.3538.110 Safari/537.36"
218.247.220.196 - - [03/Dec/2018:20:10:16 +0800] "GET /assets/js/3.b1bd87c8.js HTTP/2.0" 200 0 "https://wyydsb.xin/" "Mozilla/5.0 (Macintosh; Intel Mac OS X 10_14_2) AppleWebKit/537.36 (KHTML, like Gecko) Chrome/70.0.3538.110 Safari/537.36"
218.247.220.196 - - [03/Dec/2018:20:10:16 +0800] "GET /assets/js/58.c3ea903f.js HTTP/2.0" 200 0 "https://wyydsb.xin/" "Mozilla/5.0 (Macintosh; Intel Mac OS X 10_14_2) AppleWebKit/537.36 (KHTML, like Gecko) Chrome/70.0.3538.110 Safari/537.36"
218.247.220.196 - - [03/Dec/2018:20:10:16 +0800] "GET /assets/js/23.cac7e9ec.js HTTP/2.0" 200 0 "https://wyydsb.xin/" "Mozilla/5.0 (Macintosh; Intel Mac OS X 10_14_2) AppleWebKit/537.36 (KHTML, like Gecko) Chrome/70.0.3538.110 Safari/537.36"
218.247.220.196 - - [03/Dec/2018:20:10:16 +0800] "GET /assets/js/39.f8e504f2.js HTTP/2.0" 200 0 "https://wyydsb.xin/" "Mozilla/5.0 (Macintosh; Intel Mac OS X 10_14_2) AppleWebKit/537.36 (KHTML, like Gecko) Chrome/70.0.3538.110 Safari/537.36"
218.247.220.196 - - [03/Dec/2018:20:10:16 +0800] "GET /assets/js/53.4756ea03.js HTTP/2.0" 200 0 "https://wyydsb.xin/" "Mozilla/5.0 (Macintosh; Intel Mac OS X 10_14_2) AppleWebKit/537.36 (KHTML, like Gecko) Chrome/70.0.3538.110 Safari/537.36"
218.247.220.196 - - [03/Dec/2018:20:10:16 +0800] "GET /assets/js/30.b0ac18e7.js HTTP/2.0" 200 0 "https://wyydsb.xin/" "Mozilla/5.0 (Macintosh; Intel Mac OS X 10_14_2) AppleWebKit/537.36 (KHTML, like Gecko) Chrome/70.0.3538.110 Safari/537.36"
218.247.220.196 - - [03/Dec/2018:20:10:16 +0800] "GET /assets/js/57.6f5d2e00.js HTTP/2.0" 200 0 "https://wyydsb.xin/" "Mozilla/5.0 (Macintosh; Intel Mac OS X 10_14_2) AppleWebKit/537.36 (KHTML, like Gecko) Chrome/70.0.3538.110 Safari/537.36"
218.247.220.196 - - [03/Dec/2018:20:10:16 +0800] "GET /assets/js/47.b8fb0739.js HTTP/2.0" 200 0 "https://wyydsb.xin/" "Mozilla/5.0 (Macintosh; Intel Mac OS X 10_14_2) AppleWebKit/537.36 (KHTML, like Gecko) Chrome/70.0.3538.110 Safari/537.36"
218.247.220.196 - - [03/Dec/2018:20:10:16 +0800] "GET /assets/js/25.cd3243cf.js HTTP/2.0" 200 0 "https://wyydsb.xin/" "Mozilla/5.0 (Macintosh; Intel Mac OS X 10_14_2) AppleWebKit/537.36 (KHTML, like Gecko) Chrome/70.0.3538.110 Safari/537.36"
218.247.220.196 - - [03/Dec/2018:20:10:16 +0800] "GET /assets/js/35.7d80aad2.js HTTP/2.0" 200 0 "https://wyydsb.xin/" "Mozilla/5.0 (Macintosh; Intel Mac OS X 10_14_2) AppleWebKit/537.36 (KHTML, like Gecko) Chrome/70.0.3538.110 Safari/537.36"
218.247.220.196 - - [03/Dec/2018:20:10:16 +0800] "GET /assets/js/9.9e2612b6.js HTTP/2.0" 200 0 "https://wyydsb.xin/" "Mozilla/5.0 (Macintosh; Intel Mac OS X 10_14_2) AppleWebKit/537.36 (KHTML, like Gecko) Chrome/70.0.3538.110 Safari/537.36"
218.247.220.196 - - [03/Dec/2018:20:10:16 +0800] "GET /assets/js/40.71b674bd.js HTTP/2.0" 200 0 "https://wyydsb.xin/" "Mozilla/5.0 (Macintosh; Intel Mac OS X 10_14_2) AppleWebKit/537.36 (KHTML, like Gecko) Chrome/70.0.3538.110 Safari/537.36"
218.247.220.196 - - [03/Dec/2018:20:10:17 +0800] "GET /assets/js/22.61ba77e5.js HTTP/2.0" 200 57344 "https://wyydsb.xin/" "Mozilla/5.0 (Macintosh; Intel Mac OS X 10_14_2) AppleWebKit/537.36 (KHTML, like Gecko) Chrome/70.0.3538.110 Safari/537.36"
139.180.201.217 - - [03/Dec/2018:20:10:23 +0800] "GET /404.html HTTP/2.0" 200 5394 "https://www.wyydsb.xin/service-worker.js" "Mozilla/5.0 (Macintosh; Intel Mac OS X 10_14_2) AppleWebKit/537.36 (KHTML, like Gecko) Chrome/70.0.3538.110 Safari/537.36"
139.180.201.217 - - [03/Dec/2018:20:10:23 +0800] "GET /assets/css/1.styles.10a0deed.css HTTP/2.0" 200 0 "https://www.wyydsb.xin/service-worker.js" "Mozilla/5.0 (Macintosh; Intel Mac OS X 10_14_2) AppleWebKit/537.36 (KHTML, like Gecko) Chrome/70.0.3538.110 Safari/537.36"
139.180.201.217 - - [03/Dec/2018:20:10:23 +0800] "GET /assets/css/styles.37bfc49e.css HTTP/2.0" 200 296312 "https://www.wyydsb.xin/service-worker.js" "Mozilla/5.0 (Macintosh; Intel Mac OS X 10_14_2) AppleWebKit/537.36 (KHTML, like Gecko) Chrome/70.0.3538.110 Safari/537.36"
139.180.201.217 - - [03/Dec/2018:20:10:23 +0800] "GET /assets/fonts/fa-brands-400.030846b7.woff HTTP/2.0" 200 71560 "https://www.wyydsb.xin/service-worker.js" "Mozilla/5.0 (Macintosh; Intel Mac OS X 10_14_2) AppleWebKit/537.36 (KHTML, like Gecko) Chrome/70.0.3538.110 Safari/537.36"
139.180.201.217 - - [03/Dec/2018:20:10:23 +0800] "GET /assets/fonts/fa-brands-400.3f5a250e.ttf HTTP/2.0" 200 111384 "https://www.wyydsb.xin/service-worker.js" "Mozilla/5.0 (Macintosh; Intel Mac OS X 10_14_2) AppleWebKit/537.36 (KHTML, like Gecko) Chrome/70.0.3538.110 Safari/537.36"
139.180.201.217 - - [03/Dec/2018:20:10:23 +0800] "GET /assets/fonts/fa-brands-400.4291d4b6.eot HTTP/2.0" 200 111620 "https://www.wyydsb.xin/service-worker.js" "Mozilla/5.0 (Macintosh; Intel Mac OS X 10_14_2) AppleWebKit/537.36 (KHTML, like Gecko) Chrome/70.0.3538.110 Safari/537.36"
139.180.201.217 - - [03/Dec/2018:20:10:23 +0800] "GET /assets/fonts/fa-brands-400.65e3be4e.woff2 HTTP/2.0" 200 61336 "https://www.wyydsb.xin/service-worker.js" "Mozilla/5.0 (Macintosh; Intel Mac OS X 10_14_2) AppleWebKit/537.36 (KHTML, like Gecko) Chrome/70.0.3538.110 Safari/537.36"
139.180.201.217 - - [03/Dec/2018:20:10:23 +0800] "GET /assets/fonts/fa-regular-400.222941bf.woff HTTP/2.0" 200 14724 "https://www.wyydsb.xin/service-worker.js" "Mozilla/5.0 (Macintosh; Intel Mac OS X 10_14_2) AppleWebKit/537.36 (KHTML, like Gecko) Chrome/70.0.3538.110 Safari/537.36"
139.180.201.217 - - [03/Dec/2018:20:10:23 +0800] "GET /assets/fonts/fa-regular-400.6bf2d6c8.ttf HTTP/2.0" 200 31044 "https://www.wyydsb.xin/service-worker.js" "Mozilla/5.0 (Macintosh; Intel Mac OS X 10_14_2) AppleWebKit/537.36 (KHTML, like Gecko) Chrome/70.0.3538.110 Safari/537.36"
139.180.201.217 - - [03/Dec/2018:20:10:23 +0800] "GET /assets/fonts/fa-regular-400.914437d6.woff2 HTTP/2.0" 200 12168 "https://www.wyydsb.xin/service-worker.js" "Mozilla/5.0 (Macintosh; Intel Mac OS X 10_14_2) AppleWebKit/537.36 (KHTML, like Gecko) Chrome/70.0.3538.110 Safari/537.36"
139.180.201.217 - - [03/Dec/2018:20:10:23 +0800] "GET /assets/fonts/fa-regular-400.d30b8018.eot HTTP/2.0" 200 31272 "https://www.wyydsb.xin/service-worker.js" "Mozilla/5.0 (Macintosh; Intel Mac OS X 10_14_2) AppleWebKit/537.36 (KHTML, like Gecko) Chrome/70.0.3538.110 Safari/537.36"
139.180.201.217 - - [03/Dec/2018:20:10:24 +0800] "GET /assets/fonts/fa-solid-900.140f4148.woff HTTP/2.0" 200 63836 "https://www.wyydsb.xin/service-worker.js" "Mozilla/5.0 (Macintosh; Intel Mac OS X 10_14_2) AppleWebKit/537.36 (KHTML, like Gecko) Chrome/70.0.3538.110 Safari/537.36"
139.180.201.217 - - [03/Dec/2018:20:10:24 +0800] "GET /assets/fonts/fa-solid-900.813b8aee.woff2 HTTP/2.0" 200 50388 "https://www.wyydsb.xin/service-worker.js" "Mozilla/5.0 (Macintosh; Intel Mac OS X 10_14_2) AppleWebKit/537.36 (KHTML, like Gecko) Chrome/70.0.3538.110 Safari/537.36"
139.180.201.217 - - [03/Dec/2018:20:10:26 +0800] "GET /assets/fonts/Roboto-Bold.39b2c303.woff2 HTTP/2.0" 200 49976 "https://www.wyydsb.xin/service-worker.js" "Mozilla/5.0 (Macintosh; Intel Mac OS X 10_14_2) AppleWebKit/537.36 (KHTML, like Gecko) Chrome/70.0.3538.110 Safari/537.36"
139.180.201.217 - - [03/Dec/2018:20:10:26 +0800] "GET /assets/fonts/Roboto-Bold.dc81817d.woff HTTP/2.0" 200 62876 "https://www.wyydsb.xin/service-worker.js" "Mozilla/5.0 (Macintosh; Intel Mac OS X 10_14_2) AppleWebKit/537.36 (KHTML, like Gecko) Chrome/70.0.3538.110 Safari/537.36"
139.180.201.217 - - [03/Dec/2018:20:10:28 +0800] "GET /assets/fonts/fa-solid-900.4910ec73.eot HTTP/2.0" 200 133140 "https://www.wyydsb.xin/service-worker.js" "Mozilla/5.0 (Macintosh; Intel Mac OS X 10_14_2) AppleWebKit/537.36 (KHTML, like Gecko) Chrome/70.0.3538.110 Safari/537.36"
139.180.201.217 - - [03/Dec/2018:20:10:28 +0800] "GET /assets/fonts/fa-solid-900.e57e108a.ttf HTTP/2.0" 200 132920 "https://www.wyydsb.xin/service-worker.js" "Mozilla/5.0 (Macintosh; Intel Mac OS X 10_14_2) AppleWebKit/537.36 (KHTML, like Gecko) Chrome/70.0.3538.110 Safari/537.36"
139.180.201.217 - - [03/Dec/2018:20:10:28 +0800] "GET /assets/fonts/Roboto-Light.3b813c2a.woff HTTP/2.0" 200 62316 "https://www.wyydsb.xin/service-worker.js" "Mozilla/5.0 (Macintosh; Intel Mac OS X 10_14_2) AppleWebKit/537.36 (KHTML, like Gecko) Chrome/70.0.3538.110 Safari/537.36"
139.180.201.217 - - [03/Dec/2018:20:10:28 +0800] "GET /assets/fonts/Roboto-Light.69f8a061.woff2 HTTP/2.0" 200 49380 "https://www.wyydsb.xin/service-worker.js" "Mozilla/5.0 (Macintosh; Intel Mac OS X 10_14_2) AppleWebKit/537.36 (KHTML, like Gecko) Chrome/70.0.3538.110 Safari/537.36"
111.19.120.236 - - [03/Dec/2018:20:10:30 +0800] "GET / HTTP/2.0" 200 13417 "-" "Mozilla/5.0 (Linux; Android 9.0; BKL-AL20 Build/HUAWEIBKL-AL20; wv) AppleWebKit/537.36 (KHTML, like Gecko) Version/4.0 Chrome/57.0.2987.132 MQQBrowser/6.2 TBS/044306 Mobile Safari/537.36 V1_AND_SQ_7.9.0_954_YYB_D QQ/7.9.0.3820 NetType/WIFI WebP/0.3.0 Pixel/1080 StatusBarHeight/72"
139.180.201.217 - - [03/Dec/2018:20:10:30 +0800] "GET /assets/fonts/Roboto-Medium.574fd0b5.woff2 HTTP/2.0" 200 50224 "https://www.wyydsb.xin/service-worker.js" "Mozilla/5.0 (Macintosh; Intel Mac OS X 10_14_2) AppleWebKit/537.36 (KHTML, like Gecko) Chrome/70.0.3538.110 Safari/537.36"
139.180.201.217 - - [03/Dec/2018:20:10:30 +0800] "GET /assets/fonts/Roboto-Bold.e31fcf18.ttf HTTP/2.0" 200 127744 "https://www.wyydsb.xin/service-worker.js" "Mozilla/5.0 (Macintosh; Intel Mac OS X 10_14_2) AppleWebKit/537.36 (KHTML, like Gecko) Chrome/70.0.3538.110 Safari/537.36"
139.180.201.217 - - [03/Dec/2018:20:10:30 +0800] "GET /assets/fonts/Roboto-Light.46e48ce0.ttf HTTP/2.0" 200 126792 "https://www.wyydsb.xin/service-worker.js" "Mozilla/5.0 (Macintosh; Intel Mac OS X 10_14_2) AppleWebKit/537.36 (KHTML, like Gecko) Chrome/70.0.3538.110 Safari/537.36"
111.19.120.236 - - [03/Dec/2018:20:10:32 +0800] "GET /assets/css/styles.37bfc49e.css HTTP/2.0" 200 296312 "https://www.wyydsb.xin/" "Mozilla/5.0 (Linux; Android 9.0; BKL-AL20 Build/HUAWEIBKL-AL20; wv) AppleWebKit/537.36 (KHTML, like Gecko) Version/4.0 Chrome/57.0.2987.132 MQQBrowser/6.2 TBS/044306 Mobile Safari/537.36 V1_AND_SQ_7.9.0_954_YYB_D QQ/7.9.0.3820 NetType/WIFI WebP/0.3.0 Pixel/1080 StatusBarHeight/72"
139.180.201.217 - - [03/Dec/2018:20:10:36 +0800] "GET /assets/fonts/Roboto-Medium.fc78759e.woff HTTP/2.0" 200 62980 "https://www.wyydsb.xin/service-worker.js" "Mozilla/5.0 (Macintosh; Intel Mac OS X 10_14_2) AppleWebKit/537.36 (KHTML, like Gecko) Chrome/70.0.3538.110 Safari/537.36"
139.180.201.217 - - [03/Dec/2018:20:10:36 +0800] "GET /assets/fonts/Roboto-Medium.894a2ede.ttf HTTP/2.0" 200 127488 "https://www.wyydsb.xin/service-worker.js" "Mozilla/5.0 (Macintosh; Intel Mac OS X 10_14_2) AppleWebKit/537.36 (KHTML, like Gecko) Chrome/70.0.3538.110 Safari/537.36"
139.180.201.217 - - [03/Dec/2018:20:10:36 +0800] "GET /assets/fonts/Roboto-Regular.2751ee43.woff2 HTTP/2.0" 200 49236 "https://www.wyydsb.xin/service-worker.js" "Mozilla/5.0 (Macintosh; Intel Mac OS X 10_14_2) AppleWebKit/537.36 (KHTML, like Gecko) Chrome/70.0.3538.110 Safari/537.36"
139.180.201.217 - - [03/Dec/2018:20:10:36 +0800] "GET /assets/fonts/Roboto-Regular.ba3dcd89.woff HTTP/2.0" 200 61736 "https://www.wyydsb.xin/service-worker.js" "Mozilla/5.0 (Macintosh; Intel Mac OS X 10_14_2) AppleWebKit/537.36 (KHTML, like Gecko) Chrome/70.0.3538.110 Safari/537.36"
111.19.120.236 - - [03/Dec/2018:20:10:36 +0800] "GET /assets/js/app.37bfc49e.js HTTP/2.0" 200 338198 "https://www.wyydsb.xin/" "Mozilla/5.0 (Linux; Android 9.0; BKL-AL20 Build/HUAWEIBKL-AL20; wv) AppleWebKit/537.36 (KHTML, like Gecko) Version/4.0 Chrome/57.0.2987.132 MQQBrowser/6.2 TBS/044306 Mobile Safari/537.36 V1_AND_SQ_7.9.0_954_YYB_D QQ/7.9.0.3820 NetType/WIFI WebP/0.3.0 Pixel/1080 StatusBarHeight/72"
139.180.201.217 - - [03/Dec/2018:20:10:39 +0800] "GET /assets/fonts/Roboto-Thin.7500519d.woff HTTP/2.0" 200 61628 "https://www.wyydsb.xin/service-worker.js" "Mozilla/5.0 (Macintosh; Intel Mac OS X 10_14_2) AppleWebKit/537.36 (KHTML, like Gecko) Chrome/70.0.3538.110 Safari/537.36"
139.180.201.217 - - [03/Dec/2018:20:10:39 +0800] "GET /assets/fonts/Roboto-Thin.954bbdeb.woff2 HTTP/2.0" 200 48524 "https://www.wyydsb.xin/service-worker.js" "Mozilla/5.0 (Macintosh; Intel Mac OS X 10_14_2) AppleWebKit/537.36 (KHTML, like Gecko) Chrome/70.0.3538.110 Safari/537.36"
111.19.120.236 - - [03/Dec/2018:20:10:40 +0800] "GET / HTTP/2.0" 200 13417 "-" "Mozilla/5.0 (Linux; Android 9; BKL-AL20 Build/HUAWEIBKL-AL20; wv) AppleWebKit/537.36 (KHTML, like Gecko) Version/4.0 Chrome/68.0.3440.91 Mobile Safari/537.36"
139.180.201.217 - - [03/Dec/2018:20:10:41 +0800] "GET /assets/img/brand.56a8de2a.jpg HTTP/2.0" 200 47256 "https://www.wyydsb.xin/service-worker.js" "Mozilla/5.0 (Macintosh; Intel Mac OS X 10_14_2) AppleWebKit/537.36 (KHTML, like Gecko) Chrome/70.0.3538.110 Safari/537.36"
139.180.201.217 - - [03/Dec/2018:20:10:41 +0800] "GET /assets/fonts/Roboto-Regular.df7b648c.ttf HTTP/2.0" 200 126072 "https://www.wyydsb.xin/service-worker.js" "Mozilla/5.0 (Macintosh; Intel Mac OS X 10_14_2) AppleWebKit/537.36 (KHTML, like Gecko) Chrome/70.0.3538.110 Safari/537.36"
139.180.201.217 - - [03/Dec/2018:20:10:41 +0800] "GET /assets/fonts/Roboto-Thin.94998475.ttf HTTP/2.0" 200 127584 "https://www.wyydsb.xin/service-worker.js" "Mozilla/5.0 (Macintosh; Intel Mac OS X 10_14_2) AppleWebKit/537.36 (KHTML, like Gecko) Chrome/70.0.3538.110 Safari/537.36"
111.19.120.236 - - [03/Dec/2018:20:10:45 +0800] "GET /assets/css/styles.37bfc49e.css HTTP/2.0" 200 296312 "https://www.wyydsb.xin/" "Mozilla/5.0 (Linux; Android 9; BKL-AL20 Build/HUAWEIBKL-AL20; wv) AppleWebKit/537.36 (KHTML, like Gecko) Version/4.0 Chrome/68.0.3440.91 Mobile Safari/537.36"
111.19.120.236 - - [03/Dec/2018:20:10:45 +0800] "GET /assets/js/2.484d2a1e.js HTTP/2.0" 200 4328 "https://www.wyydsb.xin/" "Mozilla/5.0 (Linux; Android 9; BKL-AL20 Build/HUAWEIBKL-AL20; wv) AppleWebKit/537.36 (KHTML, like Gecko) Version/4.0 Chrome/68.0.3440.91 Mobile Safari/537.36"
139.180.201.217 - - [03/Dec/2018:20:10:46 +0800] "GET /assets/img/fa-regular-400.47d19eca.svg HTTP/2.0" 200 104530 "https://www.wyydsb.xin/service-worker.js" "Mozilla/5.0 (Macintosh; Intel Mac OS X 10_14_2) AppleWebKit/537.36 (KHTML, like Gecko) Chrome/70.0.3538.110 Safari/537.36"
139.180.201.217 - - [03/Dec/2018:20:10:46 +0800] "GET /assets/js/1.10a0deed.js HTTP/2.0" 200 82 "https://www.wyydsb.xin/service-worker.js" "Mozilla/5.0 (Macintosh; Intel Mac OS X 10_14_2) AppleWebKit/537.36 (KHTML, like Gecko) Chrome/70.0.3538.110 Safari/537.36"
139.180.201.217 - - [03/Dec/2018:20:10:46 +0800] "GET /assets/js/10.9b5443cf.js HTTP/2.0" 200 32697 "https://www.wyydsb.xin/service-worker.js" "Mozilla/5.0 (Macintosh; Intel Mac OS X 10_14_2) AppleWebKit/537.36 (KHTML, like Gecko) Chrome/70.0.3538.110 Safari/537.36"
139.180.201.217 - - [03/Dec/2018:20:10:46 +0800] "GET /assets/js/11.ca2faa45.js HTTP/2.0" 200 37316 "https://www.wyydsb.xin/service-worker.js" "Mozilla/5.0 (Macintosh; Intel Mac OS X 10_14_2) AppleWebKit/537.36 (KHTML, like Gecko) Chrome/70.0.3538.110 Safari/537.36"
139.180.201.217 - - [03/Dec/2018:20:10:46 +0800] "GET /assets/js/12.6317de74.js HTTP/2.0" 200 16623 "https://www.wyydsb.xin/service-worker.js" "Mozilla/5.0 (Macintosh; Intel Mac OS X 10_14_2) AppleWebKit/537.36 (KHTML, like Gecko) Chrome/70.0.3538.110 Safari/537.36"
139.180.201.217 - - [03/Dec/2018:20:10:46 +0800] "GET /assets/js/13.743e58f0.js HTTP/2.0" 200 31495 "https://www.wyydsb.xin/service-worker.js" "Mozilla/5.0 (Macintosh; Intel Mac OS X 10_14_2) AppleWebKit/537.36 (KHTML, like Gecko) Chrome/70.0.3538.110 Safari/537.36"
111.19.120.236 - - [03/Dec/2018:20:10:46 +0800] "GET /face.jpg HTTP/2.0" 200 34744 "https://www.wyydsb.xin/" "Mozilla/5.0 (Linux; Android 9; BKL-AL20 Build/HUAWEIBKL-AL20; wv) AppleWebKit/537.36 (KHTML, like Gecko) Version/4.0 Chrome/68.0.3440.91 Mobile Safari/537.36"
111.19.120.236 - - [03/Dec/2018:20:10:46 +0800] "GET /assets/css/1.styles.10a0deed.css HTTP/2.0" 200 0 "https://www.wyydsb.xin/" "Mozilla/5.0 (Linux; Android 9; BKL-AL20 Build/HUAWEIBKL-AL20; wv) AppleWebKit/537.36 (KHTML, like Gecko) Version/4.0 Chrome/68.0.3440.91 Mobile Safari/537.36"
111.19.120.236 - - [03/Dec/2018:20:10:46 +0800] "GET /assets/js/1.10a0deed.js HTTP/2.0" 200 82 "https://www.wyydsb.xin/" "Mozilla/5.0 (Linux; Android 9; BKL-AL20 Build/HUAWEIBKL-AL20; wv) AppleWebKit/537.36 (KHTML, like Gecko) Version/4.0 Chrome/68.0.3440.91 Mobile Safari/537.36"
139.180.201.217 - - [03/Dec/2018:20:10:49 +0800] "GET /assets/js/14.c670e3cc.js HTTP/2.0" 200 2190 "https://www.wyydsb.xin/service-worker.js" "Mozilla/5.0 (Macintosh; Intel Mac OS X 10_14_2) AppleWebKit/537.36 (KHTML, like Gecko) Chrome/70.0.3538.110 Safari/537.36"
111.19.120.236 - - [03/Dec/2018:20:10:49 +0800] "GET /assets/fonts/fa-solid-900.813b8aee.woff2 HTTP/2.0" 200 50388 "https://www.wyydsb.xin/assets/css/styles.37bfc49e.css" "Mozilla/5.0 (Linux; Android 9; BKL-AL20 Build/HUAWEIBKL-AL20; wv) AppleWebKit/537.36 (KHTML, like Gecko) Version/4.0 Chrome/68.0.3440.91 Mobile Safari/537.36"
111.19.120.236 - - [03/Dec/2018:20:10:49 +0800] "GET /assets/fonts/fa-brands-400.65e3be4e.woff2 HTTP/2.0" 200 61336 "https://www.wyydsb.xin/assets/css/styles.37bfc49e.css" "Mozilla/5.0 (Linux; Android 9; BKL-AL20 Build/HUAWEIBKL-AL20; wv) AppleWebKit/537.36 (KHTML, like Gecko) Version/4.0 Chrome/68.0.3440.91 Mobile Safari/537.36"
111.19.120.236 - - [03/Dec/2018:20:10:50 +0800] "GET /assets/fonts/Roboto-Regular.2751ee43.woff2 HTTP/2.0" 200 49236 "https://www.wyydsb.xin/assets/css/styles.37bfc49e.css" "Mozilla/5.0 (Linux; Android 9; BKL-AL20 Build/HUAWEIBKL-AL20; wv) AppleWebKit/537.36 (KHTML, like Gecko) Version/4.0 Chrome/68.0.3440.91 Mobile Safari/537.36"
111.19.120.236 - - [03/Dec/2018:20:10:51 +0800] "GET /assets/fonts/Roboto-Bold.39b2c303.woff2 HTTP/2.0" 200 49976 "https://www.wyydsb.xin/assets/css/styles.37bfc49e.css" "Mozilla/5.0 (Linux; Android 9; BKL-AL20 Build/HUAWEIBKL-AL20; wv) AppleWebKit/537.36 (KHTML, like Gecko) Version/4.0 Chrome/68.0.3440.91 Mobile Safari/537.36"
111.19.120.236 - - [03/Dec/2018:20:10:53 +0800] "GET /assets/fonts/Roboto-Medium.574fd0b5.woff2 HTTP/2.0" 200 50224 "https://www.wyydsb.xin/assets/css/styles.37bfc49e.css" "Mozilla/5.0 (Linux; Android 9; BKL-AL20 Build/HUAWEIBKL-AL20; wv) AppleWebKit/537.36 (KHTML, like Gecko) Version/4.0 Chrome/68.0.3440.91 Mobile Safari/537.36"
111.19.120.236 - - [03/Dec/2018:20:10:53 +0800] "GET /assets/js/app.37bfc49e.js HTTP/2.0" 200 338198 "https://www.wyydsb.xin/" "Mozilla/5.0 (Linux; Android 9; BKL-AL20 Build/HUAWEIBKL-AL20; wv) AppleWebKit/537.36 (KHTML, like Gecko) Version/4.0 Chrome/68.0.3440.91 Mobile Safari/537.36"
139.180.201.217 - - [03/Dec/2018:20:10:54 +0800] "GET /assets/js/16.09a75dce.js HTTP/2.0" 200 73564 "https://www.wyydsb.xin/service-worker.js" "Mozilla/5.0 (Macintosh; Intel Mac OS X 10_14_2) AppleWebKit/537.36 (KHTML, like Gecko) Chrome/70.0.3538.110 Safari/537.36"
139.180.201.217 - - [03/Dec/2018:20:10:54 +0800] "GET /assets/js/15.0e1b634c.js HTTP/2.0" 200 120090 "https://www.wyydsb.xin/service-worker.js" "Mozilla/5.0 (Macintosh; Intel Mac OS X 10_14_2) AppleWebKit/537.36 (KHTML, like Gecko) Chrome/70.0.3538.110 Safari/537.36"
139.180.201.217 - - [03/Dec/2018:20:10:54 +0800] "GET /assets/js/17.8bfc9516.js HTTP/2.0" 200 41883 "https://www.wyydsb.xin/service-worker.js" "Mozilla/5.0 (Macintosh; Intel Mac OS X 10_14_2) AppleWebKit/537.36 (KHTML, like Gecko) Chrome/70.0.3538.110 Safari/537.36"
111.19.120.236 - - [03/Dec/2018:20:10:54 +0800] "GET /assets/img/brand.56a8de2a.jpg HTTP/2.0" 200 47256 "https://www.wyydsb.xin/assets/css/styles.37bfc49e.css" "Mozilla/5.0 (Linux; Android 9; BKL-AL20 Build/HUAWEIBKL-AL20; wv) AppleWebKit/537.36 (KHTML, like Gecko) Version/4.0 Chrome/68.0.3440.91 Mobile Safari/537.36"
111.19.120.236 - - [03/Dec/2018:20:10:54 +0800] "GET /assets/js/10.9b5443cf.js HTTP/2.0" 200 32697 "https://www.wyydsb.xin/" "Mozilla/5.0 (Linux; Android 9; BKL-AL20 Build/HUAWEIBKL-AL20; wv) AppleWebKit/537.36 (KHTML, like Gecko) Version/4.0 Chrome/68.0.3440.91 Mobile Safari/537.36"
111.19.120.236 - - [03/Dec/2018:20:10:55 +0800] "GET /assets/js/11.ca2faa45.js HTTP/2.0" 200 37316 "https://www.wyydsb.xin/" "Mozilla/5.0 (Linux; Android 9; BKL-AL20 Build/HUAWEIBKL-AL20; wv) AppleWebKit/537.36 (KHTML, like Gecko) Version/4.0 Chrome/68.0.3440.91 Mobile Safari/537.36"
111.19.120.236 - - [03/Dec/2018:20:10:55 +0800] "GET /assets/js/13.743e58f0.js HTTP/2.0" 200 31495 "https://www.wyydsb.xin/" "Mozilla/5.0 (Linux; Android 9; BKL-AL20 Build/HUAWEIBKL-AL20; wv) AppleWebKit/537.36 (KHTML, like Gecko) Version/4.0 Chrome/68.0.3440.91 Mobile Safari/537.36"
111.19.120.236 - - [03/Dec/2018:20:10:55 +0800] "GET /assets/js/14.c670e3cc.js HTTP/2.0" 200 2190 "https://www.wyydsb.xin/" "Mozilla/5.0 (Linux; Android 9; BKL-AL20 Build/HUAWEIBKL-AL20; wv) AppleWebKit/537.36 (KHTML, like Gecko) Version/4.0 Chrome/68.0.3440.91 Mobile Safari/537.36"
111.19.120.236 - - [03/Dec/2018:20:10:55 +0800] "GET /pv.txt HTTP/2.0" 200 66 "https://www.wyydsb.xin/" "Mozilla/5.0 (Linux; Android 9; BKL-AL20 Build/HUAWEIBKL-AL20; wv) AppleWebKit/537.36 (KHTML, like Gecko) Version/4.0 Chrome/68.0.3440.91 Mobile Safari/537.36"
111.19.120.236 - - [03/Dec/2018:20:10:56 +0800] "GET /favicon.ico HTTP/2.0" 200 38549 "https://www.wyydsb.xin/" "Mozilla/5.0 (Linux; Android 9; BKL-AL20 Build/HUAWEIBKL-AL20; wv) AppleWebKit/537.36 (KHTML, like Gecko) Version/4.0 Chrome/68.0.3440.91 Mobile Safari/537.36"
111.19.120.236 - - [03/Dec/2018:20:10:56 +0800] "GET /service-worker.js HTTP/2.0" 200 16192 "https://www.wyydsb.xin/service-worker.js" "Mozilla/5.0 (Linux; Android 9; BKL-AL20 Build/HUAWEIBKL-AL20; wv) AppleWebKit/537.36 (KHTML, like Gecko) Version/4.0 Chrome/68.0.3440.91 Mobile Safari/537.36"
111.19.120.236 - - [03/Dec/2018:20:10:57 +0800] "GET /assets/js/15.0e1b634c.js HTTP/2.0" 200 120090 "https://www.wyydsb.xin/" "Mozilla/5.0 (Linux; Android 9; BKL-AL20 Build/HUAWEIBKL-AL20; wv) AppleWebKit/537.36 (KHTML, like Gecko) Version/4.0 Chrome/68.0.3440.91 Mobile Safari/537.36"
111.19.120.236 - - [03/Dec/2018:20:10:57 +0800] "GET /assets/js/16.09a75dce.js HTTP/2.0" 200 73564 "https://www.wyydsb.xin/" "Mozilla/5.0 (Linux; Android 9; BKL-AL20 Build/HUAWEIBKL-AL20; wv) AppleWebKit/537.36 (KHTML, like Gecko) Version/4.0 Chrome/68.0.3440.91 Mobile Safari/537.36"
111.19.120.236 - - [03/Dec/2018:20:10:57 +0800] "GET /assets/js/12.6317de74.js HTTP/2.0" 200 16623 "https://www.wyydsb.xin/" "Mozilla/5.0 (Linux; Android 9; BKL-AL20 Build/HUAWEIBKL-AL20; wv) AppleWebKit/537.36 (KHTML, like Gecko) Version/4.0 Chrome/68.0.3440.91 Mobile Safari/537.36"
111.19.120.236 - - [03/Dec/2018:20:10:58 +0800] "GET /assets/js/17.8bfc9516.js HTTP/2.0" 200 41883 "https://www.wyydsb.xin/" "Mozilla/5.0 (Linux; Android 9; BKL-AL20 Build/HUAWEIBKL-AL20; wv) AppleWebKit/537.36 (KHTML, like Gecko) Version/4.0 Chrome/68.0.3440.91 Mobile Safari/537.36"
111.19.120.236 - - [03/Dec/2018:20:10:59 +0800] "GET /assets/js/18.d676a614.js HTTP/2.0" 200 81006 "https://www.wyydsb.xin/" "Mozilla/5.0 (Linux; Android 9; BKL-AL20 Build/HUAWEIBKL-AL20; wv) AppleWebKit/537.36 (KHTML, like Gecko) Version/4.0 Chrome/68.0.3440.91 Mobile Safari/537.36"
111.19.120.236 - - [03/Dec/2018:20:10:59 +0800] "GET /assets/js/20.c994f325.js HTTP/2.0" 200 8755 "https://www.wyydsb.xin/" "Mozilla/5.0 (Linux; Android 9; BKL-AL20 Build/HUAWEIBKL-AL20; wv) AppleWebKit/537.36 (KHTML, like Gecko) Version/4.0 Chrome/68.0.3440.91 Mobile Safari/537.36"
111.19.120.236 - - [03/Dec/2018:20:10:59 +0800] "GET /assets/js/19.2fb8139d.js HTTP/2.0" 200 20424 "https://www.wyydsb.xin/" "Mozilla/5.0 (Linux; Android 9; BKL-AL20 Build/HUAWEIBKL-AL20; wv) AppleWebKit/537.36 (KHTML, like Gecko) Version/4.0 Chrome/68.0.3440.91 Mobile Safari/537.36"
139.180.201.217 - - [03/Dec/2018:20:11:01 +0800] "GET /assets/js/19.2fb8139d.js HTTP/2.0" 200 20424 "https://www.wyydsb.xin/service-worker.js" "Mozilla/5.0 (Macintosh; Intel Mac OS X 10_14_2) AppleWebKit/537.36 (KHTML, like Gecko) Chrome/70.0.3538.110 Safari/537.36"
139.180.201.217 - - [03/Dec/2018:20:11:01 +0800] "GET /assets/js/2.484d2a1e.js HTTP/2.0" 200 4328 "https://www.wyydsb.xin/service-worker.js" "Mozilla/5.0 (Macintosh; Intel Mac OS X 10_14_2) AppleWebKit/537.36 (KHTML, like Gecko) Chrome/70.0.3538.110 Safari/537.36"
139.180.201.217 - - [03/Dec/2018:20:11:01 +0800] "GET /assets/js/20.c994f325.js HTTP/2.0" 200 8755 "https://www.wyydsb.xin/service-worker.js" "Mozilla/5.0 (Macintosh; Intel Mac OS X 10_14_2) AppleWebKit/537.36 (KHTML, like Gecko) Chrome/70.0.3538.110 Safari/537.36"
138.128.197.92 - - [03/Dec/2018:20:11:01 +0800] "GET / HTTP/2.0" 200 13417 "-" "Mozilla/5.0 (Macintosh; Intel Mac OS X 10_14_1) AppleWebKit/537.36 (KHTML, like Gecko) Chrome/70.0.3538.110 Safari/537.36"
111.19.120.236 - - [03/Dec/2018:20:11:03 +0800] "GET /assets/js/23.cac7e9ec.js HTTP/2.0" 200 67986 "https://www.wyydsb.xin/" "Mozilla/5.0 (Linux; Android 9; BKL-AL20 Build/HUAWEIBKL-AL20; wv) AppleWebKit/537.36 (KHTML, like Gecko) Version/4.0 Chrome/68.0.3440.91 Mobile Safari/537.36"
111.19.120.236 - - [03/Dec/2018:20:11:04 +0800] "GET /assets/js/24.349aef35.js HTTP/2.0" 200 17068 "https://www.wyydsb.xin/" "Mozilla/5.0 (Linux; Android 9; BKL-AL20 Build/HUAWEIBKL-AL20; wv) AppleWebKit/537.36 (KHTML, like Gecko) Version/4.0 Chrome/68.0.3440.91 Mobile Safari/537.36"
111.19.120.236 - - [03/Dec/2018:20:11:04 +0800] "GET /assets/js/22.61ba77e5.js HTTP/2.0" 200 304381 "https://www.wyydsb.xin/" "Mozilla/5.0 (Linux; Android 9; BKL-AL20 Build/HUAWEIBKL-AL20; wv) AppleWebKit/537.36 (KHTML, like Gecko) Version/4.0 Chrome/68.0.3440.91 Mobile Safari/537.36"
111.19.120.236 - - [03/Dec/2018:20:11:04 +0800] "GET /assets/js/25.cd3243cf.js HTTP/2.0" 200 11488 "https://www.wyydsb.xin/" "Mozilla/5.0 (Linux; Android 9; BKL-AL20 Build/HUAWEIBKL-AL20; wv) AppleWebKit/537.36 (KHTML, like Gecko) Version/4.0 Chrome/68.0.3440.91 Mobile Safari/537.36"
139.180.201.217 - - [03/Dec/2018:20:11:07 +0800] "GET /assets/js/18.d676a614.js HTTP/2.0" 200 81006 "https://www.wyydsb.xin/service-worker.js" "Mozilla/5.0 (Macintosh; Intel Mac OS X 10_14_2) AppleWebKit/537.36 (KHTML, like Gecko) Chrome/70.0.3538.110 Safari/537.36"
111.19.120.236 - - [03/Dec/2018:20:11:07 +0800] "GET /assets/js/21.e684dfec.js HTTP/2.0" 200 149075 "https://www.wyydsb.xin/" "Mozilla/5.0 (Linux; Android 9; BKL-AL20 Build/HUAWEIBKL-AL20; wv) AppleWebKit/537.36 (KHTML, like Gecko) Version/4.0 Chrome/68.0.3440.91 Mobile Safari/537.36"
139.180.201.217 - - [03/Dec/2018:20:11:10 +0800] "GET /assets/js/21.e684dfec.js HTTP/2.0" 200 149075 "https://www.wyydsb.xin/service-worker.js" "Mozilla/5.0 (Macintosh; Intel Mac OS X 10_14_2) AppleWebKit/537.36 (KHTML, like Gecko) Chrome/70.0.3538.110 Safari/537.36"
111.19.120.236 - - [03/Dec/2018:20:11:12 +0800] "GET /assets/js/27.0c103202.js HTTP/2.0" 200 42266 "https://www.wyydsb.xin/" "Mozilla/5.0 (Linux; Android 9; BKL-AL20 Build/HUAWEIBKL-AL20; wv) AppleWebKit/537.36 (KHTML, like Gecko) Version/4.0 Chrome/68.0.3440.91 Mobile Safari/537.36"
111.19.120.236 - - [03/Dec/2018:20:11:12 +0800] "GET /assets/js/26.209c359f.js HTTP/2.0" 200 277035 "https://www.wyydsb.xin/" "Mozilla/5.0 (Linux; Android 9; BKL-AL20 Build/HUAWEIBKL-AL20; wv) AppleWebKit/537.36 (KHTML, like Gecko) Version/4.0 Chrome/68.0.3440.91 Mobile Safari/537.36"
111.19.120.236 - - [03/Dec/2018:20:11:13 +0800] "GET /assets/js/28.9257e043.js HTTP/2.0" 200 55905 "https://www.wyydsb.xin/" "Mozilla/5.0 (Linux; Android 9; BKL-AL20 Build/HUAWEIBKL-AL20; wv) AppleWebKit/537.36 (KHTML, like Gecko) Version/4.0 Chrome/68.0.3440.91 Mobile Safari/537.36"
111.19.120.236 - - [03/Dec/2018:20:11:14 +0800] "GET /assets/js/29.f5c9e3a6.js HTTP/2.0" 200 18989 "https://www.wyydsb.xin/" "Mozilla/5.0 (Linux; Android 9; BKL-AL20 Build/HUAWEIBKL-AL20; wv) AppleWebKit/537.36 (KHTML, like Gecko) Version/4.0 Chrome/68.0.3440.91 Mobile Safari/537.36"
111.19.120.236 - - [03/Dec/2018:20:11:14 +0800] "GET /assets/js/30.b0ac18e7.js HTTP/2.0" 200 34547 "https://www.wyydsb.xin/" "Mozilla/5.0 (Linux; Android 9; BKL-AL20 Build/HUAWEIBKL-AL20; wv) AppleWebKit/537.36 (KHTML, like Gecko) Version/4.0 Chrome/68.0.3440.91 Mobile Safari/537.36"
111.19.120.236 - - [03/Dec/2018:20:11:15 +0800] "GET /assets/js/3.b1bd87c8.js HTTP/2.0" 200 32113 "https://www.wyydsb.xin/" "Mozilla/5.0 (Linux; Android 9; BKL-AL20 Build/HUAWEIBKL-AL20; wv) AppleWebKit/537.36 (KHTML, like Gecko) Version/4.0 Chrome/68.0.3440.91 Mobile Safari/537.36"
111.19.120.236 - - [03/Dec/2018:20:11:15 +0800] "GET /assets/js/31.54824b8a.js HTTP/2.0" 200 23938 "https://www.wyydsb.xin/" "Mozilla/5.0 (Linux; Android 9; BKL-AL20 Build/HUAWEIBKL-AL20; wv) AppleWebKit/537.36 (KHTML, like Gecko) Version/4.0 Chrome/68.0.3440.91 Mobile Safari/537.36"
139.180.201.217 - - [03/Dec/2018:20:11:15 +0800] "GET /assets/js/24.349aef35.js HTTP/2.0" 200 17068 "https://www.wyydsb.xin/service-worker.js" "Mozilla/5.0 (Macintosh; Intel Mac OS X 10_14_2) AppleWebKit/537.36 (KHTML, like Gecko) Chrome/70.0.3538.110 Safari/537.36"
111.19.120.236 - - [03/Dec/2018:20:11:16 +0800] "GET /assets/js/32.67090676.js HTTP/2.0" 200 45094 "https://www.wyydsb.xin/" "Mozilla/5.0 (Linux; Android 9; BKL-AL20 Build/HUAWEIBKL-AL20; wv) AppleWebKit/537.36 (KHTML, like Gecko) Version/4.0 Chrome/68.0.3440.91 Mobile Safari/537.36"
111.19.120.236 - - [03/Dec/2018:20:11:16 +0800] "GET /assets/js/33.3e35941e.js HTTP/2.0" 200 30550 "https://www.wyydsb.xin/" "Mozilla/5.0 (Linux; Android 9; BKL-AL20 Build/HUAWEIBKL-AL20; wv) AppleWebKit/537.36 (KHTML, like Gecko) Version/4.0 Chrome/68.0.3440.91 Mobile Safari/537.36"
138.128.197.92 - - [03/Dec/2018:20:11:17 +0800] "GET /assets/css/styles.37bfc49e.css HTTP/2.0" 200 296312 "https://www.wyydsb.xin/" "Mozilla/5.0 (Macintosh; Intel Mac OS X 10_14_1) AppleWebKit/537.36 (KHTML, like Gecko) Chrome/70.0.3538.110 Safari/537.36"
138.128.197.92 - - [03/Dec/2018:20:11:17 +0800] "GET /assets/css/1.styles.10a0deed.css HTTP/2.0" 200 0 "https://www.wyydsb.xin/" "Mozilla/5.0 (Macintosh; Intel Mac OS X 10_14_1) AppleWebKit/537.36 (KHTML, like Gecko) Chrome/70.0.3538.110 Safari/537.36"
