23.101.169.3 - - [02/Feb/2019:00:07:30 +0800] "GET /other/chip.html HTTP/1.1" 200 25734 "-" "Mozilla/5.0 (compatible; MSIE 9.0; Windows NT 6.1; Trident/5.0;  Trident/5.0)"
23.101.169.3 - - [02/Feb/2019:00:07:33 +0800] "GET /assets/js/app.3270a291.js HTTP/1.1" 200 358231 "https://wyydsb.xin/other/chip.html" "Mozilla/5.0 (compatible; MSIE 9.0; Windows NT 6.1; Trident/5.0;  Trident/5.0)"
23.101.169.3 - - [02/Feb/2019:00:07:33 +0800] "GET /assets/js/13.4db639e6.js HTTP/1.1" 200 14699 "https://wyydsb.xin/other/chip.html" "Mozilla/5.0 (compatible; MSIE 9.0; Windows NT 6.1; Trident/5.0;  Trident/5.0)"
23.101.169.3 - - [02/Feb/2019:00:07:34 +0800] "GET /face.jpg HTTP/1.1" 200 15454 "https://wyydsb.xin/other/chip.html" "Mozilla/5.0 (compatible; MSIE 9.0; Windows NT 6.1; Trident/5.0;  Trident/5.0)"
23.101.169.3 - - [02/Feb/2019:00:07:37 +0800] "GET /assets/css/styles.3270a291.css HTTP/1.1" 200 301832 "https://wyydsb.xin/other/chip.html" "Mozilla/5.0 (compatible; MSIE 9.0; Windows NT 6.1; Trident/5.0;  Trident/5.0)"
23.101.169.3 - - [02/Feb/2019:00:07:40 +0800] "GET /assets/img/brand.48f46628.jpg HTTP/1.1" 200 19203 "https://wyydsb.xin/other/chip.html" "Mozilla/5.0 (compatible; MSIE 9.0; Windows NT 6.1; Trident/5.0;  Trident/5.0)"
23.101.169.3 - - [02/Feb/2019:00:07:41 +0800] "GET /assets/img/search.4c472e32.svg HTTP/1.1" 200 238 "https://wyydsb.xin/other/chip.html" "Mozilla/5.0 (compatible; MSIE 9.0; Windows NT 6.1; Trident/5.0;  Trident/5.0)"
23.101.169.3 - - [02/Feb/2019:00:08:01 +0800] "GET /pat/catalog.html HTTP/1.1" 200 94076 "-" "Mozilla/5.0 (compatible; MSIE 9.0; Windows NT 6.0; Trident/5.0;  Trident/5.0)"
23.101.169.3 - - [02/Feb/2019:00:08:02 +0800] "GET /assets/js/63.9ffe6d20.js HTTP/1.1" 200 60649 "https://wyydsb.xin/pat/catalog.html" "Mozilla/5.0 (compatible; MSIE 9.0; Windows NT 6.0; Trident/5.0;  Trident/5.0)"
23.101.169.3 - - [02/Feb/2019:00:08:03 +0800] "GET /assets/css/styles.3270a291.css HTTP/1.1" 200 301832 "https://wyydsb.xin/pat/catalog.html" "Mozilla/5.0 (compatible; MSIE 9.0; Windows NT 6.0; Trident/5.0;  Trident/5.0)"
23.101.169.3 - - [02/Feb/2019:00:08:05 +0800] "GET /face.jpg HTTP/1.1" 200 15454 "https://wyydsb.xin/pat/catalog.html" "Mozilla/5.0 (compatible; MSIE 9.0; Windows NT 6.0; Trident/5.0;  Trident/5.0)"
23.101.169.3 - - [02/Feb/2019:00:08:06 +0800] "GET /assets/js/app.3270a291.js HTTP/1.1" 200 358231 "https://wyydsb.xin/pat/catalog.html" "Mozilla/5.0 (compatible; MSIE 9.0; Windows NT 6.0; Trident/5.0;  Trident/5.0)"
23.101.169.3 - - [02/Feb/2019:00:08:07 +0800] "GET /assets/img/brand.48f46628.jpg HTTP/1.1" 200 19203 "https://wyydsb.xin/pat/catalog.html" "Mozilla/5.0 (compatible; MSIE 9.0; Windows NT 6.0; Trident/5.0;  Trident/5.0)"
23.101.169.3 - - [02/Feb/2019:00:08:08 +0800] "GET /assets/img/search.4c472e32.svg HTTP/1.1" 200 238 "https://wyydsb.xin/pat/catalog.html" "Mozilla/5.0 (compatible; MSIE 9.0; Windows NT 6.0; Trident/5.0;  Trident/5.0)"
119.129.231.54 - - [02/Feb/2019:00:09:11 +0800] "GET /other/terminal.html HTTP/2.0" 200 56008 "-" "Mozilla/5.0 (Windows NT 10.0; Win64; x64) AppleWebKit/537.36 (KHTML, like Gecko) Chrome/71.0.3578.98 Safari/537.36"
119.129.231.54 - - [02/Feb/2019:00:09:11 +0800] "GET /assets/js/app.3270a291.js HTTP/2.0" 200 358231 "https://wyydsb.xin/other/terminal.html" "Mozilla/5.0 (Windows NT 10.0; Win64; x64) AppleWebKit/537.36 (KHTML, like Gecko) Chrome/71.0.3578.98 Safari/537.36"
119.129.231.54 - - [02/Feb/2019:00:09:11 +0800] "GET /assets/css/styles.3270a291.css HTTP/2.0" 200 301832 "https://wyydsb.xin/other/terminal.html" "Mozilla/5.0 (Windows NT 10.0; Win64; x64) AppleWebKit/537.36 (KHTML, like Gecko) Chrome/71.0.3578.98 Safari/537.36"
119.129.231.54 - - [02/Feb/2019:00:09:11 +0800] "GET /face.jpg HTTP/2.0" 200 15454 "https://wyydsb.xin/other/terminal.html" "Mozilla/5.0 (Windows NT 10.0; Win64; x64) AppleWebKit/537.36 (KHTML, like Gecko) Chrome/71.0.3578.98 Safari/537.36"
119.129.231.54 - - [02/Feb/2019:00:09:11 +0800] "GET /assets/js/34.d532f74a.js HTTP/2.0" 200 59829 "https://wyydsb.xin/other/terminal.html" "Mozilla/5.0 (Windows NT 10.0; Win64; x64) AppleWebKit/537.36 (KHTML, like Gecko) Chrome/71.0.3578.98 Safari/537.36"
119.129.231.54 - - [02/Feb/2019:00:09:16 +0800] "GET /assets/css/2.styles.5c1fb3e9.css HTTP/2.0" 200 0 "https://wyydsb.xin/other/terminal.html" "Mozilla/5.0 (Windows NT 10.0; Win64; x64) AppleWebKit/537.36 (KHTML, like Gecko) Chrome/71.0.3578.98 Safari/537.36"
119.129.231.54 - - [02/Feb/2019:00:09:16 +0800] "GET /assets/js/2.5c1fb3e9.js HTTP/2.0" 200 82 "https://wyydsb.xin/other/terminal.html" "Mozilla/5.0 (Windows NT 10.0; Win64; x64) AppleWebKit/537.36 (KHTML, like Gecko) Chrome/71.0.3578.98 Safari/537.36"
42.236.10.117 - - [02/Feb/2019:00:09:16 +0800] "GET /other/terminal.html HTTP/2.0" 200 56008 "-" "Mozilla/5.0 (Windows NT 6.1) AppleWebKit/537.36 (KHTML, like Gecko) Chrome/36.0.1985.125 Safari/537.36"
119.129.231.54 - - [02/Feb/2019:00:09:17 +0800] "GET /pv.txt HTTP/2.0" 200 68 "https://wyydsb.xin/other/terminal.html" "Mozilla/5.0 (Windows NT 10.0; Win64; x64) AppleWebKit/537.36 (KHTML, like Gecko) Chrome/71.0.3578.98 Safari/537.36"
119.129.231.54 - - [02/Feb/2019:00:09:17 +0800] "GET /pv.txt HTTP/2.0" 304 0 "https://wyydsb.xin/other/terminal.html" "Mozilla/5.0 (Windows NT 10.0; Win64; x64) AppleWebKit/537.36 (KHTML, like Gecko) Chrome/71.0.3578.98 Safari/537.36"
119.129.231.54 - - [02/Feb/2019:00:09:17 +0800] "GET /assets/fonts/fa-solid-900.813b8aee.woff2 HTTP/2.0" 200 50388 "https://wyydsb.xin/assets/css/styles.3270a291.css" "Mozilla/5.0 (Windows NT 10.0; Win64; x64) AppleWebKit/537.36 (KHTML, like Gecko) Chrome/71.0.3578.98 Safari/537.36"
119.129.231.54 - - [02/Feb/2019:00:09:17 +0800] "GET /assets/fonts/fa-brands-400.65e3be4e.woff2 HTTP/2.0" 200 61336 "https://wyydsb.xin/assets/css/styles.3270a291.css" "Mozilla/5.0 (Windows NT 10.0; Win64; x64) AppleWebKit/537.36 (KHTML, like Gecko) Chrome/71.0.3578.98 Safari/537.36"
119.129.231.54 - - [02/Feb/2019:00:09:17 +0800] "GET /assets/fonts/Roboto-Bold.39b2c303.woff2 HTTP/2.0" 200 49976 "https://wyydsb.xin/assets/css/styles.3270a291.css" "Mozilla/5.0 (Windows NT 10.0; Win64; x64) AppleWebKit/537.36 (KHTML, like Gecko) Chrome/71.0.3578.98 Safari/537.36"
119.129.231.54 - - [02/Feb/2019:00:09:18 +0800] "GET /assets/fonts/Roboto-Regular.2751ee43.woff2 HTTP/2.0" 200 49236 "https://wyydsb.xin/assets/css/styles.3270a291.css" "Mozilla/5.0 (Windows NT 10.0; Win64; x64) AppleWebKit/537.36 (KHTML, like Gecko) Chrome/71.0.3578.98 Safari/537.36"
119.129.231.54 - - [02/Feb/2019:00:09:19 +0800] "GET /assets/fonts/Roboto-Medium.574fd0b5.woff2 HTTP/2.0" 200 50224 "https://wyydsb.xin/assets/css/styles.3270a291.css" "Mozilla/5.0 (Windows NT 10.0; Win64; x64) AppleWebKit/537.36 (KHTML, like Gecko) Chrome/71.0.3578.98 Safari/537.36"
119.129.231.54 - - [02/Feb/2019:00:09:20 +0800] "GET /assets/css/1.styles.1ce6bbda.css HTTP/2.0" 200 18918 "https://wyydsb.xin/other/terminal.html" "Mozilla/5.0 (Windows NT 10.0; Win64; x64) AppleWebKit/537.36 (KHTML, like Gecko) Chrome/71.0.3578.98 Safari/537.36"
119.129.231.54 - - [02/Feb/2019:00:09:20 +0800] "GET /assets/img/brand.48f46628.jpg HTTP/2.0" 200 19203 "https://wyydsb.xin/assets/css/styles.3270a291.css" "Mozilla/5.0 (Windows NT 10.0; Win64; x64) AppleWebKit/537.36 (KHTML, like Gecko) Chrome/71.0.3578.98 Safari/537.36"
42.236.10.117 - - [02/Feb/2019:00:09:21 +0800] "GET /assets/css/styles.3270a291.css HTTP/2.0" 200 301832 "https://wyydsb.xin/other/terminal.html" "Mozilla/5.0 (Windows NT 6.1) AppleWebKit/537.36 (KHTML, like Gecko) Chrome/36.0.1985.125 Safari/537.36"
119.129.231.54 - - [02/Feb/2019:00:09:21 +0800] "GET /assets/img/search.4c472e32.svg HTTP/2.0" 200 238 "https://wyydsb.xin/assets/css/styles.3270a291.css" "Mozilla/5.0 (Windows NT 10.0; Win64; x64) AppleWebKit/537.36 (KHTML, like Gecko) Chrome/71.0.3578.98 Safari/537.36"
119.129.231.54 - - [02/Feb/2019:00:09:22 +0800] "GET /assets/js/vendors~docsearch.1ce6bbda.js HTTP/2.0" 200 115290 "https://wyydsb.xin/other/terminal.html" "Mozilla/5.0 (Windows NT 10.0; Win64; x64) AppleWebKit/537.36 (KHTML, like Gecko) Chrome/71.0.3578.98 Safari/537.36"
119.129.231.54 - - [02/Feb/2019:00:09:22 +0800] "GET /assets/js/67.f745d932.js HTTP/2.0" 200 9136 "https://wyydsb.xin/other/terminal.html" "Mozilla/5.0 (Windows NT 10.0; Win64; x64) AppleWebKit/537.36 (KHTML, like Gecko) Chrome/71.0.3578.98 Safari/537.36"
42.236.10.117 - - [02/Feb/2019:00:09:22 +0800] "GET /assets/fonts/fa-solid-900.813b8aee.woff2 HTTP/2.0" 200 50388 "https://wyydsb.xin/assets/css/styles.3270a291.css" "Mozilla/5.0 (Windows NT 6.1) AppleWebKit/537.36 (KHTML, like Gecko) Chrome/36.0.1985.125 Safari/537.36"
42.236.10.117 - - [02/Feb/2019:00:09:23 +0800] "GET /assets/fonts/fa-brands-400.65e3be4e.woff2 HTTP/2.0" 200 61336 "https://wyydsb.xin/assets/css/styles.3270a291.css" "Mozilla/5.0 (Windows NT 6.1) AppleWebKit/537.36 (KHTML, like Gecko) Chrome/36.0.1985.125 Safari/537.36"
119.129.231.54 - - [02/Feb/2019:00:09:24 +0800] "GET /service-worker.js HTTP/2.0" 200 17859 "https://wyydsb.xin/service-worker.js" "Mozilla/5.0 (Windows NT 10.0; Win64; x64) AppleWebKit/537.36 (KHTML, like Gecko) Chrome/71.0.3578.98 Safari/537.36"
119.129.231.54 - - [02/Feb/2019:00:09:24 +0800] "GET /favicon.ico HTTP/2.0" 200 15322 "https://wyydsb.xin/other/terminal.html" "Mozilla/5.0 (Windows NT 10.0; Win64; x64) AppleWebKit/537.36 (KHTML, like Gecko) Chrome/71.0.3578.98 Safari/537.36"
119.129.231.54 - - [02/Feb/2019:00:09:24 +0800] "GET /manifest.json HTTP/2.0" 200 406 "https://wyydsb.xin/other/terminal.html" "Mozilla/5.0 (Windows NT 10.0; Win64; x64) AppleWebKit/537.36 (KHTML, like Gecko) Chrome/71.0.3578.98 Safari/537.36"
119.129.231.54 - - [02/Feb/2019:00:09:24 +0800] "GET /icons/192.png HTTP/2.0" 200 15325 "https://wyydsb.xin/other/terminal.html" "Mozilla/5.0 (Windows NT 10.0; Win64; x64) AppleWebKit/537.36 (KHTML, like Gecko) Chrome/71.0.3578.98 Safari/537.36"
42.236.10.117 - - [02/Feb/2019:00:09:24 +0800] "GET /assets/fonts/Roboto-Bold.39b2c303.woff2 HTTP/2.0" 200 49976 "https://wyydsb.xin/assets/css/styles.3270a291.css" "Mozilla/5.0 (Windows NT 6.1) AppleWebKit/537.36 (KHTML, like Gecko) Chrome/36.0.1985.125 Safari/537.36"
119.129.231.54 - - [02/Feb/2019:00:09:25 +0800] "GET /404.html HTTP/2.0" 200 1977 "https://wyydsb.xin/service-worker.js" "Mozilla/5.0 (Windows NT 10.0; Win64; x64) AppleWebKit/537.36 (KHTML, like Gecko) Chrome/71.0.3578.98 Safari/537.36"
119.129.231.54 - - [02/Feb/2019:00:09:25 +0800] "GET /assets/css/1.styles.1ce6bbda.css HTTP/2.0" 200 18918 "https://wyydsb.xin/service-worker.js" "Mozilla/5.0 (Windows NT 10.0; Win64; x64) AppleWebKit/537.36 (KHTML, like Gecko) Chrome/71.0.3578.98 Safari/537.36"
119.129.231.54 - - [02/Feb/2019:00:09:25 +0800] "GET /assets/css/2.styles.5c1fb3e9.css HTTP/2.0" 200 0 "https://wyydsb.xin/service-worker.js" "Mozilla/5.0 (Windows NT 10.0; Win64; x64) AppleWebKit/537.36 (KHTML, like Gecko) Chrome/71.0.3578.98 Safari/537.36"
119.129.231.54 - - [02/Feb/2019:00:09:25 +0800] "GET /assets/css/styles.3270a291.css HTTP/2.0" 200 301832 "https://wyydsb.xin/service-worker.js" "Mozilla/5.0 (Windows NT 10.0; Win64; x64) AppleWebKit/537.36 (KHTML, like Gecko) Chrome/71.0.3578.98 Safari/537.36"
119.129.231.54 - - [02/Feb/2019:00:09:25 +0800] "GET /assets/fonts/fa-brands-400.030846b7.woff HTTP/2.0" 200 71560 "https://wyydsb.xin/service-worker.js" "Mozilla/5.0 (Windows NT 10.0; Win64; x64) AppleWebKit/537.36 (KHTML, like Gecko) Chrome/71.0.3578.98 Safari/537.36"
119.129.231.54 - - [02/Feb/2019:00:09:25 +0800] "GET /assets/fonts/fa-brands-400.3f5a250e.ttf HTTP/2.0" 200 111384 "https://wyydsb.xin/service-worker.js" "Mozilla/5.0 (Windows NT 10.0; Win64; x64) AppleWebKit/537.36 (KHTML, like Gecko) Chrome/71.0.3578.98 Safari/537.36"
119.129.231.54 - - [02/Feb/2019:00:09:25 +0800] "GET /assets/fonts/fa-brands-400.4291d4b6.eot HTTP/2.0" 200 111620 "https://wyydsb.xin/service-worker.js" "Mozilla/5.0 (Windows NT 10.0; Win64; x64) AppleWebKit/537.36 (KHTML, like Gecko) Chrome/71.0.3578.98 Safari/537.36"
119.129.231.54 - - [02/Feb/2019:00:09:25 +0800] "GET /assets/fonts/fa-brands-400.65e3be4e.woff2 HTTP/2.0" 200 61336 "https://wyydsb.xin/service-worker.js" "Mozilla/5.0 (Windows NT 10.0; Win64; x64) AppleWebKit/537.36 (KHTML, like Gecko) Chrome/71.0.3578.98 Safari/537.36"
119.129.231.54 - - [02/Feb/2019:00:09:25 +0800] "GET /assets/fonts/fa-regular-400.222941bf.woff HTTP/2.0" 200 14724 "https://wyydsb.xin/service-worker.js" "Mozilla/5.0 (Windows NT 10.0; Win64; x64) AppleWebKit/537.36 (KHTML, like Gecko) Chrome/71.0.3578.98 Safari/537.36"
42.236.10.117 - - [02/Feb/2019:00:09:26 +0800] "GET /assets/fonts/Roboto-Regular.2751ee43.woff2 HTTP/2.0" 200 49236 "https://wyydsb.xin/assets/css/styles.3270a291.css" "Mozilla/5.0 (Windows NT 6.1) AppleWebKit/537.36 (KHTML, like Gecko) Chrome/36.0.1985.125 Safari/537.36"
42.236.10.117 - - [02/Feb/2019:00:09:27 +0800] "GET /assets/fonts/Roboto-Medium.574fd0b5.woff2 HTTP/2.0" 200 50224 "https://wyydsb.xin/assets/css/styles.3270a291.css" "Mozilla/5.0 (Windows NT 6.1) AppleWebKit/537.36 (KHTML, like Gecko) Chrome/36.0.1985.125 Safari/537.36"
42.236.10.117 - - [02/Feb/2019:00:09:28 +0800] "GET /assets/js/34.d532f74a.js HTTP/2.0" 200 59829 "https://wyydsb.xin/other/terminal.html" "Mozilla/5.0 (Windows NT 6.1) AppleWebKit/537.36 (KHTML, like Gecko) Chrome/36.0.1985.125 Safari/537.36"
42.236.10.117 - - [02/Feb/2019:00:09:28 +0800] "GET /face.jpg HTTP/2.0" 200 15454 "https://wyydsb.xin/other/terminal.html" "Mozilla/5.0 (Windows NT 6.1) AppleWebKit/537.36 (KHTML, like Gecko) Chrome/36.0.1985.125 Safari/537.36"
42.236.10.117 - - [02/Feb/2019:00:09:28 +0800] "GET /assets/img/search.4c472e32.svg HTTP/2.0" 200 238 "https://wyydsb.xin/assets/css/styles.3270a291.css" "Mozilla/5.0 (Windows NT 6.1) AppleWebKit/537.36 (KHTML, like Gecko) Chrome/36.0.1985.125 Safari/537.36"
119.129.231.54 - - [02/Feb/2019:00:09:29 +0800] "GET /assets/fonts/fa-regular-400.6bf2d6c8.ttf HTTP/2.0" 200 31044 "https://wyydsb.xin/service-worker.js" "Mozilla/5.0 (Windows NT 10.0; Win64; x64) AppleWebKit/537.36 (KHTML, like Gecko) Chrome/71.0.3578.98 Safari/537.36"
119.129.231.54 - - [02/Feb/2019:00:09:29 +0800] "GET /assets/fonts/fa-regular-400.914437d6.woff2 HTTP/2.0" 200 12168 "https://wyydsb.xin/service-worker.js" "Mozilla/5.0 (Windows NT 10.0; Win64; x64) AppleWebKit/537.36 (KHTML, like Gecko) Chrome/71.0.3578.98 Safari/537.36"
119.129.231.54 - - [02/Feb/2019:00:09:29 +0800] "GET /assets/fonts/fa-regular-400.d30b8018.eot HTTP/2.0" 200 31272 "https://wyydsb.xin/service-worker.js" "Mozilla/5.0 (Windows NT 10.0; Win64; x64) AppleWebKit/537.36 (KHTML, like Gecko) Chrome/71.0.3578.98 Safari/537.36"
119.129.231.54 - - [02/Feb/2019:00:09:29 +0800] "GET /assets/fonts/fa-solid-900.140f4148.woff HTTP/2.0" 200 63836 "https://wyydsb.xin/service-worker.js" "Mozilla/5.0 (Windows NT 10.0; Win64; x64) AppleWebKit/537.36 (KHTML, like Gecko) Chrome/71.0.3578.98 Safari/537.36"
42.236.10.117 - - [02/Feb/2019:00:09:30 +0800] "GET /assets/img/brand.48f46628.jpg HTTP/2.0" 200 19203 "https://wyydsb.xin/assets/css/styles.3270a291.css" "Mozilla/5.0 (Windows NT 6.1) AppleWebKit/537.36 (KHTML, like Gecko) Chrome/36.0.1985.125 Safari/537.36"
42.236.10.117 - - [02/Feb/2019:00:09:31 +0800] "GET /assets/js/app.3270a291.js HTTP/2.0" 200 358231 "https://wyydsb.xin/other/terminal.html" "Mozilla/5.0 (Windows NT 6.1) AppleWebKit/537.36 (KHTML, like Gecko) Chrome/36.0.1985.125 Safari/537.36"
119.129.231.54 - - [02/Feb/2019:00:09:31 +0800] "GET /assets/fonts/fa-solid-900.813b8aee.woff2 HTTP/2.0" 200 50388 "https://wyydsb.xin/service-worker.js" "Mozilla/5.0 (Windows NT 10.0; Win64; x64) AppleWebKit/537.36 (KHTML, like Gecko) Chrome/71.0.3578.98 Safari/537.36"
119.129.231.54 - - [02/Feb/2019:00:09:31 +0800] "GET /assets/fonts/Roboto-Bold.39b2c303.woff2 HTTP/2.0" 200 49976 "https://wyydsb.xin/service-worker.js" "Mozilla/5.0 (Windows NT 10.0; Win64; x64) AppleWebKit/537.36 (KHTML, like Gecko) Chrome/71.0.3578.98 Safari/537.36"
42.236.10.117 - - [02/Feb/2019:00:09:33 +0800] "GET /assets/css/2.styles.5c1fb3e9.css HTTP/2.0" 200 0 "https://wyydsb.xin/other/terminal.html" "Mozilla/5.0 (Windows NT 6.1) AppleWebKit/537.36 (KHTML, like Gecko) Chrome/36.0.1985.125 Safari/537.36"
42.236.10.117 - - [02/Feb/2019:00:09:33 +0800] "GET /assets/js/2.5c1fb3e9.js HTTP/2.0" 200 82 "https://wyydsb.xin/other/terminal.html" "Mozilla/5.0 (Windows NT 6.1) AppleWebKit/537.36 (KHTML, like Gecko) Chrome/36.0.1985.125 Safari/537.36"
42.236.10.117 - - [02/Feb/2019:00:09:34 +0800] "GET /pv.txt HTTP/2.0" 200 68 "https://wyydsb.xin/other/terminal.html" "Mozilla/5.0 (Windows NT 6.1) AppleWebKit/537.36 (KHTML, like Gecko) Chrome/36.0.1985.125 Safari/537.36"
42.236.10.117 - - [02/Feb/2019:00:09:34 +0800] "GET /assets/css/1.styles.1ce6bbda.css HTTP/2.0" 200 18918 "https://wyydsb.xin/other/terminal.html" "Mozilla/5.0 (Windows NT 6.1) AppleWebKit/537.36 (KHTML, like Gecko) Chrome/36.0.1985.125 Safari/537.36"
119.129.231.54 - - [02/Feb/2019:00:09:34 +0800] "GET /assets/fonts/Roboto-Bold.dc81817d.woff HTTP/2.0" 200 62876 "https://wyydsb.xin/service-worker.js" "Mozilla/5.0 (Windows NT 10.0; Win64; x64) AppleWebKit/537.36 (KHTML, like Gecko) Chrome/71.0.3578.98 Safari/537.36"
119.129.231.54 - - [02/Feb/2019:00:09:34 +0800] "GET /assets/fonts/fa-solid-900.4910ec73.eot HTTP/2.0" 200 133140 "https://wyydsb.xin/service-worker.js" "Mozilla/5.0 (Windows NT 10.0; Win64; x64) AppleWebKit/537.36 (KHTML, like Gecko) Chrome/71.0.3578.98 Safari/537.36"
119.129.231.54 - - [02/Feb/2019:00:09:34 +0800] "GET /assets/fonts/Roboto-Light.3b813c2a.woff HTTP/2.0" 200 62316 "https://wyydsb.xin/service-worker.js" "Mozilla/5.0 (Windows NT 10.0; Win64; x64) AppleWebKit/537.36 (KHTML, like Gecko) Chrome/71.0.3578.98 Safari/537.36"
42.236.10.117 - - [02/Feb/2019:00:09:35 +0800] "GET /assets/js/vendors~docsearch.1ce6bbda.js HTTP/2.0" 200 115290 "https://wyydsb.xin/other/terminal.html" "Mozilla/5.0 (Windows NT 6.1) AppleWebKit/537.36 (KHTML, like Gecko) Chrome/36.0.1985.125 Safari/537.36"
42.236.10.117 - - [02/Feb/2019:00:09:35 +0800] "GET /pv.txt HTTP/2.0" 200 68 "https://wyydsb.xin/other/terminal.html" "Mozilla/5.0 (Windows NT 6.1) AppleWebKit/537.36 (KHTML, like Gecko) Chrome/36.0.1985.125 Safari/537.36"
42.236.10.117 - - [02/Feb/2019:00:09:35 +0800] "GET /assets/js/67.f745d932.js HTTP/2.0" 200 9136 "https://wyydsb.xin/other/terminal.html" "Mozilla/5.0 (Windows NT 6.1) AppleWebKit/537.36 (KHTML, like Gecko) Chrome/36.0.1985.125 Safari/537.36"
119.129.231.54 - - [02/Feb/2019:00:09:37 +0800] "GET /assets/fonts/fa-solid-900.e57e108a.ttf HTTP/2.0" 200 132920 "https://wyydsb.xin/service-worker.js" "Mozilla/5.0 (Windows NT 10.0; Win64; x64) AppleWebKit/537.36 (KHTML, like Gecko) Chrome/71.0.3578.98 Safari/537.36"
119.129.231.54 - - [02/Feb/2019:00:09:37 +0800] "GET /assets/fonts/Roboto-Bold.e31fcf18.ttf HTTP/2.0" 200 127744 "https://wyydsb.xin/service-worker.js" "Mozilla/5.0 (Windows NT 10.0; Win64; x64) AppleWebKit/537.36 (KHTML, like Gecko) Chrome/71.0.3578.98 Safari/537.36"
119.129.231.54 - - [02/Feb/2019:00:09:37 +0800] "GET /assets/fonts/Roboto-Light.69f8a061.woff2 HTTP/2.0" 200 49380 "https://wyydsb.xin/service-worker.js" "Mozilla/5.0 (Windows NT 10.0; Win64; x64) AppleWebKit/537.36 (KHTML, like Gecko) Chrome/71.0.3578.98 Safari/537.36"
119.129.231.54 - - [02/Feb/2019:00:09:37 +0800] "GET /assets/fonts/Roboto-Medium.574fd0b5.woff2 HTTP/2.0" 200 50224 "https://wyydsb.xin/service-worker.js" "Mozilla/5.0 (Windows NT 10.0; Win64; x64) AppleWebKit/537.36 (KHTML, like Gecko) Chrome/71.0.3578.98 Safari/537.36"
42.236.10.117 - - [02/Feb/2019:00:09:37 +0800] "GET /service-worker.js HTTP/2.0" 200 17859 "https://wyydsb.xin/service-worker.js" "Mozilla/5.0 (X11; Linux x86_64) AppleWebKit/537.36 (KHTML, like Gecko) HeadlessChrome/68.0.3427.1 Safari/537.36"
42.236.10.117 - - [02/Feb/2019:00:09:38 +0800] "GET /404.html HTTP/2.0" 200 1977 "https://wyydsb.xin/service-worker.js" "Mozilla/5.0 (X11; Linux x86_64) AppleWebKit/537.36 (KHTML, like Gecko) HeadlessChrome/68.0.3427.1 Safari/537.36"
42.236.10.117 - - [02/Feb/2019:00:09:38 +0800] "GET /assets/css/1.styles.1ce6bbda.css HTTP/2.0" 200 18918 "https://wyydsb.xin/service-worker.js" "Mozilla/5.0 (X11; Linux x86_64) AppleWebKit/537.36 (KHTML, like Gecko) HeadlessChrome/68.0.3427.1 Safari/537.36"
42.236.10.117 - - [02/Feb/2019:00:09:38 +0800] "GET /assets/css/2.styles.5c1fb3e9.css HTTP/2.0" 200 0 "https://wyydsb.xin/service-worker.js" "Mozilla/5.0 (X11; Linux x86_64) AppleWebKit/537.36 (KHTML, like Gecko) HeadlessChrome/68.0.3427.1 Safari/537.36"
119.129.231.54 - - [02/Feb/2019:00:09:40 +0800] "GET /assets/fonts/Roboto-Light.46e48ce0.ttf HTTP/2.0" 200 126792 "https://wyydsb.xin/service-worker.js" "Mozilla/5.0 (Windows NT 10.0; Win64; x64) AppleWebKit/537.36 (KHTML, like Gecko) Chrome/71.0.3578.98 Safari/537.36"
119.129.231.54 - - [02/Feb/2019:00:09:40 +0800] "GET /assets/fonts/Roboto-Medium.fc78759e.woff HTTP/2.0" 200 62980 "https://wyydsb.xin/service-worker.js" "Mozilla/5.0 (Windows NT 10.0; Win64; x64) AppleWebKit/537.36 (KHTML, like Gecko) Chrome/71.0.3578.98 Safari/537.36"
119.129.231.54 - - [02/Feb/2019:00:09:40 +0800] "GET /assets/fonts/Roboto-Regular.2751ee43.woff2 HTTP/2.0" 200 49236 "https://wyydsb.xin/service-worker.js" "Mozilla/5.0 (Windows NT 10.0; Win64; x64) AppleWebKit/537.36 (KHTML, like Gecko) Chrome/71.0.3578.98 Safari/537.36"
119.129.231.54 - - [02/Feb/2019:00:09:40 +0800] "GET /assets/fonts/Roboto-Regular.ba3dcd89.woff HTTP/2.0" 200 61736 "https://wyydsb.xin/service-worker.js" "Mozilla/5.0 (Windows NT 10.0; Win64; x64) AppleWebKit/537.36 (KHTML, like Gecko) Chrome/71.0.3578.98 Safari/537.36"
119.129.231.54 - - [02/Feb/2019:00:09:44 +0800] "GET /assets/fonts/Roboto-Medium.894a2ede.ttf HTTP/2.0" 200 127488 "https://wyydsb.xin/service-worker.js" "Mozilla/5.0 (Windows NT 10.0; Win64; x64) AppleWebKit/537.36 (KHTML, like Gecko) Chrome/71.0.3578.98 Safari/537.36"
119.129.231.54 - - [02/Feb/2019:00:09:44 +0800] "GET /assets/fonts/Roboto-Thin.7500519d.woff HTTP/2.0" 200 61628 "https://wyydsb.xin/service-worker.js" "Mozilla/5.0 (Windows NT 10.0; Win64; x64) AppleWebKit/537.36 (KHTML, like Gecko) Chrome/71.0.3578.98 Safari/537.36"
42.236.10.117 - - [02/Feb/2019:00:09:44 +0800] "GET /assets/fonts/fa-brands-400.030846b7.woff HTTP/2.0" 200 71560 "https://wyydsb.xin/service-worker.js" "Mozilla/5.0 (X11; Linux x86_64) AppleWebKit/537.36 (KHTML, like Gecko) HeadlessChrome/68.0.3427.1 Safari/537.36"
42.236.10.117 - - [02/Feb/2019:00:09:44 +0800] "GET /assets/css/styles.3270a291.css HTTP/2.0" 200 301832 "https://wyydsb.xin/service-worker.js" "Mozilla/5.0 (X11; Linux x86_64) AppleWebKit/537.36 (KHTML, like Gecko) HeadlessChrome/68.0.3427.1 Safari/537.36"
180.163.220.68 - - [02/Feb/2019:00:09:46 +0800] "GET / HTTP/2.0" 200 11101 "-" "Mozilla/5.0 (iPhone; CPU iPhone OS 11_0 like Mac OS X) AppleWebKit/604.1.38 (KHTML, like Gecko) Version/11.0 Mobile/15A372 Safari/604.1"
119.129.231.54 - - [02/Feb/2019:00:09:47 +0800] "GET /assets/fonts/Roboto-Thin.954bbdeb.woff2 HTTP/2.0" 200 48524 "https://wyydsb.xin/service-worker.js" "Mozilla/5.0 (Windows NT 10.0; Win64; x64) AppleWebKit/537.36 (KHTML, like Gecko) Chrome/71.0.3578.98 Safari/537.36"
119.129.231.54 - - [02/Feb/2019:00:09:47 +0800] "GET /assets/fonts/Roboto-Regular.df7b648c.ttf HTTP/2.0" 200 126072 "https://wyydsb.xin/service-worker.js" "Mozilla/5.0 (Windows NT 10.0; Win64; x64) AppleWebKit/537.36 (KHTML, like Gecko) Chrome/71.0.3578.98 Safari/537.36"
119.129.231.54 - - [02/Feb/2019:00:09:47 +0800] "GET /assets/fonts/Roboto-Thin.94998475.ttf HTTP/2.0" 200 127584 "https://wyydsb.xin/service-worker.js" "Mozilla/5.0 (Windows NT 10.0; Win64; x64) AppleWebKit/537.36 (KHTML, like Gecko) Chrome/71.0.3578.98 Safari/537.36"
119.129.231.54 - - [02/Feb/2019:00:09:47 +0800] "GET /assets/img/brand.48f46628.jpg HTTP/2.0" 200 19203 "https://wyydsb.xin/service-worker.js" "Mozilla/5.0 (Windows NT 10.0; Win64; x64) AppleWebKit/537.36 (KHTML, like Gecko) Chrome/71.0.3578.98 Safari/537.36"
42.236.10.117 - - [02/Feb/2019:00:09:48 +0800] "GET /assets/fonts/fa-brands-400.3f5a250e.ttf HTTP/2.0" 200 111384 "https://wyydsb.xin/service-worker.js" "Mozilla/5.0 (X11; Linux x86_64) AppleWebKit/537.36 (KHTML, like Gecko) HeadlessChrome/68.0.3427.1 Safari/537.36"
119.129.231.54 - - [02/Feb/2019:00:09:51 +0800] "GET /assets/img/search.4c472e32.svg HTTP/2.0" 200 238 "https://wyydsb.xin/service-worker.js" "Mozilla/5.0 (Windows NT 10.0; Win64; x64) AppleWebKit/537.36 (KHTML, like Gecko) Chrome/71.0.3578.98 Safari/537.36"
180.163.220.68 - - [02/Feb/2019:00:09:53 +0800] "GET /assets/css/styles.3270a291.css HTTP/2.0" 200 301832 "https://wyydsb.xin/" "Mozilla/5.0 (iPhone; CPU iPhone OS 11_0 like Mac OS X) AppleWebKit/604.1.38 (KHTML, like Gecko) Version/11.0 Mobile/15A372 Safari/604.1"
42.236.10.117 - - [02/Feb/2019:00:09:54 +0800] "GET /assets/fonts/fa-brands-400.65e3be4e.woff2 HTTP/2.0" 200 61336 "https://wyydsb.xin/service-worker.js" "Mozilla/5.0 (X11; Linux x86_64) AppleWebKit/537.36 (KHTML, like Gecko) HeadlessChrome/68.0.3427.1 Safari/537.36"
42.236.10.117 - - [02/Feb/2019:00:09:54 +0800] "GET /assets/fonts/fa-brands-400.4291d4b6.eot HTTP/2.0" 200 111620 "https://wyydsb.xin/service-worker.js" "Mozilla/5.0 (X11; Linux x86_64) AppleWebKit/537.36 (KHTML, like Gecko) HeadlessChrome/68.0.3427.1 Safari/537.36"
42.236.10.117 - - [02/Feb/2019:00:09:54 +0800] "GET /assets/fonts/fa-regular-400.222941bf.woff HTTP/2.0" 200 14724 "https://wyydsb.xin/service-worker.js" "Mozilla/5.0 (X11; Linux x86_64) AppleWebKit/537.36 (KHTML, like Gecko) HeadlessChrome/68.0.3427.1 Safari/537.36"
180.163.220.68 - - [02/Feb/2019:00:09:54 +0800] "GET /assets/js/3.701be32c.js HTTP/2.0" 200 5248 "https://wyydsb.xin/" "Mozilla/5.0 (iPhone; CPU iPhone OS 11_0 like Mac OS X) AppleWebKit/604.1.38 (KHTML, like Gecko) Version/11.0 Mobile/15A372 Safari/604.1"
180.163.220.68 - - [02/Feb/2019:00:09:54 +0800] "GET /face.jpg HTTP/2.0" 200 15454 "https://wyydsb.xin/" "Mozilla/5.0 (iPhone; CPU iPhone OS 11_0 like Mac OS X) AppleWebKit/604.1.38 (KHTML, like Gecko) Version/11.0 Mobile/15A372 Safari/604.1"
180.163.220.68 - - [02/Feb/2019:00:09:55 +0800] "GET /assets/fonts/fa-solid-900.813b8aee.woff2 HTTP/2.0" 200 50388 "https://wyydsb.xin/assets/css/styles.3270a291.css" "Mozilla/5.0 (iPhone; CPU iPhone OS 11_0 like Mac OS X) AppleWebKit/604.1.38 (KHTML, like Gecko) Version/11.0 Mobile/15A372 Safari/604.1"
42.236.10.117 - - [02/Feb/2019:00:09:56 +0800] "GET /assets/fonts/fa-regular-400.6bf2d6c8.ttf HTTP/2.0" 200 31044 "https://wyydsb.xin/service-worker.js" "Mozilla/5.0 (X11; Linux x86_64) AppleWebKit/537.36 (KHTML, like Gecko) HeadlessChrome/68.0.3427.1 Safari/537.36"
42.236.10.117 - - [02/Feb/2019:00:09:56 +0800] "GET /assets/fonts/fa-regular-400.914437d6.woff2 HTTP/2.0" 200 12168 "https://wyydsb.xin/service-worker.js" "Mozilla/5.0 (X11; Linux x86_64) AppleWebKit/537.36 (KHTML, like Gecko) HeadlessChrome/68.0.3427.1 Safari/537.36"
180.163.220.68 - - [02/Feb/2019:00:09:57 +0800] "GET /assets/fonts/fa-brands-400.65e3be4e.woff2 HTTP/2.0" 200 61336 "https://wyydsb.xin/assets/css/styles.3270a291.css" "Mozilla/5.0 (iPhone; CPU iPhone OS 11_0 like Mac OS X) AppleWebKit/604.1.38 (KHTML, like Gecko) Version/11.0 Mobile/15A372 Safari/604.1"
180.163.220.68 - - [02/Feb/2019:00:09:57 +0800] "GET /assets/fonts/Roboto-Regular.2751ee43.woff2 HTTP/2.0" 200 49236 "https://wyydsb.xin/assets/css/styles.3270a291.css" "Mozilla/5.0 (iPhone; CPU iPhone OS 11_0 like Mac OS X) AppleWebKit/604.1.38 (KHTML, like Gecko) Version/11.0 Mobile/15A372 Safari/604.1"
180.163.220.68 - - [02/Feb/2019:00:09:58 +0800] "GET /assets/fonts/Roboto-Bold.39b2c303.woff2 HTTP/2.0" 200 49976 "https://wyydsb.xin/assets/css/styles.3270a291.css" "Mozilla/5.0 (iPhone; CPU iPhone OS 11_0 like Mac OS X) AppleWebKit/604.1.38 (KHTML, like Gecko) Version/11.0 Mobile/15A372 Safari/604.1"
119.129.231.54 - - [02/Feb/2019:00:09:59 +0800] "GET /assets/js/11.23175a15.js HTTP/2.0" 200 34685 "https://wyydsb.xin/service-worker.js" "Mozilla/5.0 (Windows NT 10.0; Win64; x64) AppleWebKit/537.36 (KHTML, like Gecko) Chrome/71.0.3578.98 Safari/537.36"
119.129.231.54 - - [02/Feb/2019:00:09:59 +0800] "GET /assets/img/fa-regular-400.47d19eca.svg HTTP/2.0" 200 104530 "https://wyydsb.xin/service-worker.js" "Mozilla/5.0 (Windows NT 10.0; Win64; x64) AppleWebKit/537.36 (KHTML, like Gecko) Chrome/71.0.3578.98 Safari/537.36"
180.163.220.68 - - [02/Feb/2019:00:09:59 +0800] "GET /assets/fonts/Roboto-Medium.574fd0b5.woff2 HTTP/2.0" 200 50224 "https://wyydsb.xin/assets/css/styles.3270a291.css" "Mozilla/5.0 (iPhone; CPU iPhone OS 11_0 like Mac OS X) AppleWebKit/604.1.38 (KHTML, like Gecko) Version/11.0 Mobile/15A372 Safari/604.1"
180.163.220.68 - - [02/Feb/2019:00:09:59 +0800] "GET /assets/img/search.4c472e32.svg HTTP/2.0" 200 238 "https://wyydsb.xin/assets/css/styles.3270a291.css" "Mozilla/5.0 (iPhone; CPU iPhone OS 11_0 like Mac OS X) AppleWebKit/604.1.38 (KHTML, like Gecko) Version/11.0 Mobile/15A372 Safari/604.1"
180.163.220.68 - - [02/Feb/2019:00:09:59 +0800] "GET /assets/img/brand.48f46628.jpg HTTP/2.0" 200 19203 "https://wyydsb.xin/assets/css/styles.3270a291.css" "Mozilla/5.0 (iPhone; CPU iPhone OS 11_0 like Mac OS X) AppleWebKit/604.1.38 (KHTML, like Gecko) Version/11.0 Mobile/15A372 Safari/604.1"
180.163.220.68 - - [02/Feb/2019:00:09:59 +0800] "GET /assets/js/app.3270a291.js HTTP/2.0" 200 358231 "https://wyydsb.xin/" "Mozilla/5.0 (iPhone; CPU iPhone OS 11_0 like Mac OS X) AppleWebKit/604.1.38 (KHTML, like Gecko) Version/11.0 Mobile/15A372 Safari/604.1"
42.236.10.117 - - [02/Feb/2019:00:10:00 +0800] "GET /assets/fonts/fa-regular-400.d30b8018.eot HTTP/2.0" 200 31272 "https://wyydsb.xin/service-worker.js" "Mozilla/5.0 (X11; Linux x86_64) AppleWebKit/537.36 (KHTML, like Gecko) HeadlessChrome/68.0.3427.1 Safari/537.36"
42.236.10.117 - - [02/Feb/2019:00:10:00 +0800] "GET /assets/fonts/fa-solid-900.140f4148.woff HTTP/2.0" 200 63836 "https://wyydsb.xin/service-worker.js" "Mozilla/5.0 (X11; Linux x86_64) AppleWebKit/537.36 (KHTML, like Gecko) HeadlessChrome/68.0.3427.1 Safari/537.36"
42.236.10.117 - - [02/Feb/2019:00:10:02 +0800] "GET /assets/fonts/fa-solid-900.4910ec73.eot HTTP/2.0" 200 133140 "https://wyydsb.xin/service-worker.js" "Mozilla/5.0 (X11; Linux x86_64) AppleWebKit/537.36 (KHTML, like Gecko) HeadlessChrome/68.0.3427.1 Safari/537.36"
180.163.220.68 - - [02/Feb/2019:00:10:02 +0800] "GET /assets/css/2.styles.5c1fb3e9.css HTTP/2.0" 200 0 "https://wyydsb.xin/" "Mozilla/5.0 (iPhone; CPU iPhone OS 11_0 like Mac OS X) AppleWebKit/604.1.38 (KHTML, like Gecko) Version/11.0 Mobile/15A372 Safari/604.1"
180.163.220.68 - - [02/Feb/2019:00:10:02 +0800] "GET /assets/js/2.5c1fb3e9.js HTTP/2.0" 200 82 "https://wyydsb.xin/" "Mozilla/5.0 (iPhone; CPU iPhone OS 11_0 like Mac OS X) AppleWebKit/604.1.38 (KHTML, like Gecko) Version/11.0 Mobile/15A372 Safari/604.1"
42.236.10.117 - - [02/Feb/2019:00:10:02 +0800] "GET /assets/fonts/fa-solid-900.813b8aee.woff2 HTTP/2.0" 200 50388 "https://wyydsb.xin/service-worker.js" "Mozilla/5.0 (X11; Linux x86_64) AppleWebKit/537.36 (KHTML, like Gecko) HeadlessChrome/68.0.3427.1 Safari/537.36"
180.163.220.68 - - [02/Feb/2019:00:10:03 +0800] "GET /pv.txt HTTP/2.0" 200 68 "https://wyydsb.xin/" "Mozilla/5.0 (iPhone; CPU iPhone OS 11_0 like Mac OS X) AppleWebKit/604.1.38 (KHTML, like Gecko) Version/11.0 Mobile/15A372 Safari/604.1"
180.163.220.68 - - [02/Feb/2019:00:10:03 +0800] "GET /assets/css/1.styles.1ce6bbda.css HTTP/2.0" 200 18918 "https://wyydsb.xin/" "Mozilla/5.0 (iPhone; CPU iPhone OS 11_0 like Mac OS X) AppleWebKit/604.1.38 (KHTML, like Gecko) Version/11.0 Mobile/15A372 Safari/604.1"
180.163.220.68 - - [02/Feb/2019:00:10:05 +0800] "GET /assets/js/vendors~docsearch.1ce6bbda.js HTTP/2.0" 200 115290 "https://wyydsb.xin/" "Mozilla/5.0 (iPhone; CPU iPhone OS 11_0 like Mac OS X) AppleWebKit/604.1.38 (KHTML, like Gecko) Version/11.0 Mobile/15A372 Safari/604.1"
180.163.220.68 - - [02/Feb/2019:00:10:05 +0800] "GET /pv.txt HTTP/2.0" 200 68 "https://wyydsb.xin/" "Mozilla/5.0 (iPhone; CPU iPhone OS 11_0 like Mac OS X) AppleWebKit/604.1.38 (KHTML, like Gecko) Version/11.0 Mobile/15A372 Safari/604.1"
180.163.220.68 - - [02/Feb/2019:00:10:05 +0800] "GET /assets/js/67.f745d932.js HTTP/2.0" 200 9136 "https://wyydsb.xin/" "Mozilla/5.0 (iPhone; CPU iPhone OS 11_0 like Mac OS X) AppleWebKit/604.1.38 (KHTML, like Gecko) Version/11.0 Mobile/15A372 Safari/604.1"
42.236.10.117 - - [02/Feb/2019:00:10:05 +0800] "GET /assets/fonts/Roboto-Bold.39b2c303.woff2 HTTP/2.0" 200 49976 "https://wyydsb.xin/service-worker.js" "Mozilla/5.0 (X11; Linux x86_64) AppleWebKit/537.36 (KHTML, like Gecko) HeadlessChrome/68.0.3427.1 Safari/537.36"
42.236.10.117 - - [02/Feb/2019:00:10:05 +0800] "GET /assets/fonts/fa-solid-900.e57e108a.ttf HTTP/2.0" 200 132920 "https://wyydsb.xin/service-worker.js" "Mozilla/5.0 (X11; Linux x86_64) AppleWebKit/537.36 (KHTML, like Gecko) HeadlessChrome/68.0.3427.1 Safari/537.36"
180.163.220.68 - - [02/Feb/2019:00:10:06 +0800] "GET /service-worker.js HTTP/2.0" 200 17859 "https://wyydsb.xin/service-worker.js" "Mozilla/5.0 (X11; Linux x86_64) AppleWebKit/537.36 (KHTML, like Gecko) HeadlessChrome/68.0.3427.1 Safari/537.36"
42.236.10.117 - - [02/Feb/2019:00:10:06 +0800] "GET /assets/fonts/Roboto-Bold.dc81817d.woff HTTP/2.0" 200 62876 "https://wyydsb.xin/service-worker.js" "Mozilla/5.0 (X11; Linux x86_64) AppleWebKit/537.36 (KHTML, like Gecko) HeadlessChrome/68.0.3427.1 Safari/537.36"
180.163.220.68 - - [02/Feb/2019:00:10:06 +0800] "GET /404.html HTTP/2.0" 200 1977 "https://wyydsb.xin/service-worker.js" "Mozilla/5.0 (X11; Linux x86_64) AppleWebKit/537.36 (KHTML, like Gecko) HeadlessChrome/68.0.3427.1 Safari/537.36"
180.163.220.68 - - [02/Feb/2019:00:10:06 +0800] "GET /assets/css/1.styles.1ce6bbda.css HTTP/2.0" 200 18918 "https://wyydsb.xin/service-worker.js" "Mozilla/5.0 (X11; Linux x86_64) AppleWebKit/537.36 (KHTML, like Gecko) HeadlessChrome/68.0.3427.1 Safari/537.36"
180.163.220.68 - - [02/Feb/2019:00:10:06 +0800] "GET /assets/css/2.styles.5c1fb3e9.css HTTP/2.0" 200 0 "https://wyydsb.xin/service-worker.js" "Mozilla/5.0 (X11; Linux x86_64) AppleWebKit/537.36 (KHTML, like Gecko) HeadlessChrome/68.0.3427.1 Safari/537.36"
119.129.231.54 - - [02/Feb/2019:00:10:07 +0800] "GET /assets/js/12.3fc16e0a.js HTTP/2.0" 200 37316 "https://wyydsb.xin/service-worker.js" "Mozilla/5.0 (Windows NT 10.0; Win64; x64) AppleWebKit/537.36 (KHTML, like Gecko) Chrome/71.0.3578.98 Safari/537.36"
119.129.231.54 - - [02/Feb/2019:00:10:07 +0800] "GET /assets/js/13.4db639e6.js HTTP/2.0" 200 14699 "https://wyydsb.xin/service-worker.js" "Mozilla/5.0 (Windows NT 10.0; Win64; x64) AppleWebKit/537.36 (KHTML, like Gecko) Chrome/71.0.3578.98 Safari/537.36"
42.236.10.117 - - [02/Feb/2019:00:10:11 +0800] "GET /assets/fonts/Roboto-Bold.e31fcf18.ttf HTTP/2.0" 200 127744 "https://wyydsb.xin/service-worker.js" "Mozilla/5.0 (X11; Linux x86_64) AppleWebKit/537.36 (KHTML, like Gecko) HeadlessChrome/68.0.3427.1 Safari/537.36"
42.236.10.117 - - [02/Feb/2019:00:10:11 +0800] "GET /assets/fonts/Roboto-Light.3b813c2a.woff HTTP/2.0" 200 62316 "https://wyydsb.xin/service-worker.js" "Mozilla/5.0 (X11; Linux x86_64) AppleWebKit/537.36 (KHTML, like Gecko) HeadlessChrome/68.0.3427.1 Safari/537.36"
180.163.220.68 - - [02/Feb/2019:00:10:13 +0800] "GET /assets/fonts/fa-brands-400.030846b7.woff HTTP/2.0" 200 71560 "https://wyydsb.xin/service-worker.js" "Mozilla/5.0 (X11; Linux x86_64) AppleWebKit/537.36 (KHTML, like Gecko) HeadlessChrome/68.0.3427.1 Safari/537.36"
180.163.220.68 - - [02/Feb/2019:00:10:13 +0800] "GET /assets/css/styles.3270a291.css HTTP/2.0" 200 301832 "https://wyydsb.xin/service-worker.js" "Mozilla/5.0 (X11; Linux x86_64) AppleWebKit/537.36 (KHTML, like Gecko) HeadlessChrome/68.0.3427.1 Safari/537.36"
119.129.231.54 - - [02/Feb/2019:00:10:13 +0800] "GET /assets/js/14.134691c3.js HTTP/2.0" 200 16623 "https://wyydsb.xin/service-worker.js" "Mozilla/5.0 (Windows NT 10.0; Win64; x64) AppleWebKit/537.36 (KHTML, like Gecko) Chrome/71.0.3578.98 Safari/537.36"
119.129.231.54 - - [02/Feb/2019:00:10:13 +0800] "GET /assets/js/10.fb96c8b3.js HTTP/2.0" 200 211738 "https://wyydsb.xin/service-worker.js" "Mozilla/5.0 (Windows NT 10.0; Win64; x64) AppleWebKit/537.36 (KHTML, like Gecko) Chrome/71.0.3578.98 Safari/537.36"
119.129.231.54 - - [02/Feb/2019:00:10:13 +0800] "GET /assets/js/16.56c36e1e.js HTTP/2.0" 200 32860 "https://wyydsb.xin/service-worker.js" "Mozilla/5.0 (Windows NT 10.0; Win64; x64) AppleWebKit/537.36 (KHTML, like Gecko) Chrome/71.0.3578.98 Safari/537.36"
119.129.231.54 - - [02/Feb/2019:00:10:13 +0800] "GET /assets/js/17.8d0a6372.js HTTP/2.0" 200 2288 "https://wyydsb.xin/service-worker.js" "Mozilla/5.0 (Windows NT 10.0; Win64; x64) AppleWebKit/537.36 (KHTML, like Gecko) Chrome/71.0.3578.98 Safari/537.36"
180.163.220.68 - - [02/Feb/2019:00:10:15 +0800] "GET /assets/fonts/fa-brands-400.3f5a250e.ttf HTTP/2.0" 200 111384 "https://wyydsb.xin/service-worker.js" "Mozilla/5.0 (X11; Linux x86_64) AppleWebKit/537.36 (KHTML, like Gecko) HeadlessChrome/68.0.3427.1 Safari/537.36"
42.236.10.117 - - [02/Feb/2019:00:10:15 +0800] "GET /assets/fonts/Roboto-Light.46e48ce0.ttf HTTP/2.0" 200 126792 "https://wyydsb.xin/service-worker.js" "Mozilla/5.0 (X11; Linux x86_64) AppleWebKit/537.36 (KHTML, like Gecko) HeadlessChrome/68.0.3427.1 Safari/537.36"
180.163.220.68 - - [02/Feb/2019:00:10:16 +0800] "GET /assets/fonts/fa-brands-400.65e3be4e.woff2 HTTP/2.0" 200 61336 "https://wyydsb.xin/service-worker.js" "Mozilla/5.0 (X11; Linux x86_64) AppleWebKit/537.36 (KHTML, like Gecko) HeadlessChrome/68.0.3427.1 Safari/537.36"
180.163.220.68 - - [02/Feb/2019:00:10:16 +0800] "GET /assets/fonts/fa-brands-400.4291d4b6.eot HTTP/2.0" 200 111620 "https://wyydsb.xin/service-worker.js" "Mozilla/5.0 (X11; Linux x86_64) AppleWebKit/537.36 (KHTML, like Gecko) HeadlessChrome/68.0.3427.1 Safari/537.36"
180.163.220.68 - - [02/Feb/2019:00:10:16 +0800] "GET /assets/fonts/fa-regular-400.222941bf.woff HTTP/2.0" 200 14724 "https://wyydsb.xin/service-worker.js" "Mozilla/5.0 (X11; Linux x86_64) AppleWebKit/537.36 (KHTML, like Gecko) HeadlessChrome/68.0.3427.1 Safari/537.36"
42.236.10.117 - - [02/Feb/2019:00:10:17 +0800] "GET /assets/fonts/Roboto-Light.69f8a061.woff2 HTTP/2.0" 200 49380 "https://wyydsb.xin/service-worker.js" "Mozilla/5.0 (X11; Linux x86_64) AppleWebKit/537.36 (KHTML, like Gecko) HeadlessChrome/68.0.3427.1 Safari/537.36"
42.236.10.117 - - [02/Feb/2019:00:10:18 +0800] "GET /assets/fonts/Roboto-Medium.574fd0b5.woff2 HTTP/2.0" 200 50224 "https://wyydsb.xin/service-worker.js" "Mozilla/5.0 (X11; Linux x86_64) AppleWebKit/537.36 (KHTML, like Gecko) HeadlessChrome/68.0.3427.1 Safari/537.36"
180.163.220.68 - - [02/Feb/2019:00:10:18 +0800] "GET /assets/fonts/fa-regular-400.6bf2d6c8.ttf HTTP/2.0" 200 31044 "https://wyydsb.xin/service-worker.js" "Mozilla/5.0 (X11; Linux x86_64) AppleWebKit/537.36 (KHTML, like Gecko) HeadlessChrome/68.0.3427.1 Safari/537.36"
180.163.220.68 - - [02/Feb/2019:00:10:18 +0800] "GET /assets/fonts/fa-regular-400.914437d6.woff2 HTTP/2.0" 200 12168 "https://wyydsb.xin/service-worker.js" "Mozilla/5.0 (X11; Linux x86_64) AppleWebKit/537.36 (KHTML, like Gecko) HeadlessChrome/68.0.3427.1 Safari/537.36"
180.163.220.68 - - [02/Feb/2019:00:10:18 +0800] "GET /assets/fonts/fa-regular-400.d30b8018.eot HTTP/2.0" 200 31272 "https://wyydsb.xin/service-worker.js" "Mozilla/5.0 (X11; Linux x86_64) AppleWebKit/537.36 (KHTML, like Gecko) HeadlessChrome/68.0.3427.1 Safari/537.36"
180.163.220.68 - - [02/Feb/2019:00:10:20 +0800] "GET /assets/fonts/fa-solid-900.140f4148.woff HTTP/2.0" 200 63836 "https://wyydsb.xin/service-worker.js" "Mozilla/5.0 (X11; Linux x86_64) AppleWebKit/537.36 (KHTML, like Gecko) HeadlessChrome/68.0.3427.1 Safari/537.36"
180.163.220.68 - - [02/Feb/2019:00:10:21 +0800] "GET /assets/fonts/fa-solid-900.813b8aee.woff2 HTTP/2.0" 200 50388 "https://wyydsb.xin/service-worker.js" "Mozilla/5.0 (X11; Linux x86_64) AppleWebKit/537.36 (KHTML, like Gecko) HeadlessChrome/68.0.3427.1 Safari/537.36"
42.236.10.117 - - [02/Feb/2019:00:10:22 +0800] "GET /assets/fonts/Roboto-Medium.894a2ede.ttf HTTP/2.0" 200 127488 "https://wyydsb.xin/service-worker.js" "Mozilla/5.0 (X11; Linux x86_64) AppleWebKit/537.36 (KHTML, like Gecko) HeadlessChrome/68.0.3427.1 Safari/537.36"
119.129.231.54 - - [02/Feb/2019:00:10:23 +0800] "GET /assets/js/15.a87756fa.js HTTP/2.0" 200 89847 "https://wyydsb.xin/service-worker.js" "Mozilla/5.0 (Windows NT 10.0; Win64; x64) AppleWebKit/537.36 (KHTML, like Gecko) Chrome/71.0.3578.98 Safari/537.36"
42.236.10.117 - - [02/Feb/2019:00:10:23 +0800] "GET /assets/fonts/Roboto-Medium.fc78759e.woff HTTP/2.0" 200 62980 "https://wyydsb.xin/service-worker.js" "Mozilla/5.0 (X11; Linux x86_64) AppleWebKit/537.36 (KHTML, like Gecko) HeadlessChrome/68.0.3427.1 Safari/537.36"
180.163.220.68 - - [02/Feb/2019:00:10:24 +0800] "GET /assets/fonts/fa-solid-900.4910ec73.eot HTTP/2.0" 200 133140 "https://wyydsb.xin/service-worker.js" "Mozilla/5.0 (X11; Linux x86_64) AppleWebKit/537.36 (KHTML, like Gecko) HeadlessChrome/68.0.3427.1 Safari/537.36"
42.236.10.117 - - [02/Feb/2019:00:10:24 +0800] "GET /assets/fonts/Roboto-Regular.2751ee43.woff2 HTTP/2.0" 200 49236 "https://wyydsb.xin/service-worker.js" "Mozilla/5.0 (X11; Linux x86_64) AppleWebKit/537.36 (KHTML, like Gecko) HeadlessChrome/68.0.3427.1 Safari/537.36"
180.163.220.68 - - [02/Feb/2019:00:10:25 +0800] "GET /assets/fonts/Roboto-Bold.39b2c303.woff2 HTTP/2.0" 200 49976 "https://wyydsb.xin/service-worker.js" "Mozilla/5.0 (X11; Linux x86_64) AppleWebKit/537.36 (KHTML, like Gecko) HeadlessChrome/68.0.3427.1 Safari/537.36"
42.236.10.117 - - [02/Feb/2019:00:10:26 +0800] "GET /assets/fonts/Roboto-Regular.ba3dcd89.woff HTTP/2.0" 200 61736 "https://wyydsb.xin/service-worker.js" "Mozilla/5.0 (X11; Linux x86_64) AppleWebKit/537.36 (KHTML, like Gecko) HeadlessChrome/68.0.3427.1 Safari/537.36"
180.163.220.68 - - [02/Feb/2019:00:10:26 +0800] "GET /assets/fonts/Roboto-Bold.dc81817d.woff HTTP/2.0" 200 62876 "https://wyydsb.xin/service-worker.js" "Mozilla/5.0 (X11; Linux x86_64) AppleWebKit/537.36 (KHTML, like Gecko) HeadlessChrome/68.0.3427.1 Safari/537.36"
180.163.220.68 - - [02/Feb/2019:00:10:26 +0800] "GET /assets/fonts/fa-solid-900.e57e108a.ttf HTTP/2.0" 200 132920 "https://wyydsb.xin/service-worker.js" "Mozilla/5.0 (X11; Linux x86_64) AppleWebKit/537.36 (KHTML, like Gecko) HeadlessChrome/68.0.3427.1 Safari/537.36"
42.236.10.117 - - [02/Feb/2019:00:10:28 +0800] "GET /assets/fonts/Roboto-Regular.df7b648c.ttf HTTP/2.0" 200 126072 "https://wyydsb.xin/service-worker.js" "Mozilla/5.0 (X11; Linux x86_64) AppleWebKit/537.36 (KHTML, like Gecko) HeadlessChrome/68.0.3427.1 Safari/537.36"
42.236.10.117 - - [02/Feb/2019:00:10:28 +0800] "GET /assets/fonts/Roboto-Thin.7500519d.woff HTTP/2.0" 200 61628 "https://wyydsb.xin/service-worker.js" "Mozilla/5.0 (X11; Linux x86_64) AppleWebKit/537.36 (KHTML, like Gecko) HeadlessChrome/68.0.3427.1 Safari/537.36"
119.129.231.54 - - [02/Feb/2019:00:10:29 +0800] "GET /assets/js/2.5c1fb3e9.js HTTP/2.0" 200 0 "https://wyydsb.xin/service-worker.js" "Mozilla/5.0 (Windows NT 10.0; Win64; x64) AppleWebKit/537.36 (KHTML, like Gecko) Chrome/71.0.3578.98 Safari/537.36"
119.129.231.54 - - [02/Feb/2019:00:10:29 +0800] "GET /assets/js/20.99386c8a.js HTTP/2.0" 200 0 "https://wyydsb.xin/service-worker.js" "Mozilla/5.0 (Windows NT 10.0; Win64; x64) AppleWebKit/537.36 (KHTML, like Gecko) Chrome/71.0.3578.98 Safari/537.36"
119.129.231.54 - - [02/Feb/2019:00:10:29 +0800] "GET /assets/js/21.c4957602.js HTTP/2.0" 200 0 "https://wyydsb.xin/service-worker.js" "Mozilla/5.0 (Windows NT 10.0; Win64; x64) AppleWebKit/537.36 (KHTML, like Gecko) Chrome/71.0.3578.98 Safari/537.36"
119.129.231.54 - - [02/Feb/2019:00:10:29 +0800] "GET /assets/js/22.50e487dd.js HTTP/2.0" 200 0 "https://wyydsb.xin/service-worker.js" "Mozilla/5.0 (Windows NT 10.0; Win64; x64) AppleWebKit/537.36 (KHTML, like Gecko) Chrome/71.0.3578.98 Safari/537.36"
119.129.231.54 - - [02/Feb/2019:00:10:29 +0800] "GET /assets/js/23.2578ff38.js HTTP/2.0" 200 0 "https://wyydsb.xin/service-worker.js" "Mozilla/5.0 (Windows NT 10.0; Win64; x64) AppleWebKit/537.36 (KHTML, like Gecko) Chrome/71.0.3578.98 Safari/537.36"
119.129.231.54 - - [02/Feb/2019:00:10:29 +0800] "GET /assets/js/24.2c28b6c9.js HTTP/2.0" 200 0 "https://wyydsb.xin/service-worker.js" "Mozilla/5.0 (Windows NT 10.0; Win64; x64) AppleWebKit/537.36 (KHTML, like Gecko) Chrome/71.0.3578.98 Safari/537.36"
119.129.231.54 - - [02/Feb/2019:00:10:29 +0800] "GET /assets/js/25.98ed830d.js HTTP/2.0" 200 0 "https://wyydsb.xin/service-worker.js" "Mozilla/5.0 (Windows NT 10.0; Win64; x64) AppleWebKit/537.36 (KHTML, like Gecko) Chrome/71.0.3578.98 Safari/537.36"
119.129.231.54 - - [02/Feb/2019:00:10:29 +0800] "GET /assets/js/26.50fa3eb9.js HTTP/2.0" 200 0 "https://wyydsb.xin/service-worker.js" "Mozilla/5.0 (Windows NT 10.0; Win64; x64) AppleWebKit/537.36 (KHTML, like Gecko) Chrome/71.0.3578.98 Safari/537.36"
119.129.231.54 - - [02/Feb/2019:00:10:29 +0800] "GET /assets/js/27.ab34d3ad.js HTTP/2.0" 200 0 "https://wyydsb.xin/service-worker.js" "Mozilla/5.0 (Windows NT 10.0; Win64; x64) AppleWebKit/537.36 (KHTML, like Gecko) Chrome/71.0.3578.98 Safari/537.36"
119.129.231.54 - - [02/Feb/2019:00:10:29 +0800] "GET /assets/js/28.8ea1f4bb.js HTTP/2.0" 200 0 "https://wyydsb.xin/service-worker.js" "Mozilla/5.0 (Windows NT 10.0; Win64; x64) AppleWebKit/537.36 (KHTML, like Gecko) Chrome/71.0.3578.98 Safari/537.36"
119.129.231.54 - - [02/Feb/2019:00:10:29 +0800] "GET /assets/js/29.59e9cfa6.js HTTP/2.0" 200 0 "https://wyydsb.xin/service-worker.js" "Mozilla/5.0 (Windows NT 10.0; Win64; x64) AppleWebKit/537.36 (KHTML, like Gecko) Chrome/71.0.3578.98 Safari/537.36"
119.129.231.54 - - [02/Feb/2019:00:10:29 +0800] "GET /assets/js/3.701be32c.js HTTP/2.0" 200 0 "https://wyydsb.xin/service-worker.js" "Mozilla/5.0 (Windows NT 10.0; Win64; x64) AppleWebKit/537.36 (KHTML, like Gecko) Chrome/71.0.3578.98 Safari/537.36"
119.129.231.54 - - [02/Feb/2019:00:10:29 +0800] "GET /assets/js/30.c7591c6a.js HTTP/2.0" 200 0 "https://wyydsb.xin/service-worker.js" "Mozilla/5.0 (Windows NT 10.0; Win64; x64) AppleWebKit/537.36 (KHTML, like Gecko) Chrome/71.0.3578.98 Safari/537.36"
119.129.231.54 - - [02/Feb/2019:00:10:29 +0800] "GET /assets/js/31.3dc58905.js HTTP/2.0" 200 0 "https://wyydsb.xin/service-worker.js" "Mozilla/5.0 (Windows NT 10.0; Win64; x64) AppleWebKit/537.36 (KHTML, like Gecko) Chrome/71.0.3578.98 Safari/537.36"
119.129.231.54 - - [02/Feb/2019:00:10:29 +0800] "GET /assets/js/32.cb98a890.js HTTP/2.0" 200 0 "https://wyydsb.xin/service-worker.js" "Mozilla/5.0 (Windows NT 10.0; Win64; x64) AppleWebKit/537.36 (KHTML, like Gecko) Chrome/71.0.3578.98 Safari/537.36"
119.129.231.54 - - [02/Feb/2019:00:10:29 +0800] "GET /assets/js/33.1d59a191.js HTTP/2.0" 200 0 "https://wyydsb.xin/service-worker.js" "Mozilla/5.0 (Windows NT 10.0; Win64; x64) AppleWebKit/537.36 (KHTML, like Gecko) Chrome/71.0.3578.98 Safari/537.36"
119.129.231.54 - - [02/Feb/2019:00:10:29 +0800] "GET /assets/js/34.d532f74a.js HTTP/2.0" 200 0 "https://wyydsb.xin/service-worker.js" "Mozilla/5.0 (Windows NT 10.0; Win64; x64) AppleWebKit/537.36 (KHTML, like Gecko) Chrome/71.0.3578.98 Safari/537.36"
119.129.231.54 - - [02/Feb/2019:00:10:29 +0800] "GET /assets/js/35.5bb1ed27.js HTTP/2.0" 200 0 "https://wyydsb.xin/service-worker.js" "Mozilla/5.0 (Windows NT 10.0; Win64; x64) AppleWebKit/537.36 (KHTML, like Gecko) Chrome/71.0.3578.98 Safari/537.36"
119.129.231.54 - - [02/Feb/2019:00:10:29 +0800] "GET /assets/js/36.0fc1d990.js HTTP/2.0" 200 0 "https://wyydsb.xin/service-worker.js" "Mozilla/5.0 (Windows NT 10.0; Win64; x64) AppleWebKit/537.36 (KHTML, like Gecko) Chrome/71.0.3578.98 Safari/537.36"
119.129.231.54 - - [02/Feb/2019:00:10:29 +0800] "GET /assets/js/37.d75a1175.js HTTP/2.0" 200 0 "https://wyydsb.xin/service-worker.js" "Mozilla/5.0 (Windows NT 10.0; Win64; x64) AppleWebKit/537.36 (KHTML, like Gecko) Chrome/71.0.3578.98 Safari/537.36"
119.129.231.54 - - [02/Feb/2019:00:10:29 +0800] "GET /assets/js/38.6fd19563.js HTTP/2.0" 200 0 "https://wyydsb.xin/service-worker.js" "Mozilla/5.0 (Windows NT 10.0; Win64; x64) AppleWebKit/537.36 (KHTML, like Gecko) Chrome/71.0.3578.98 Safari/537.36"
119.129.231.54 - - [02/Feb/2019:00:10:29 +0800] "GET /assets/js/39.7c8637ce.js HTTP/2.0" 200 0 "https://wyydsb.xin/service-worker.js" "Mozilla/5.0 (Windows NT 10.0; Win64; x64) AppleWebKit/537.36 (KHTML, like Gecko) Chrome/71.0.3578.98 Safari/537.36"
119.129.231.54 - - [02/Feb/2019:00:10:29 +0800] "GET /assets/js/4.2f5a72bd.js HTTP/2.0" 200 0 "https://wyydsb.xin/service-worker.js" "Mozilla/5.0 (Windows NT 10.0; Win64; x64) AppleWebKit/537.36 (KHTML, like Gecko) Chrome/71.0.3578.98 Safari/537.36"
119.129.231.54 - - [02/Feb/2019:00:10:29 +0800] "GET /assets/js/40.60937ff7.js HTTP/2.0" 200 0 "https://wyydsb.xin/service-worker.js" "Mozilla/5.0 (Windows NT 10.0; Win64; x64) AppleWebKit/537.36 (KHTML, like Gecko) Chrome/71.0.3578.98 Safari/537.36"
119.129.231.54 - - [02/Feb/2019:00:10:29 +0800] "GET /assets/js/41.d869cfb9.js HTTP/2.0" 200 0 "https://wyydsb.xin/service-worker.js" "Mozilla/5.0 (Windows NT 10.0; Win64; x64) AppleWebKit/537.36 (KHTML, like Gecko) Chrome/71.0.3578.98 Safari/537.36"
119.129.231.54 - - [02/Feb/2019:00:10:29 +0800] "GET /assets/js/42.15704c85.js HTTP/2.0" 200 0 "https://wyydsb.xin/service-worker.js" "Mozilla/5.0 (Windows NT 10.0; Win64; x64) AppleWebKit/537.36 (KHTML, like Gecko) Chrome/71.0.3578.98 Safari/537.36"
119.129.231.54 - - [02/Feb/2019:00:10:29 +0800] "GET /assets/js/43.f02a87b0.js HTTP/2.0" 200 0 "https://wyydsb.xin/service-worker.js" "Mozilla/5.0 (Windows NT 10.0; Win64; x64) AppleWebKit/537.36 (KHTML, like Gecko) Chrome/71.0.3578.98 Safari/537.36"
119.129.231.54 - - [02/Feb/2019:00:10:29 +0800] "GET /assets/js/44.4de5f7d6.js HTTP/2.0" 200 0 "https://wyydsb.xin/service-worker.js" "Mozilla/5.0 (Windows NT 10.0; Win64; x64) AppleWebKit/537.36 (KHTML, like Gecko) Chrome/71.0.3578.98 Safari/537.36"
