36.24.138.163 - - [18/Dec/2018:07:30:28 +0800] "GET /assets/js/30.0eaff5be.js HTTP/2.0" 200 277035 "https://wyydsb.com/other/ecmo.html" "Mozilla/5.0 (Windows NT 6.1; WOW64) AppleWebKit/537.36 (KHTML, like Gecko) Chrome/63.0.3239.132 Safari/537.36"
180.163.220.66 - - [18/Dec/2018:07:30:32 +0800] "GET /assets/js/24.899ed67e.js HTTP/2.0" 200 149075 "https://wyydsb.com/other/ecmo.html" "Mozilla/5.0 (Windows NT 6.1) AppleWebKit/537.36 (KHTML, like Gecko) Chrome/36.0.1985.125 Safari/537.36"
180.163.220.68 - - [18/Dec/2018:07:30:33 +0800] "GET / HTTP/2.0" 200 14400 "-" "Mozilla/5.0 (Linux; U; Android 5.0.2; zh-CN; Redmi Note 3 Build/LRX22G) AppleWebKit/537.36 (KHTML, like Gecko) Version/4.0 OPR/11.2.3.102637 Mobile Safari/537.36"
180.163.220.66 - - [18/Dec/2018:07:30:34 +0800] "GET /assets/js/27.08265f06.js HTTP/2.0" 200 67986 "https://wyydsb.com/other/ecmo.html" "Mozilla/5.0 (Windows NT 6.1) AppleWebKit/537.36 (KHTML, like Gecko) Chrome/36.0.1985.125 Safari/537.36"
180.163.220.66 - - [18/Dec/2018:07:30:34 +0800] "GET /assets/js/28.c3d3bb62.js HTTP/2.0" 200 17068 "https://wyydsb.com/other/ecmo.html" "Mozilla/5.0 (Windows NT 6.1) AppleWebKit/537.36 (KHTML, like Gecko) Chrome/36.0.1985.125 Safari/537.36"
180.163.220.66 - - [18/Dec/2018:07:30:34 +0800] "GET /assets/js/29.c09f537b.js HTTP/2.0" 200 11488 "https://wyydsb.com/other/ecmo.html" "Mozilla/5.0 (Windows NT 6.1) AppleWebKit/537.36 (KHTML, like Gecko) Chrome/36.0.1985.125 Safari/537.36"
180.163.220.66 - - [18/Dec/2018:07:30:34 +0800] "GET /assets/js/3.2e76d84b.js HTTP/2.0" 200 4754 "https://wyydsb.com/other/ecmo.html" "Mozilla/5.0 (Windows NT 6.1) AppleWebKit/537.36 (KHTML, like Gecko) Chrome/36.0.1985.125 Safari/537.36"
180.163.220.68 - - [18/Dec/2018:07:30:34 +0800] "GET /assets/css/1.styles.01b60e5c.css HTTP/2.0" 200 18918 "https://wyydsb.com/" "Mozilla/5.0 (Linux; U; Android 5.0.2; zh-CN; Redmi Note 3 Build/LRX22G) AppleWebKit/537.36 (KHTML, like Gecko) Version/4.0 OPR/11.2.3.102637 Mobile Safari/537.36"
180.163.220.68 - - [18/Dec/2018:07:30:34 +0800] "GET /assets/css/2.styles.780b1223.css HTTP/2.0" 200 0 "https://wyydsb.com/" "Mozilla/5.0 (Linux; U; Android 5.0.2; zh-CN; Redmi Note 3 Build/LRX22G) AppleWebKit/537.36 (KHTML, like Gecko) Version/4.0 OPR/11.2.3.102637 Mobile Safari/537.36"
36.24.138.163 - - [18/Dec/2018:07:30:37 +0800] "GET /assets/js/53.5d01f967.js HTTP/2.0" 200 37557 "https://wyydsb.com/other/ecmo.html" "Mozilla/5.0 (Windows NT 6.1; WOW64) AppleWebKit/537.36 (KHTML, like Gecko) Chrome/63.0.3239.132 Safari/537.36"
36.24.138.163 - - [18/Dec/2018:07:30:37 +0800] "GET /assets/js/54.68b64f3c.js HTTP/2.0" 200 20779 "https://wyydsb.com/other/ecmo.html" "Mozilla/5.0 (Windows NT 6.1; WOW64) AppleWebKit/537.36 (KHTML, like Gecko) Chrome/63.0.3239.132 Safari/537.36"
36.24.138.163 - - [18/Dec/2018:07:30:37 +0800] "GET /assets/js/55.33cde892.js HTTP/2.0" 200 15493 "https://wyydsb.com/other/ecmo.html" "Mozilla/5.0 (Windows NT 6.1; WOW64) AppleWebKit/537.36 (KHTML, like Gecko) Chrome/63.0.3239.132 Safari/537.36"
36.24.138.163 - - [18/Dec/2018:07:30:37 +0800] "GET /assets/js/56.4eed0ddd.js HTTP/2.0" 200 40708 "https://wyydsb.com/other/ecmo.html" "Mozilla/5.0 (Windows NT 6.1; WOW64) AppleWebKit/537.36 (KHTML, like Gecko) Chrome/63.0.3239.132 Safari/537.36"
36.24.138.163 - - [18/Dec/2018:07:30:37 +0800] "GET /assets/js/57.9aac363c.js HTTP/2.0" 200 34299 "https://wyydsb.com/other/ecmo.html" "Mozilla/5.0 (Windows NT 6.1; WOW64) AppleWebKit/537.36 (KHTML, like Gecko) Chrome/63.0.3239.132 Safari/537.36"
36.24.138.163 - - [18/Dec/2018:07:30:37 +0800] "GET /assets/js/58.0e79f699.js HTTP/2.0" 200 55824 "https://wyydsb.com/other/ecmo.html" "Mozilla/5.0 (Windows NT 6.1; WOW64) AppleWebKit/537.36 (KHTML, like Gecko) Chrome/63.0.3239.132 Safari/537.36"
36.24.138.163 - - [18/Dec/2018:07:30:37 +0800] "GET /assets/js/59.f3380bc4.js HTTP/2.0" 200 60649 "https://wyydsb.com/other/ecmo.html" "Mozilla/5.0 (Windows NT 6.1; WOW64) AppleWebKit/537.36 (KHTML, like Gecko) Chrome/63.0.3239.132 Safari/537.36"
36.24.138.163 - - [18/Dec/2018:07:30:37 +0800] "GET /assets/js/6.d1e723ef.js HTTP/2.0" 200 43195 "https://wyydsb.com/other/ecmo.html" "Mozilla/5.0 (Windows NT 6.1; WOW64) AppleWebKit/537.36 (KHTML, like Gecko) Chrome/63.0.3239.132 Safari/537.36"
36.24.138.163 - - [18/Dec/2018:07:30:37 +0800] "GET /assets/js/61.8ad3726a.js HTTP/2.0" 200 5086 "https://wyydsb.com/other/ecmo.html" "Mozilla/5.0 (Windows NT 6.1; WOW64) AppleWebKit/537.36 (KHTML, like Gecko) Chrome/63.0.3239.132 Safari/537.36"
36.24.138.163 - - [18/Dec/2018:07:30:37 +0800] "GET /assets/js/62.44df6ea1.js HTTP/2.0" 200 294 "https://wyydsb.com/other/ecmo.html" "Mozilla/5.0 (Windows NT 6.1; WOW64) AppleWebKit/537.36 (KHTML, like Gecko) Chrome/63.0.3239.132 Safari/537.36"
180.163.220.66 - - [18/Dec/2018:07:30:39 +0800] "GET /assets/js/26.98338b3e.js HTTP/2.0" 200 304381 "https://wyydsb.com/other/ecmo.html" "Mozilla/5.0 (Windows NT 6.1) AppleWebKit/537.36 (KHTML, like Gecko) Chrome/36.0.1985.125 Safari/537.36"
180.163.220.66 - - [18/Dec/2018:07:30:41 +0800] "GET /assets/js/31.5b6ca4ee.js HTTP/2.0" 200 42266 "https://wyydsb.com/other/ecmo.html" "Mozilla/5.0 (Windows NT 6.1) AppleWebKit/537.36 (KHTML, like Gecko) Chrome/36.0.1985.125 Safari/537.36"
180.163.220.68 - - [18/Dec/2018:07:30:42 +0800] "GET /assets/css/styles.b28ef3bf.css HTTP/2.0" 200 301658 "https://wyydsb.com/" "Mozilla/5.0 (Linux; U; Android 5.0.2; zh-CN; Redmi Note 3 Build/LRX22G) AppleWebKit/537.36 (KHTML, like Gecko) Version/4.0 OPR/11.2.3.102637 Mobile Safari/537.36"
36.24.138.163 - - [18/Dec/2018:07:30:43 +0800] "GET /assets/js/7.5d98cbe6.js HTTP/2.0" 200 70233 "https://wyydsb.com/other/ecmo.html" "Mozilla/5.0 (Windows NT 6.1; WOW64) AppleWebKit/537.36 (KHTML, like Gecko) Chrome/63.0.3239.132 Safari/537.36"
36.24.138.163 - - [18/Dec/2018:07:30:43 +0800] "GET /assets/js/vendors~docsearch.01b60e5c.js HTTP/2.0" 200 115290 "https://wyydsb.com/other/ecmo.html" "Mozilla/5.0 (Windows NT 6.1; WOW64) AppleWebKit/537.36 (KHTML, like Gecko) Chrome/63.0.3239.132 Safari/537.36"
36.24.138.163 - - [18/Dec/2018:07:30:43 +0800] "GET /assets/js/60.00a6591f.js HTTP/2.0" 200 71221 "https://wyydsb.com/other/ecmo.html" "Mozilla/5.0 (Windows NT 6.1; WOW64) AppleWebKit/537.36 (KHTML, like Gecko) Chrome/63.0.3239.132 Safari/537.36"
36.24.138.163 - - [18/Dec/2018:07:30:43 +0800] "GET /assets/js/8.42c6f33d.js HTTP/2.0" 200 22688 "https://wyydsb.com/other/ecmo.html" "Mozilla/5.0 (Windows NT 6.1; WOW64) AppleWebKit/537.36 (KHTML, like Gecko) Chrome/63.0.3239.132 Safari/537.36"
36.24.138.163 - - [18/Dec/2018:07:30:43 +0800] "GET /assets/js/9.ba239828.js HTTP/2.0" 200 5973 "https://wyydsb.com/other/ecmo.html" "Mozilla/5.0 (Windows NT 6.1; WOW64) AppleWebKit/537.36 (KHTML, like Gecko) Chrome/63.0.3239.132 Safari/537.36"
36.24.138.163 - - [18/Dec/2018:07:30:43 +0800] "GET /assets/js/vendors~docsearch.01b60e5c.js HTTP/2.0" 200 115290 "https://wyydsb.com/other/ecmo.html" "Mozilla/5.0 (Windows NT 6.1; WOW64) AppleWebKit/537.36 (KHTML, like Gecko) Chrome/63.0.3239.132 Safari/537.36"
180.163.220.68 - - [18/Dec/2018:07:30:44 +0800] "GET /assets/js/3.2e76d84b.js HTTP/2.0" 200 4754 "https://wyydsb.com/" "Mozilla/5.0 (Linux; U; Android 5.0.2; zh-CN; Redmi Note 3 Build/LRX22G) AppleWebKit/537.36 (KHTML, like Gecko) Version/4.0 OPR/11.2.3.102637 Mobile Safari/537.36"
180.163.220.66 - - [18/Dec/2018:07:30:44 +0800] "GET /assets/js/32.826f45b2.js HTTP/2.0" 200 55905 "https://wyydsb.com/other/ecmo.html" "Mozilla/5.0 (Windows NT 6.1) AppleWebKit/537.36 (KHTML, like Gecko) Chrome/36.0.1985.125 Safari/537.36"
180.163.220.66 - - [18/Dec/2018:07:30:44 +0800] "GET /assets/js/33.34b0fb3f.js HTTP/2.0" 200 18989 "https://wyydsb.com/other/ecmo.html" "Mozilla/5.0 (Windows NT 6.1) AppleWebKit/537.36 (KHTML, like Gecko) Chrome/36.0.1985.125 Safari/537.36"
180.163.220.66 - - [18/Dec/2018:07:30:44 +0800] "GET /assets/js/34.939141e3.js HTTP/2.0" 200 34236 "https://wyydsb.com/other/ecmo.html" "Mozilla/5.0 (Windows NT 6.1) AppleWebKit/537.36 (KHTML, like Gecko) Chrome/36.0.1985.125 Safari/537.36"
180.163.220.68 - - [18/Dec/2018:07:30:45 +0800] "GET /assets/fonts/fa-solid-900.813b8aee.woff2 HTTP/2.0" 200 50388 "https://wyydsb.com/assets/css/styles.b28ef3bf.css" "Mozilla/5.0 (Linux; U; Android 5.0.2; zh-CN; Redmi Note 3 Build/LRX22G) AppleWebKit/537.36 (KHTML, like Gecko) Version/4.0 OPR/11.2.3.102637 Mobile Safari/537.36"
180.163.220.66 - - [18/Dec/2018:07:30:45 +0800] "GET /assets/js/35.b6b4354b.js HTTP/2.0" 200 23633 "https://wyydsb.com/other/ecmo.html" "Mozilla/5.0 (Windows NT 6.1) AppleWebKit/537.36 (KHTML, like Gecko) Chrome/36.0.1985.125 Safari/537.36"
180.163.220.66 - - [18/Dec/2018:07:30:45 +0800] "GET /assets/js/30.0eaff5be.js HTTP/2.0" 200 277035 "https://wyydsb.com/other/ecmo.html" "Mozilla/5.0 (Windows NT 6.1) AppleWebKit/537.36 (KHTML, like Gecko) Chrome/36.0.1985.125 Safari/537.36"
180.163.220.66 - - [18/Dec/2018:07:30:45 +0800] "GET /assets/js/36.aae765b0.js HTTP/2.0" 200 44762 "https://wyydsb.com/other/ecmo.html" "Mozilla/5.0 (Windows NT 6.1) AppleWebKit/537.36 (KHTML, like Gecko) Chrome/36.0.1985.125 Safari/537.36"
180.163.220.66 - - [18/Dec/2018:07:30:45 +0800] "GET /assets/js/37.95c8f774.js HTTP/2.0" 200 30248 "https://wyydsb.com/other/ecmo.html" "Mozilla/5.0 (Windows NT 6.1) AppleWebKit/537.36 (KHTML, like Gecko) Chrome/36.0.1985.125 Safari/537.36"
180.163.220.68 - - [18/Dec/2018:07:30:46 +0800] "GET /assets/fonts/fa-brands-400.65e3be4e.woff2 HTTP/2.0" 200 61336 "https://wyydsb.com/assets/css/styles.b28ef3bf.css" "Mozilla/5.0 (Linux; U; Android 5.0.2; zh-CN; Redmi Note 3 Build/LRX22G) AppleWebKit/537.36 (KHTML, like Gecko) Version/4.0 OPR/11.2.3.102637 Mobile Safari/537.36"
180.163.220.68 - - [18/Dec/2018:07:30:46 +0800] "GET /assets/fonts/Roboto-Regular.2751ee43.woff2 HTTP/2.0" 200 49236 "https://wyydsb.com/assets/css/styles.b28ef3bf.css" "Mozilla/5.0 (Linux; U; Android 5.0.2; zh-CN; Redmi Note 3 Build/LRX22G) AppleWebKit/537.36 (KHTML, like Gecko) Version/4.0 OPR/11.2.3.102637 Mobile Safari/537.36"
180.163.220.66 - - [18/Dec/2018:07:30:48 +0800] "GET /assets/js/38.f83643ed.js HTTP/2.0" 200 25730 "https://wyydsb.com/other/ecmo.html" "Mozilla/5.0 (Windows NT 6.1) AppleWebKit/537.36 (KHTML, like Gecko) Chrome/36.0.1985.125 Safari/537.36"
180.163.220.66 - - [18/Dec/2018:07:30:48 +0800] "GET /assets/js/39.99801f45.js HTTP/2.0" 200 61662 "https://wyydsb.com/other/ecmo.html" "Mozilla/5.0 (Windows NT 6.1) AppleWebKit/537.36 (KHTML, like Gecko) Chrome/36.0.1985.125 Safari/537.36"
180.163.220.66 - - [18/Dec/2018:07:30:48 +0800] "GET /assets/js/4.6c6ba039.js HTTP/2.0" 200 32113 "https://wyydsb.com/other/ecmo.html" "Mozilla/5.0 (Windows NT 6.1) AppleWebKit/537.36 (KHTML, like Gecko) Chrome/36.0.1985.125 Safari/537.36"
180.163.220.66 - - [18/Dec/2018:07:30:50 +0800] "GET /assets/js/40.330c0cdc.js HTTP/2.0" 200 60666 "https://wyydsb.com/other/ecmo.html" "Mozilla/5.0 (Windows NT 6.1) AppleWebKit/537.36 (KHTML, like Gecko) Chrome/36.0.1985.125 Safari/537.36"
180.163.220.66 - - [18/Dec/2018:07:30:50 +0800] "GET /assets/js/41.e4d1e73b.js HTTP/2.0" 200 34910 "https://wyydsb.com/other/ecmo.html" "Mozilla/5.0 (Windows NT 6.1) AppleWebKit/537.36 (KHTML, like Gecko) Chrome/36.0.1985.125 Safari/537.36"
180.163.220.66 - - [18/Dec/2018:07:30:50 +0800] "GET /assets/js/42.fbcdfaa7.js HTTP/2.0" 200 13901 "https://wyydsb.com/other/ecmo.html" "Mozilla/5.0 (Windows NT 6.1) AppleWebKit/537.36 (KHTML, like Gecko) Chrome/36.0.1985.125 Safari/537.36"
180.163.220.66 - - [18/Dec/2018:07:30:50 +0800] "GET /assets/js/43.b8f15dee.js HTTP/2.0" 200 28641 "https://wyydsb.com/other/ecmo.html" "Mozilla/5.0 (Windows NT 6.1) AppleWebKit/537.36 (KHTML, like Gecko) Chrome/36.0.1985.125 Safari/537.36"
180.163.220.66 - - [18/Dec/2018:07:30:50 +0800] "GET /assets/js/44.16aca23f.js HTTP/2.0" 200 10403 "https://wyydsb.com/other/ecmo.html" "Mozilla/5.0 (Windows NT 6.1) AppleWebKit/537.36 (KHTML, like Gecko) Chrome/36.0.1985.125 Safari/537.36"
180.163.220.68 - - [18/Dec/2018:07:30:51 +0800] "GET /assets/fonts/Roboto-Bold.39b2c303.woff2 HTTP/2.0" 200 49976 "https://wyydsb.com/assets/css/styles.b28ef3bf.css" "Mozilla/5.0 (Linux; U; Android 5.0.2; zh-CN; Redmi Note 3 Build/LRX22G) AppleWebKit/537.36 (KHTML, like Gecko) Version/4.0 OPR/11.2.3.102637 Mobile Safari/537.36"
180.163.220.68 - - [18/Dec/2018:07:30:52 +0800] "GET /assets/fonts/Roboto-Medium.574fd0b5.woff2 HTTP/2.0" 200 50224 "https://wyydsb.com/assets/css/styles.b28ef3bf.css" "Mozilla/5.0 (Linux; U; Android 5.0.2; zh-CN; Redmi Note 3 Build/LRX22G) AppleWebKit/537.36 (KHTML, like Gecko) Version/4.0 OPR/11.2.3.102637 Mobile Safari/537.36"
180.163.220.68 - - [18/Dec/2018:07:30:53 +0800] "GET /face.jpg HTTP/2.0" 200 34744 "https://wyydsb.com/" "Mozilla/5.0 (Linux; U; Android 5.0.2; zh-CN; Redmi Note 3 Build/LRX22G) AppleWebKit/537.36 (KHTML, like Gecko) Version/4.0 OPR/11.2.3.102637 Mobile Safari/537.36"
180.163.220.68 - - [18/Dec/2018:07:30:53 +0800] "GET /assets/img/search.fa1c14fa.svg HTTP/2.0" 200 300 "https://wyydsb.com/assets/css/styles.b28ef3bf.css" "Mozilla/5.0 (Linux; U; Android 5.0.2; zh-CN; Redmi Note 3 Build/LRX22G) AppleWebKit/537.36 (KHTML, like Gecko) Version/4.0 OPR/11.2.3.102637 Mobile Safari/537.36"
180.163.220.68 - - [18/Dec/2018:07:30:54 +0800] "GET /assets/js/app.b28ef3bf.js HTTP/2.0" 200 350515 "https://wyydsb.com/" "Mozilla/5.0 (Linux; U; Android 5.0.2; zh-CN; Redmi Note 3 Build/LRX22G) AppleWebKit/537.36 (KHTML, like Gecko) Version/4.0 OPR/11.2.3.102637 Mobile Safari/537.36"
180.163.220.68 - - [18/Dec/2018:07:30:56 +0800] "GET /assets/img/brand.56a8de2a.jpg HTTP/2.0" 200 47256 "https://wyydsb.com/assets/css/styles.b28ef3bf.css" "Mozilla/5.0 (Linux; U; Android 5.0.2; zh-CN; Redmi Note 3 Build/LRX22G) AppleWebKit/537.36 (KHTML, like Gecko) Version/4.0 OPR/11.2.3.102637 Mobile Safari/537.36"
180.163.220.68 - - [18/Dec/2018:07:30:56 +0800] "GET /assets/css/1.styles.01b60e5c.css HTTP/2.0" 200 18918 "https://wyydsb.com/" "Mozilla/5.0 (Linux; U; Android 5.0.2; zh-CN; Redmi Note 3 Build/LRX22G) AppleWebKit/537.36 (KHTML, like Gecko) Version/4.0 OPR/11.2.3.102637 Mobile Safari/537.36"
180.163.220.68 - - [18/Dec/2018:07:30:56 +0800] "GET /assets/css/2.styles.780b1223.css HTTP/2.0" 200 0 "https://wyydsb.com/" "Mozilla/5.0 (Linux; U; Android 5.0.2; zh-CN; Redmi Note 3 Build/LRX22G) AppleWebKit/537.36 (KHTML, like Gecko) Version/4.0 OPR/11.2.3.102637 Mobile Safari/537.36"
180.163.220.68 - - [18/Dec/2018:07:30:57 +0800] "GET /assets/js/11.c90d63da.js HTTP/2.0" 200 32697 "https://wyydsb.com/" "Mozilla/5.0 (Linux; U; Android 5.0.2; zh-CN; Redmi Note 3 Build/LRX22G) AppleWebKit/537.36 (KHTML, like Gecko) Version/4.0 OPR/11.2.3.102637 Mobile Safari/537.36"
180.163.220.68 - - [18/Dec/2018:07:30:59 +0800] "GET /assets/js/2.780b1223.js HTTP/2.0" 200 82 "https://wyydsb.com/" "Mozilla/5.0 (Linux; U; Android 5.0.2; zh-CN; Redmi Note 3 Build/LRX22G) AppleWebKit/537.36 (KHTML, like Gecko) Version/4.0 OPR/11.2.3.102637 Mobile Safari/537.36"
180.163.220.68 - - [18/Dec/2018:07:31:01 +0800] "GET /pv.txt HTTP/2.0" 200 67 "https://wyydsb.com/" "Mozilla/5.0 (Linux; U; Android 5.0.2; zh-CN; Redmi Note 3 Build/LRX22G) AppleWebKit/537.36 (KHTML, like Gecko) Version/4.0 OPR/11.2.3.102637 Mobile Safari/537.36"
180.163.220.68 - - [18/Dec/2018:07:31:01 +0800] "GET /assets/js/10.8ca1ff72.js HTTP/2.0" 200 211738 "https://wyydsb.com/" "Mozilla/5.0 (Linux; U; Android 5.0.2; zh-CN; Redmi Note 3 Build/LRX22G) AppleWebKit/537.36 (KHTML, like Gecko) Version/4.0 OPR/11.2.3.102637 Mobile Safari/537.36"
180.163.220.68 - - [18/Dec/2018:07:31:01 +0800] "GET /assets/js/vendors~docsearch.01b60e5c.js HTTP/2.0" 200 115290 "https://wyydsb.com/" "Mozilla/5.0 (Linux; U; Android 5.0.2; zh-CN; Redmi Note 3 Build/LRX22G) AppleWebKit/537.36 (KHTML, like Gecko) Version/4.0 OPR/11.2.3.102637 Mobile Safari/537.36"
36.24.138.163 - - [18/Dec/2018:07:31:03 +0800] "GET /service-worker.js HTTP/2.0" 200 16987 "https://wyydsb.com/service-worker.js" "Mozilla/5.0 (Windows NT 6.1; WOW64) AppleWebKit/537.36 (KHTML, like Gecko) Chrome/63.0.3239.132 Safari/537.36"
36.24.138.163 - - [18/Dec/2018:07:31:03 +0800] "GET /favicon.ico HTTP/2.0" 200 38549 "https://wyydsb.com/other/ecmo.html" "Mozilla/5.0 (Windows NT 6.1; WOW64) AppleWebKit/537.36 (KHTML, like Gecko) Chrome/63.0.3239.132 Safari/537.36"
180.163.220.68 - - [18/Dec/2018:07:31:03 +0800] "GET /assets/js/12.5487793d.js HTTP/2.0" 200 37316 "https://wyydsb.com/" "Mozilla/5.0 (Linux; U; Android 5.0.2; zh-CN; Redmi Note 3 Build/LRX22G) AppleWebKit/537.36 (KHTML, like Gecko) Version/4.0 OPR/11.2.3.102637 Mobile Safari/537.36"
180.163.220.68 - - [18/Dec/2018:07:31:03 +0800] "GET /assets/js/13.e0968cb6.js HTTP/2.0" 200 14699 "https://wyydsb.com/" "Mozilla/5.0 (Linux; U; Android 5.0.2; zh-CN; Redmi Note 3 Build/LRX22G) AppleWebKit/537.36 (KHTML, like Gecko) Version/4.0 OPR/11.2.3.102637 Mobile Safari/537.36"
180.163.220.68 - - [18/Dec/2018:07:31:03 +0800] "GET /assets/js/14.ca5e35ee.js HTTP/2.0" 200 16623 "https://wyydsb.com/" "Mozilla/5.0 (Linux; U; Android 5.0.2; zh-CN; Redmi Note 3 Build/LRX22G) AppleWebKit/537.36 (KHTML, like Gecko) Version/4.0 OPR/11.2.3.102637 Mobile Safari/537.36"
180.163.220.66 - - [18/Dec/2018:07:31:03 +0800] "GET /assets/js/46.08e1ee52.js HTTP/2.0" 200 0 "https://wyydsb.com/other/ecmo.html" "Mozilla/5.0 (Windows NT 6.1) AppleWebKit/537.36 (KHTML, like Gecko) Chrome/36.0.1985.125 Safari/537.36"
180.163.220.66 - - [18/Dec/2018:07:31:03 +0800] "GET /assets/js/47.20242960.js HTTP/2.0" 200 0 "https://wyydsb.com/other/ecmo.html" "Mozilla/5.0 (Windows NT 6.1) AppleWebKit/537.36 (KHTML, like Gecko) Chrome/36.0.1985.125 Safari/537.36"
180.163.220.66 - - [18/Dec/2018:07:31:03 +0800] "GET /assets/js/48.17beb9fb.js HTTP/2.0" 200 0 "https://wyydsb.com/other/ecmo.html" "Mozilla/5.0 (Windows NT 6.1) AppleWebKit/537.36 (KHTML, like Gecko) Chrome/36.0.1985.125 Safari/537.36"
180.163.220.66 - - [18/Dec/2018:07:31:03 +0800] "GET /assets/js/49.76768d24.js HTTP/2.0" 200 0 "https://wyydsb.com/other/ecmo.html" "Mozilla/5.0 (Windows NT 6.1) AppleWebKit/537.36 (KHTML, like Gecko) Chrome/36.0.1985.125 Safari/537.36"
180.163.220.66 - - [18/Dec/2018:07:31:03 +0800] "GET /assets/js/5.8e91e92c.js HTTP/2.0" 200 0 "https://wyydsb.com/other/ecmo.html" "Mozilla/5.0 (Windows NT 6.1) AppleWebKit/537.36 (KHTML, like Gecko) Chrome/36.0.1985.125 Safari/537.36"
180.163.220.66 - - [18/Dec/2018:07:31:03 +0800] "GET /assets/js/50.743fa965.js HTTP/2.0" 200 0 "https://wyydsb.com/other/ecmo.html" "Mozilla/5.0 (Windows NT 6.1) AppleWebKit/537.36 (KHTML, like Gecko) Chrome/36.0.1985.125 Safari/537.36"
180.163.220.66 - - [18/Dec/2018:07:31:03 +0800] "GET /assets/js/51.8869601e.js HTTP/2.0" 200 0 "https://wyydsb.com/other/ecmo.html" "Mozilla/5.0 (Windows NT 6.1) AppleWebKit/537.36 (KHTML, like Gecko) Chrome/36.0.1985.125 Safari/537.36"
180.163.220.66 - - [18/Dec/2018:07:31:03 +0800] "GET /assets/js/52.90a2355d.js HTTP/2.0" 200 0 "https://wyydsb.com/other/ecmo.html" "Mozilla/5.0 (Windows NT 6.1) AppleWebKit/537.36 (KHTML, like Gecko) Chrome/36.0.1985.125 Safari/537.36"
180.163.220.66 - - [18/Dec/2018:07:31:03 +0800] "GET /assets/js/53.5d01f967.js HTTP/2.0" 200 0 "https://wyydsb.com/other/ecmo.html" "Mozilla/5.0 (Windows NT 6.1) AppleWebKit/537.36 (KHTML, like Gecko) Chrome/36.0.1985.125 Safari/537.36"
180.163.220.66 - - [18/Dec/2018:07:31:03 +0800] "GET /assets/js/54.68b64f3c.js HTTP/2.0" 200 0 "https://wyydsb.com/other/ecmo.html" "Mozilla/5.0 (Windows NT 6.1) AppleWebKit/537.36 (KHTML, like Gecko) Chrome/36.0.1985.125 Safari/537.36"
180.163.220.66 - - [18/Dec/2018:07:31:03 +0800] "GET /assets/js/55.33cde892.js HTTP/2.0" 200 0 "https://wyydsb.com/other/ecmo.html" "Mozilla/5.0 (Windows NT 6.1) AppleWebKit/537.36 (KHTML, like Gecko) Chrome/36.0.1985.125 Safari/537.36"
180.163.220.66 - - [18/Dec/2018:07:31:03 +0800] "GET /assets/js/56.4eed0ddd.js HTTP/2.0" 200 0 "https://wyydsb.com/other/ecmo.html" "Mozilla/5.0 (Windows NT 6.1) AppleWebKit/537.36 (KHTML, like Gecko) Chrome/36.0.1985.125 Safari/537.36"
180.163.220.66 - - [18/Dec/2018:07:31:03 +0800] "GET /assets/js/57.9aac363c.js HTTP/2.0" 200 0 "https://wyydsb.com/other/ecmo.html" "Mozilla/5.0 (Windows NT 6.1) AppleWebKit/537.36 (KHTML, like Gecko) Chrome/36.0.1985.125 Safari/537.36"
180.163.220.66 - - [18/Dec/2018:07:31:03 +0800] "GET /assets/js/58.0e79f699.js HTTP/2.0" 200 0 "https://wyydsb.com/other/ecmo.html" "Mozilla/5.0 (Windows NT 6.1) AppleWebKit/537.36 (KHTML, like Gecko) Chrome/36.0.1985.125 Safari/537.36"
180.163.220.66 - - [18/Dec/2018:07:31:03 +0800] "GET /assets/js/59.f3380bc4.js HTTP/2.0" 200 0 "https://wyydsb.com/other/ecmo.html" "Mozilla/5.0 (Windows NT 6.1) AppleWebKit/537.36 (KHTML, like Gecko) Chrome/36.0.1985.125 Safari/537.36"
180.163.220.66 - - [18/Dec/2018:07:31:03 +0800] "GET /assets/js/6.d1e723ef.js HTTP/2.0" 200 0 "https://wyydsb.com/other/ecmo.html" "Mozilla/5.0 (Windows NT 6.1) AppleWebKit/537.36 (KHTML, like Gecko) Chrome/36.0.1985.125 Safari/537.36"
180.163.220.66 - - [18/Dec/2018:07:31:03 +0800] "GET /assets/js/60.00a6591f.js HTTP/2.0" 200 0 "https://wyydsb.com/other/ecmo.html" "Mozilla/5.0 (Windows NT 6.1) AppleWebKit/537.36 (KHTML, like Gecko) Chrome/36.0.1985.125 Safari/537.36"
180.163.220.66 - - [18/Dec/2018:07:31:03 +0800] "GET /assets/js/61.8ad3726a.js HTTP/2.0" 200 0 "https://wyydsb.com/other/ecmo.html" "Mozilla/5.0 (Windows NT 6.1) AppleWebKit/537.36 (KHTML, like Gecko) Chrome/36.0.1985.125 Safari/537.36"
180.163.220.66 - - [18/Dec/2018:07:31:03 +0800] "GET /assets/js/62.44df6ea1.js HTTP/2.0" 200 0 "https://wyydsb.com/other/ecmo.html" "Mozilla/5.0 (Windows NT 6.1) AppleWebKit/537.36 (KHTML, like Gecko) Chrome/36.0.1985.125 Safari/537.36"
180.163.220.66 - - [18/Dec/2018:07:31:03 +0800] "GET /assets/js/7.5d98cbe6.js HTTP/2.0" 200 0 "https://wyydsb.com/other/ecmo.html" "Mozilla/5.0 (Windows NT 6.1) AppleWebKit/537.36 (KHTML, like Gecko) Chrome/36.0.1985.125 Safari/537.36"
180.163.220.66 - - [18/Dec/2018:07:31:03 +0800] "GET /assets/js/8.42c6f33d.js HTTP/2.0" 200 0 "https://wyydsb.com/other/ecmo.html" "Mozilla/5.0 (Windows NT 6.1) AppleWebKit/537.36 (KHTML, like Gecko) Chrome/36.0.1985.125 Safari/537.36"
180.163.220.66 - - [18/Dec/2018:07:31:03 +0800] "GET /assets/js/9.ba239828.js HTTP/2.0" 200 0 "https://wyydsb.com/other/ecmo.html" "Mozilla/5.0 (Windows NT 6.1) AppleWebKit/537.36 (KHTML, like Gecko) Chrome/36.0.1985.125 Safari/537.36"
180.163.220.66 - - [18/Dec/2018:07:31:03 +0800] "GET /assets/js/vendors~docsearch.01b60e5c.js HTTP/2.0" 200 0 "https://wyydsb.com/other/ecmo.html" "Mozilla/5.0 (Windows NT 6.1) AppleWebKit/537.36 (KHTML, like Gecko) Chrome/36.0.1985.125 Safari/537.36"
180.163.220.68 - - [18/Dec/2018:07:31:04 +0800] "GET /assets/js/15.7dc722e8.js HTTP/2.0" 200 89847 "https://wyydsb.com/" "Mozilla/5.0 (Linux; U; Android 5.0.2; zh-CN; Redmi Note 3 Build/LRX22G) AppleWebKit/537.36 (KHTML, like Gecko) Version/4.0 OPR/11.2.3.102637 Mobile Safari/537.36"
180.163.220.68 - - [18/Dec/2018:07:31:04 +0800] "GET /assets/js/16.ccb8decd.js HTTP/2.0" 200 31495 "https://wyydsb.com/" "Mozilla/5.0 (Linux; U; Android 5.0.2; zh-CN; Redmi Note 3 Build/LRX22G) AppleWebKit/537.36 (KHTML, like Gecko) Version/4.0 OPR/11.2.3.102637 Mobile Safari/537.36"
180.163.220.68 - - [18/Dec/2018:07:31:04 +0800] "GET /assets/js/17.5ca17037.js HTTP/2.0" 200 2190 "https://wyydsb.com/" "Mozilla/5.0 (Linux; U; Android 5.0.2; zh-CN; Redmi Note 3 Build/LRX22G) AppleWebKit/537.36 (KHTML, like Gecko) Version/4.0 OPR/11.2.3.102637 Mobile Safari/537.36"
36.24.138.163 - - [18/Dec/2018:07:31:05 +0800] "GET /404.html?_workbox-cache-bust=ac016dc4f64a078ce24bb0ea7846cc1f HTTP/2.0" 301 185 "https://wyydsb.com/service-worker.js" "Mozilla/5.0 (Windows NT 6.1; WOW64) AppleWebKit/537.36 (KHTML, like Gecko) Chrome/63.0.3239.132 Safari/537.36 QIHU 360EE"
36.24.138.163 - - [18/Dec/2018:07:31:05 +0800] "GET /assets/css/1.styles.01b60e5c.css?_workbox-cache-bust=08114502ee2cc53b7b648599e230e730 HTTP/2.0" 200 18918 "https://wyydsb.com/service-worker.js" "Mozilla/5.0 (Windows NT 6.1; WOW64) AppleWebKit/537.36 (KHTML, like Gecko) Chrome/63.0.3239.132 Safari/537.36 QIHU 360EE"
36.24.138.163 - - [18/Dec/2018:07:31:05 +0800] "GET /assets/css/2.styles.780b1223.css?_workbox-cache-bust=d41d8cd98f00b204e9800998ecf8427e HTTP/2.0" 200 0 "https://wyydsb.com/service-worker.js" "Mozilla/5.0 (Windows NT 6.1; WOW64) AppleWebKit/537.36 (KHTML, like Gecko) Chrome/63.0.3239.132 Safari/537.36 QIHU 360EE"
36.24.138.163 - - [18/Dec/2018:07:31:05 +0800] "GET /assets/css/styles.b28ef3bf.css?_workbox-cache-bust=027248fb560c8971c20481c9d9636acc HTTP/2.0" 200 301658 "https://wyydsb.com/service-worker.js" "Mozilla/5.0 (Windows NT 6.1; WOW64) AppleWebKit/537.36 (KHTML, like Gecko) Chrome/63.0.3239.132 Safari/537.36 QIHU 360EE"
36.24.138.163 - - [18/Dec/2018:07:31:05 +0800] "GET /assets/fonts/fa-brands-400.030846b7.woff?_workbox-cache-bust=030846b7226a63373512cbd2c71ff51a HTTP/2.0" 200 71560 "https://wyydsb.com/service-worker.js" "Mozilla/5.0 (Windows NT 6.1; WOW64) AppleWebKit/537.36 (KHTML, like Gecko) Chrome/63.0.3239.132 Safari/537.36 QIHU 360EE"
36.24.138.163 - - [18/Dec/2018:07:31:05 +0800] "GET /assets/fonts/fa-brands-400.3f5a250e.ttf?_workbox-cache-bust=3f5a250e01aa2a2c757c8d8915216e0b HTTP/2.0" 200 111384 "https://wyydsb.com/service-worker.js" "Mozilla/5.0 (Windows NT 6.1; WOW64) AppleWebKit/537.36 (KHTML, like Gecko) Chrome/63.0.3239.132 Safari/537.36 QIHU 360EE"
36.24.138.163 - - [18/Dec/2018:07:31:05 +0800] "GET /assets/fonts/fa-brands-400.4291d4b6.eot?_workbox-cache-bust=4291d4b6c28b411e821a90adb4716fd7 HTTP/2.0" 200 111620 "https://wyydsb.com/service-worker.js" "Mozilla/5.0 (Windows NT 6.1; WOW64) AppleWebKit/537.36 (KHTML, like Gecko) Chrome/63.0.3239.132 Safari/537.36 QIHU 360EE"
36.24.138.163 - - [18/Dec/2018:07:31:05 +0800] "GET /assets/fonts/fa-brands-400.65e3be4e.woff2?_workbox-cache-bust=65e3be4eea08191c64040fbcb8006068 HTTP/2.0" 200 61336 "https://wyydsb.com/service-worker.js" "Mozilla/5.0 (Windows NT 6.1; WOW64) AppleWebKit/537.36 (KHTML, like Gecko) Chrome/63.0.3239.132 Safari/537.36 QIHU 360EE"
36.24.138.163 - - [18/Dec/2018:07:31:05 +0800] "GET /assets/fonts/fa-regular-400.222941bf.woff?_workbox-cache-bust=222941bf21f9c9cb93bace95e9171d39 HTTP/2.0" 200 14724 "https://wyydsb.com/service-worker.js" "Mozilla/5.0 (Windows NT 6.1; WOW64) AppleWebKit/537.36 (KHTML, like Gecko) Chrome/63.0.3239.132 Safari/537.36 QIHU 360EE"
36.24.138.163 - - [18/Dec/2018:07:31:05 +0800] "GET /assets/fonts/fa-regular-400.6bf2d6c8.ttf?_workbox-cache-bust=6bf2d6c8c5f78cb9fc035dc7c2b1253e HTTP/2.0" 200 31044 "https://wyydsb.com/service-worker.js" "Mozilla/5.0 (Windows NT 6.1; WOW64) AppleWebKit/537.36 (KHTML, like Gecko) Chrome/63.0.3239.132 Safari/537.36 QIHU 360EE"
36.24.138.163 - - [18/Dec/2018:07:31:05 +0800] "GET /assets/fonts/fa-regular-400.914437d6.woff2?_workbox-cache-bust=914437d606603d81e81a52e9e9b704b5 HTTP/2.0" 200 12168 "https://wyydsb.com/service-worker.js" "Mozilla/5.0 (Windows NT 6.1; WOW64) AppleWebKit/537.36 (KHTML, like Gecko) Chrome/63.0.3239.132 Safari/537.36 QIHU 360EE"
36.24.138.163 - - [18/Dec/2018:07:31:05 +0800] "GET /assets/fonts/fa-regular-400.d30b8018.eot?_workbox-cache-bust=d30b80185b2bd2b99ddcfde903a49a50 HTTP/2.0" 200 31272 "https://wyydsb.com/service-worker.js" "Mozilla/5.0 (Windows NT 6.1; WOW64) AppleWebKit/537.36 (KHTML, like Gecko) Chrome/63.0.3239.132 Safari/537.36 QIHU 360EE"
36.24.138.163 - - [18/Dec/2018:07:31:05 +0800] "GET /assets/fonts/fa-solid-900.140f4148.woff?_workbox-cache-bust=140f41485edce6f713abe17625eba4c1 HTTP/2.0" 200 63836 "https://wyydsb.com/service-worker.js" "Mozilla/5.0 (Windows NT 6.1; WOW64) AppleWebKit/537.36 (KHTML, like Gecko) Chrome/63.0.3239.132 Safari/537.36 QIHU 360EE"
36.24.138.163 - - [18/Dec/2018:07:31:05 +0800] "GET /assets/fonts/fa-solid-900.4910ec73.eot?_workbox-cache-bust=4910ec733558f59bf05834d4f831a48d HTTP/2.0" 200 133140 "https://wyydsb.com/service-worker.js" "Mozilla/5.0 (Windows NT 6.1; WOW64) AppleWebKit/537.36 (KHTML, like Gecko) Chrome/63.0.3239.132 Safari/537.36 QIHU 360EE"
36.24.138.163 - - [18/Dec/2018:07:31:05 +0800] "GET /assets/fonts/fa-solid-900.813b8aee.woff2?_workbox-cache-bust=813b8aee60f235b36887a388b70e1359 HTTP/2.0" 200 50388 "https://wyydsb.com/service-worker.js" "Mozilla/5.0 (Windows NT 6.1; WOW64) AppleWebKit/537.36 (KHTML, like Gecko) Chrome/63.0.3239.132 Safari/537.36 QIHU 360EE"
36.24.138.163 - - [18/Dec/2018:07:31:05 +0800] "GET / HTTP/2.0" 200 14400 "https://wyydsb.com/service-worker.js" "Mozilla/5.0 (Windows NT 6.1; WOW64) AppleWebKit/537.36 (KHTML, like Gecko) Chrome/63.0.3239.132 Safari/537.36 QIHU 360EE"
180.163.220.68 - - [18/Dec/2018:07:31:06 +0800] "GET /assets/js/18.fd9ec66d.js HTTP/2.0" 200 120090 "https://wyydsb.com/" "Mozilla/5.0 (Linux; U; Android 5.0.2; zh-CN; Redmi Note 3 Build/LRX22G) AppleWebKit/537.36 (KHTML, like Gecko) Version/4.0 OPR/11.2.3.102637 Mobile Safari/537.36"
180.163.220.68 - - [18/Dec/2018:07:31:07 +0800] "GET /assets/js/19.b6bc276a.js HTTP/2.0" 200 73564 "https://wyydsb.com/" "Mozilla/5.0 (Linux; U; Android 5.0.2; zh-CN; Redmi Note 3 Build/LRX22G) AppleWebKit/537.36 (KHTML, like Gecko) Version/4.0 OPR/11.2.3.102637 Mobile Safari/537.36"
180.163.220.68 - - [18/Dec/2018:07:31:07 +0800] "GET /assets/js/2.780b1223.js HTTP/2.0" 200 82 "https://wyydsb.com/" "Mozilla/5.0 (Linux; U; Android 5.0.2; zh-CN; Redmi Note 3 Build/LRX22G) AppleWebKit/537.36 (KHTML, like Gecko) Version/4.0 OPR/11.2.3.102637 Mobile Safari/537.36"
180.163.220.68 - - [18/Dec/2018:07:31:07 +0800] "GET /assets/js/20.9f043dba.js HTTP/2.0" 200 41883 "https://wyydsb.com/" "Mozilla/5.0 (Linux; U; Android 5.0.2; zh-CN; Redmi Note 3 Build/LRX22G) AppleWebKit/537.36 (KHTML, like Gecko) Version/4.0 OPR/11.2.3.102637 Mobile Safari/537.36"
180.163.220.68 - - [18/Dec/2018:07:31:07 +0800] "GET /assets/js/22.d141848a.js HTTP/2.0" 200 20424 "https://wyydsb.com/" "Mozilla/5.0 (Linux; U; Android 5.0.2; zh-CN; Redmi Note 3 Build/LRX22G) AppleWebKit/537.36 (KHTML, like Gecko) Version/4.0 OPR/11.2.3.102637 Mobile Safari/537.36"
180.163.220.68 - - [18/Dec/2018:07:31:07 +0800] "GET /assets/js/23.d37f931c.js HTTP/2.0" 200 8755 "https://wyydsb.com/" "Mozilla/5.0 (Linux; U; Android 5.0.2; zh-CN; Redmi Note 3 Build/LRX22G) AppleWebKit/537.36 (KHTML, like Gecko) Version/4.0 OPR/11.2.3.102637 Mobile Safari/537.36"
180.163.220.68 - - [18/Dec/2018:07:31:08 +0800] "GET /assets/js/21.d9bf5767.js HTTP/2.0" 200 81006 "https://wyydsb.com/" "Mozilla/5.0 (Linux; U; Android 5.0.2; zh-CN; Redmi Note 3 Build/LRX22G) AppleWebKit/537.36 (KHTML, like Gecko) Version/4.0 OPR/11.2.3.102637 Mobile Safari/537.36"
36.24.138.163 - - [18/Dec/2018:07:31:08 +0800] "GET /other/brew.html?_workbox-cache-bust=caede98b0ae05a2e41165f005865468e HTTP/2.0" 499 0 "https://wyydsb.com/service-worker.js" "Mozilla/5.0 (Windows NT 6.1; WOW64) AppleWebKit/537.36 (KHTML, like Gecko) Chrome/63.0.3239.132 Safari/537.36 QIHU 360EE"
36.24.138.163 - - [18/Dec/2018:07:31:08 +0800] "GET /assets/js/5.8e91e92c.js?_workbox-cache-bust=58c8852d1c5223d51f87d7bda33007fd HTTP/2.0" 499 0 "https://wyydsb.com/service-worker.js" "Mozilla/5.0 (Windows NT 6.1; WOW64) AppleWebKit/537.36 (KHTML, like Gecko) Chrome/63.0.3239.132 Safari/537.36 QIHU 360EE"
36.24.138.163 - - [18/Dec/2018:07:31:08 +0800] "GET /assets/js/20.9f043dba.js?_workbox-cache-bust=2ddacb8ce9176ce504b6eb99e31e085a HTTP/2.0" 499 0 "https://wyydsb.com/service-worker.js" "Mozilla/5.0 (Windows NT 6.1; WOW64) AppleWebKit/537.36 (KHTML, like Gecko) Chrome/63.0.3239.132 Safari/537.36 QIHU 360EE"
36.24.138.163 - - [18/Dec/2018:07:31:08 +0800] "GET /assets/fonts/fa-solid-900.e57e108a.ttf?_workbox-cache-bust=e57e108a1ae04ca2b27cab75e4478867 HTTP/2.0" 200 106496 "https://wyydsb.com/service-worker.js" "Mozilla/5.0 (Windows NT 6.1; WOW64) AppleWebKit/537.36 (KHTML, like Gecko) Chrome/63.0.3239.132 Safari/537.36 QIHU 360EE"
36.24.138.163 - - [18/Dec/2018:07:31:08 +0800] "GET /other/chatbot.html?_workbox-cache-bust=dcca03e5c3b6727383f2df45949ea4f7 HTTP/2.0" 499 0 "https://wyydsb.com/service-worker.js" "Mozilla/5.0 (Windows NT 6.1; WOW64) AppleWebKit/537.36 (KHTML, like Gecko) Chrome/63.0.3239.132 Safari/537.36 QIHU 360EE"
36.24.138.163 - - [18/Dec/2018:07:31:08 +0800] "GET /assets/js/50.743fa965.js?_workbox-cache-bust=456ae4bc60bb37f11c54ff65862d422c HTTP/2.0" 499 0 "https://wyydsb.com/service-worker.js" "Mozilla/5.0 (Windows NT 6.1; WOW64) AppleWebKit/537.36 (KHTML, like Gecko) Chrome/63.0.3239.132 Safari/537.36 QIHU 360EE"
36.24.138.163 - - [18/Dec/2018:07:31:08 +0800] "GET /assets/js/21.d9bf5767.js?_workbox-cache-bust=62b308c68ec635d54188a94c33178a91 HTTP/2.0" 499 0 "https://wyydsb.com/service-worker.js" "Mozilla/5.0 (Windows NT 6.1; WOW64) AppleWebKit/537.36 (KHTML, like Gecko) Chrome/63.0.3239.132 Safari/537.36 QIHU 360EE"
36.24.138.163 - - [18/Dec/2018:07:31:08 +0800] "GET /assets/fonts/Roboto-Bold.39b2c303.woff2?_workbox-cache-bust=39b2c3031be6b4ea96e2e3e95d307814 HTTP/2.0" 499 0 "https://wyydsb.com/service-worker.js" "Mozilla/5.0 (Windows NT 6.1; WOW64) AppleWebKit/537.36 (KHTML, like Gecko) Chrome/63.0.3239.132 Safari/537.36 QIHU 360EE"
36.24.138.163 - - [18/Dec/2018:07:31:08 +0800] "GET /other/chip.html?_workbox-cache-bust=2f195979bca272ac63a1469a131fab8d HTTP/2.0" 499 0 "https://wyydsb.com/service-worker.js" "Mozilla/5.0 (Windows NT 6.1; WOW64) AppleWebKit/537.36 (KHTML, like Gecko) Chrome/63.0.3239.132 Safari/537.36 QIHU 360EE"
36.24.138.163 - - [18/Dec/2018:07:31:08 +0800] "GET /assets/js/51.8869601e.js?_workbox-cache-bust=61e6f2d2f46bb1837039f8cfe0b09878 HTTP/2.0" 499 0 "https://wyydsb.com/service-worker.js" "Mozilla/5.0 (Windows NT 6.1; WOW64) AppleWebKit/537.36 (KHTML, like Gecko) Chrome/63.0.3239.132 Safari/537.36 QIHU 360EE"
36.24.138.163 - - [18/Dec/2018:07:31:08 +0800] "GET /assets/js/22.d141848a.js?_workbox-cache-bust=d21afbf1684360ea68811a99d629df33 HTTP/2.0" 499 0 "https://wyydsb.com/service-worker.js" "Mozilla/5.0 (Windows NT 6.1; WOW64) AppleWebKit/537.36 (KHTML, like Gecko) Chrome/63.0.3239.132 Safari/537.36 QIHU 360EE"
36.24.138.163 - - [18/Dec/2018:07:31:08 +0800] "GET /assets/fonts/Roboto-Bold.dc81817d.woff?_workbox-cache-bust=dc81817def276b4f21395f7ea5e88dcd HTTP/2.0" 499 0 "https://wyydsb.com/service-worker.js" "Mozilla/5.0 (Windows NT 6.1; WOW64) AppleWebKit/537.36 (KHTML, like Gecko) Chrome/63.0.3239.132 Safari/537.36 QIHU 360EE"
36.24.138.163 - - [18/Dec/2018:07:31:08 +0800] "GET /other/cs.html?_workbox-cache-bust=e0352c40f50909e8dfd0600135f5fe4e HTTP/2.0" 499 0 "https://wyydsb.com/service-worker.js" "Mozilla/5.0 (Windows NT 6.1; WOW64) AppleWebKit/537.36 (KHTML, like Gecko) Chrome/63.0.3239.132 Safari/537.36 QIHU 360EE"
36.24.138.163 - - [18/Dec/2018:07:31:08 +0800] "GET /assets/js/52.90a2355d.js?_workbox-cache-bust=61f6218f23188f8ac94ca25059fb41bd HTTP/2.0" 499 0 "https://wyydsb.com/service-worker.js" "Mozilla/5.0 (Windows NT 6.1; WOW64) AppleWebKit/537.36 (KHTML, like Gecko) Chrome/63.0.3239.132 Safari/537.36 QIHU 360EE"
36.24.138.163 - - [18/Dec/2018:07:31:08 +0800] "GET /assets/js/23.d37f931c.js?_workbox-cache-bust=5882e32cdb28cbae628b29b5b63c8c8e HTTP/2.0" 499 0 "https://wyydsb.com/service-worker.js" "Mozilla/5.0 (Windows NT 6.1; WOW64) AppleWebKit/537.36 (KHTML, like Gecko) Chrome/63.0.3239.132 Safari/537.36 QIHU 360EE"
36.24.138.163 - - [18/Dec/2018:07:31:08 +0800] "GET /assets/fonts/Roboto-Bold.e31fcf18.ttf?_workbox-cache-bust=e31fcf1885e371e19f5786c2bdfeae1b HTTP/2.0" 499 0 "https://wyydsb.com/service-worker.js" "Mozilla/5.0 (Windows NT 6.1; WOW64) AppleWebKit/537.36 (KHTML, like Gecko) Chrome/63.0.3239.132 Safari/537.36 QIHU 360EE"
36.24.138.163 - - [18/Dec/2018:07:31:08 +0800] "GET /other/ecmo.html?_workbox-cache-bust=655685a7c740299a470f38fe7209135f HTTP/2.0" 499 0 "https://wyydsb.com/service-worker.js" "Mozilla/5.0 (Windows NT 6.1; WOW64) AppleWebKit/537.36 (KHTML, like Gecko) Chrome/63.0.3239.132 Safari/537.36 QIHU 360EE"
36.24.138.163 - - [18/Dec/2018:07:31:08 +0800] "GET /assets/js/53.5d01f967.js?_workbox-cache-bust=82d4142fa28147a3a91b8182439ee0d5 HTTP/2.0" 499 0 "https://wyydsb.com/service-worker.js" "Mozilla/5.0 (Windows NT 6.1; WOW64) AppleWebKit/537.36 (KHTML, like Gecko) Chrome/63.0.3239.132 Safari/537.36 QIHU 360EE"
36.24.138.163 - - [18/Dec/2018:07:31:08 +0800] "GET /assets/js/24.899ed67e.js?_workbox-cache-bust=863c715382908d14fb57ca90e8368541 HTTP/2.0" 499 0 "https://wyydsb.com/service-worker.js" "Mozilla/5.0 (Windows NT 6.1; WOW64) AppleWebKit/537.36 (KHTML, like Gecko) Chrome/63.0.3239.132 Safari/537.36 QIHU 360EE"
36.24.138.163 - - [18/Dec/2018:07:31:08 +0800] "GET /assets/fonts/Roboto-Light.3b813c2a.woff?_workbox-cache-bust=3b813c2ae0d04909a33a18d792912ee7 HTTP/2.0" 499 0 "https://wyydsb.com/service-worker.js" "Mozilla/5.0 (Windows NT 6.1; WOW64) AppleWebKit/537.36 (KHTML, like Gecko) Chrome/63.0.3239.132 Safari/537.36 QIHU 360EE"
36.24.138.163 - - [18/Dec/2018:07:31:08 +0800] "GET /other/frequent.html?_workbox-cache-bust=de0196840b0a80bd9066ce3af49eeb77 HTTP/2.0" 499 0 "https://wyydsb.com/service-worker.js" "Mozilla/5.0 (Windows NT 6.1; WOW64) AppleWebKit/537.36 (KHTML, like Gecko) Chrome/63.0.3239.132 Safari/537.36 QIHU 360EE"
36.24.138.163 - - [18/Dec/2018:07:31:08 +0800] "GET /assets/js/54.68b64f3c.js?_workbox-cache-bust=c327b62763541100ab36f576c6b954ac HTTP/2.0" 499 0 "https://wyydsb.com/service-worker.js" "Mozilla/5.0 (Windows NT 6.1; WOW64) AppleWebKit/537.36 (KHTML, like Gecko) Chrome/63.0.3239.132 Safari/537.36 QIHU 360EE"
36.24.138.163 - - [18/Dec/2018:07:31:08 +0800] "GET /assets/js/25.6e0cf0fb.js?_workbox-cache-bust=62577e55d7a10ff0969983b322825f56 HTTP/2.0" 499 0 "https://wyydsb.com/service-worker.js" "Mozilla/5.0 (Windows NT 6.1; WOW64) AppleWebKit/537.36 (KHTML, like Gecko) Chrome/63.0.3239.132 Safari/537.36 QIHU 360EE"
36.24.138.163 - - [18/Dec/2018:07:31:08 +0800] "GET /assets/fonts/Roboto-Light.46e48ce0.ttf?_workbox-cache-bust=46e48ce0628835f68a7369d0254e4283 HTTP/2.0" 499 0 "https://wyydsb.com/service-worker.js" "Mozilla/5.0 (Windows NT 6.1; WOW64) AppleWebKit/537.36 (KHTML, like Gecko) Chrome/63.0.3239.132 Safari/537.36 QIHU 360EE"
36.24.138.163 - - [18/Dec/2018:07:31:08 +0800] "GET /other/gitSkill.html?_workbox-cache-bust=cb73bad79bfe29e04292dbadba81dd15 HTTP/2.0" 499 0 "https://wyydsb.com/service-worker.js" "Mozilla/5.0 (Windows NT 6.1; WOW64) AppleWebKit/537.36 (KHTML, like Gecko) Chrome/63.0.3239.132 Safari/537.36 QIHU 360EE"
36.24.138.163 - - [18/Dec/2018:07:31:08 +0800] "GET /assets/js/55.33cde892.js?_workbox-cache-bust=76b35c1dbac941e1c3f3f4acdb96b077 HTTP/2.0" 499 0 "https://wyydsb.com/service-worker.js" "Mozilla/5.0 (Windows NT 6.1; WOW64) AppleWebKit/537.36 (KHTML, like Gecko) Chrome/63.0.3239.132 Safari/537.36 QIHU 360EE"
36.24.138.163 - - [18/Dec/2018:07:31:08 +0800] "GET /assets/js/26.98338b3e.js?_workbox-cache-bust=a2e0865ac5926edb112062c1470b65e6 HTTP/2.0" 499 0 "https://wyydsb.com/service-worker.js" "Mozilla/5.0 (Windows NT 6.1; WOW64) AppleWebKit/537.36 (KHTML, like Gecko) Chrome/63.0.3239.132 Safari/537.36 QIHU 360EE"
36.24.138.163 - - [18/Dec/2018:07:31:08 +0800] "GET /assets/fonts/Roboto-Light.69f8a061.woff2?_workbox-cache-bust=69f8a0617ac472f78e45841323a3df9e HTTP/2.0" 499 0 "https://wyydsb.com/service-worker.js" "Mozilla/5.0 (Windows NT 6.1; WOW64) AppleWebKit/537.36 (KHTML, like Gecko) Chrome/63.0.3239.132 Safari/537.36 QIHU 360EE"
36.24.138.163 - - [18/Dec/2018:07:31:08 +0800] "GET /other/mapreduce.html?_workbox-cache-bust=e719bfe4bd29e9346ecd262d2e3fd19d HTTP/2.0" 499 0 "https://wyydsb.com/service-worker.js" "Mozilla/5.0 (Windows NT 6.1; WOW64) AppleWebKit/537.36 (KHTML, like Gecko) Chrome/63.0.3239.132 Safari/537.36 QIHU 360EE"
36.24.138.163 - - [18/Dec/2018:07:31:08 +0800] "GET /assets/js/56.4eed0ddd.js?_workbox-cache-bust=99ea09e2757a41533dc5b4b3636b93cf HTTP/2.0" 499 0 "https://wyydsb.com/service-worker.js" "Mozilla/5.0 (Windows NT 6.1; WOW64) AppleWebKit/537.36 (KHTML, like Gecko) Chrome/63.0.3239.132 Safari/537.36 QIHU 360EE"
36.24.138.163 - - [18/Dec/2018:07:31:08 +0800] "GET /assets/js/27.08265f06.js?_workbox-cache-bust=17f75d171fb2086af5144d596b0f2768 HTTP/2.0" 499 0 "https://wyydsb.com/service-worker.js" "Mozilla/5.0 (Windows NT 6.1; WOW64) AppleWebKit/537.36 (KHTML, like Gecko) Chrome/63.0.3239.132 Safari/537.36 QIHU 360EE"
36.24.138.163 - - [18/Dec/2018:07:31:08 +0800] "GET /assets/fonts/Roboto-Medium.574fd0b5.woff2?_workbox-cache-bust=574fd0b50367f886d359e8264938fc37 HTTP/2.0" 499 0 "https://wyydsb.com/service-worker.js" "Mozilla/5.0 (Windows NT 6.1; WOW64) AppleWebKit/537.36 (KHTML, like Gecko) Chrome/63.0.3239.132 Safari/537.36 QIHU 360EE"
36.24.138.163 - - [18/Dec/2018:07:31:08 +0800] "GET /other/netease.html?_workbox-cache-bust=7628560d7f37a10caeaea6a517704b33 HTTP/2.0" 499 0 "https://wyydsb.com/service-worker.js" "Mozilla/5.0 (Windows NT 6.1; WOW64) AppleWebKit/537.36 (KHTML, like Gecko) Chrome/63.0.3239.132 Safari/537.36 QIHU 360EE"
36.24.138.163 - - [18/Dec/2018:07:31:08 +0800] "GET /assets/js/57.9aac363c.js?_workbox-cache-bust=67ae053565b788fb9b0928ffec7a1bfe HTTP/2.0" 499 0 "https://wyydsb.com/service-worker.js" "Mozilla/5.0 (Windows NT 6.1; WOW64) AppleWebKit/537.36 (KHTML, like Gecko) Chrome/63.0.3239.132 Safari/537.36 QIHU 360EE"
36.24.138.163 - - [18/Dec/2018:07:31:08 +0800] "GET /assets/js/28.c3d3bb62.js?_workbox-cache-bust=97a15f0cf175e63fe4a43105ec06d11e HTTP/2.0" 499 0 "https://wyydsb.com/service-worker.js" "Mozilla/5.0 (Windows NT 6.1; WOW64) AppleWebKit/537.36 (KHTML, like Gecko) Chrome/63.0.3239.132 Safari/537.36 QIHU 360EE"
36.24.138.163 - - [18/Dec/2018:07:31:08 +0800] "GET /assets/fonts/Roboto-Medium.894a2ede.ttf?_workbox-cache-bust=894a2ede85a483bf9bedefd4db45cdb9 HTTP/2.0" 499 0 "https://wyydsb.com/service-worker.js" "Mozilla/5.0 (Windows NT 6.1; WOW64) AppleWebKit/537.36 (KHTML, like Gecko) Chrome/63.0.3239.132 Safari/537.36 QIHU 360EE"
36.24.138.163 - - [18/Dec/2018:07:31:08 +0800] "GET /other/neteasedb.html?_workbox-cache-bust=e40914a37d342a710a86e81b4b40dfb8 HTTP/2.0" 499 0 "https://wyydsb.com/service-worker.js" "Mozilla/5.0 (Windows NT 6.1; WOW64) AppleWebKit/537.36 (KHTML, like Gecko) Chrome/63.0.3239.132 Safari/537.36 QIHU 360EE"
36.24.138.163 - - [18/Dec/2018:07:31:08 +0800] "GET /assets/js/58.0e79f699.js?_workbox-cache-bust=c76df99121e03c6893b7b5ac7a969b88 HTTP/2.0" 499 0 "https://wyydsb.com/service-worker.js" "Mozilla/5.0 (Windows NT 6.1; WOW64) AppleWebKit/537.36 (KHTML, like Gecko) Chrome/63.0.3239.132 Safari/537.36 QIHU 360EE"
36.24.138.163 - - [18/Dec/2018:07:31:08 +0800] "GET /assets/js/29.c09f537b.js?_workbox-cache-bust=b29563d9739e9d700eafddee2653fcb4 HTTP/2.0" 499 0 "https://wyydsb.com/service-worker.js" "Mozilla/5.0 (Windows NT 6.1; WOW64) AppleWebKit/537.36 (KHTML, like Gecko) Chrome/63.0.3239.132 Safari/537.36 QIHU 360EE"
36.24.138.163 - - [18/Dec/2018:07:31:08 +0800] "GET /assets/fonts/Roboto-Medium.fc78759e.woff?_workbox-cache-bust=fc78759e93a6cac50458610e3d9d63a0 HTTP/2.0" 499 0 "https://wyydsb.com/service-worker.js" "Mozilla/5.0 (Windows NT 6.1; WOW64) AppleWebKit/537.36 (KHTML, like Gecko) Chrome/63.0.3239.132 Safari/537.36 QIHU 360EE"
36.24.138.163 - - [18/Dec/2018:07:31:08 +0800] "GET /other/nginx.html?_workbox-cache-bust=5324a48f800bb6e8187e4b4288a64cf1 HTTP/2.0" 499 0 "https://wyydsb.com/service-worker.js" "Mozilla/5.0 (Windows NT 6.1; WOW64) AppleWebKit/537.36 (KHTML, like Gecko) Chrome/63.0.3239.132 Safari/537.36 QIHU 360EE"
36.24.138.163 - - [18/Dec/2018:07:31:08 +0800] "GET /assets/js/59.f3380bc4.js?_workbox-cache-bust=56409d69fd76370eade30da099ed0c93 HTTP/2.0" 499 0 "https://wyydsb.com/service-worker.js" "Mozilla/5.0 (Windows NT 6.1; WOW64) AppleWebKit/537.36 (KHTML, like Gecko) Chrome/63.0.3239.132 Safari/537.36 QIHU 360EE"
36.24.138.163 - - [18/Dec/2018:07:31:08 +0800] "GET /assets/js/3.2e76d84b.js?_workbox-cache-bust=c111c4a46553dc599e945ef51698e043 HTTP/2.0" 499 0 "https://wyydsb.com/service-worker.js" "Mozilla/5.0 (Windows NT 6.1; WOW64) AppleWebKit/537.36 (KHTML, like Gecko) Chrome/63.0.3239.132 Safari/537.36 QIHU 360EE"
36.24.138.163 - - [18/Dec/2018:07:31:08 +0800] "GET /assets/fonts/Roboto-Regular.2751ee43.woff2?_workbox-cache-bust=2751ee43015f9884c3642f103b7f70c9 HTTP/2.0" 499 0 "https://wyydsb.com/service-worker.js" "Mozilla/5.0 (Windows NT 6.1; WOW64) AppleWebKit/537.36 (KHTML, like Gecko) Chrome/63.0.3239.132 Safari/537.36 QIHU 360EE"
36.24.138.163 - - [18/Dec/2018:07:31:08 +0800] "GET /other/nohup.html?_workbox-cache-bust=b7d7702f88aedfbdb89834e9e912c303 HTTP/2.0" 499 0 "https://wyydsb.com/service-worker.js" "Mozilla/5.0 (Windows NT 6.1; WOW64) AppleWebKit/537.36 (KHTML, like Gecko) Chrome/63.0.3239.132 Safari/537.36 QIHU 360EE"
36.24.138.163 - - [18/Dec/2018:07:31:08 +0800] "GET /assets/js/6.d1e723ef.js?_workbox-cache-bust=54d5a9e8633efa78330778730b2d1ee1 HTTP/2.0" 499 0 "https://wyydsb.com/service-worker.js" "Mozilla/5.0 (Windows NT 6.1; WOW64) AppleWebKit/537.36 (KHTML, like Gecko) Chrome/63.0.3239.132 Safari/537.36 QIHU 360EE"
36.24.138.163 - - [18/Dec/2018:07:31:08 +0800] "GET /assets/js/30.0eaff5be.js?_workbox-cache-bust=025c02d8240b7bcf6c490d6b7fd08149 HTTP/2.0" 499 0 "https://wyydsb.com/service-worker.js" "Mozilla/5.0 (Windows NT 6.1; WOW64) AppleWebKit/537.36 (KHTML, like Gecko) Chrome/63.0.3239.132 Safari/537.36 QIHU 360EE"
36.24.138.163 - - [18/Dec/2018:07:31:08 +0800] "GET /assets/fonts/Roboto-Regular.ba3dcd89.woff?_workbox-cache-bust=ba3dcd8903e3d0af5de7792777f8ae0d HTTP/2.0" 499 0 "https://wyydsb.com/service-worker.js" "Mozilla/5.0 (Windows NT 6.1; WOW64) AppleWebKit/537.36 (KHTML, like Gecko) Chrome/63.0.3239.132 Safari/537.36 QIHU 360EE"
36.24.138.163 - - [18/Dec/2018:07:31:08 +0800] "GET /other/pagerank.html?_workbox-cache-bust=88a0d6cd9b3de2cb80b71925eaabb035 HTTP/2.0" 499 0 "https://wyydsb.com/service-worker.js" "Mozilla/5.0 (Windows NT 6.1; WOW64) AppleWebKit/537.36 (KHTML, like Gecko) Chrome/63.0.3239.132 Safari/537.36 QIHU 360EE"
36.24.138.163 - - [18/Dec/2018:07:31:08 +0800] "GET /assets/js/60.00a6591f.js?_workbox-cache-bust=0bdeb617c6d5630ec42ef065aae4d83c HTTP/2.0" 499 0 "https://wyydsb.com/service-worker.js" "Mozilla/5.0 (Windows NT 6.1; WOW64) AppleWebKit/537.36 (KHTML, like Gecko) Chrome/63.0.3239.132 Safari/537.36 QIHU 360EE"
36.24.138.163 - - [18/Dec/2018:07:31:08 +0800] "GET /assets/js/31.5b6ca4ee.js?_workbox-cache-bust=44d86f0252603e34f81ff1ae1fd56449 HTTP/2.0" 499 0 "https://wyydsb.com/service-worker.js" "Mozilla/5.0 (Windows NT 6.1; WOW64) AppleWebKit/537.36 (KHTML, like Gecko) Chrome/63.0.3239.132 Safari/537.36 QIHU 360EE"
36.24.138.163 - - [18/Dec/2018:07:31:08 +0800] "GET /assets/fonts/Roboto-Regular.df7b648c.ttf?_workbox-cache-bust=df7b648ce5356ea1ebce435b3459fd60 HTTP/2.0" 499 0 "https://wyydsb.com/service-worker.js" "Mozilla/5.0 (Windows NT 6.1; WOW64) AppleWebKit/537.36 (KHTML, like Gecko) Chrome/63.0.3239.132 Safari/537.36 QIHU 360EE"
36.24.138.163 - - [18/Dec/2018:07:31:08 +0800] "GET /other/pageranks.html?_workbox-cache-bust=eb9126f55311c66809e4ea2f95036bf3 HTTP/2.0" 499 0 "https://wyydsb.com/service-worker.js" "Mozilla/5.0 (Windows NT 6.1; WOW64) AppleWebKit/537.36 (KHTML, like Gecko) Chrome/63.0.3239.132 Safari/537.36 QIHU 360EE"
36.24.138.163 - - [18/Dec/2018:07:31:08 +0800] "GET /assets/js/61.8ad3726a.js?_workbox-cache-bust=8772c1f2fe7cd18e6ac6bb491e8b7114 HTTP/2.0" 499 0 "https://wyydsb.com/service-worker.js" "Mozilla/5.0 (Windows NT 6.1; WOW64) AppleWebKit/537.36 (KHTML, like Gecko) Chrome/63.0.3239.132 Safari/537.36 QIHU 360EE"
36.24.138.163 - - [18/Dec/2018:07:31:08 +0800] "GET /assets/js/32.826f45b2.js?_workbox-cache-bust=184107c5c23b366956dbf30ab4468b8d HTTP/2.0" 499 0 "https://wyydsb.com/service-worker.js" "Mozilla/5.0 (Windows NT 6.1; WOW64) AppleWebKit/537.36 (KHTML, like Gecko) Chrome/63.0.3239.132 Safari/537.36 QIHU 360EE"
36.24.138.163 - - [18/Dec/2018:07:31:08 +0800] "GET /assets/fonts/Roboto-Thin.7500519d.woff?_workbox-cache-bust=7500519de3d82e33d1587f8042e2afcb HTTP/2.0" 499 0 "https://wyydsb.com/service-worker.js" "Mozilla/5.0 (Windows NT 6.1; WOW64) AppleWebKit/537.36 (KHTML, like Gecko) Chrome/63.0.3239.132 Safari/537.36 QIHU 360EE"
36.24.138.163 - - [18/Dec/2018:07:31:08 +0800] "GET /other/peloton.html?_workbox-cache-bust=9ba86accf7911a57b7edf6c832973b57 HTTP/2.0" 499 0 "https://wyydsb.com/service-worker.js" "Mozilla/5.0 (Windows NT 6.1; WOW64) AppleWebKit/537.36 (KHTML, like Gecko) Chrome/63.0.3239.132 Safari/537.36 QIHU 360EE"
36.24.138.163 - - [18/Dec/2018:07:31:08 +0800] "GET /assets/js/62.44df6ea1.js?_workbox-cache-bust=ecb1718dcf80902c1c4d961997171fc7 HTTP/2.0" 499 0 "https://wyydsb.com/service-worker.js" "Mozilla/5.0 (Windows NT 6.1; WOW64) AppleWebKit/537.36 (KHTML, like Gecko) Chrome/63.0.3239.132 Safari/537.36 QIHU 360EE"
36.24.138.163 - - [18/Dec/2018:07:31:08 +0800] "GET /assets/js/33.34b0fb3f.js?_workbox-cache-bust=5a9146a1c94f52c6b2187e4463a5d20c HTTP/2.0" 499 0 "https://wyydsb.com/service-worker.js" "Mozilla/5.0 (Windows NT 6.1; WOW64) AppleWebKit/537.36 (KHTML, like Gecko) Chrome/63.0.3239.132 Safari/537.36 QIHU 360EE"
36.24.138.163 - - [18/Dec/2018:07:31:08 +0800] "GET /assets/fonts/Roboto-Thin.94998475.ttf?_workbox-cache-bust=94998475f6aea65f558494802416c1cf HTTP/2.0" 499 0 "https://wyydsb.com/service-worker.js" "Mozilla/5.0 (Windows NT 6.1; WOW64) AppleWebKit/537.36 (KHTML, like Gecko) Chrome/63.0.3239.132 Safari/537.36 QIHU 360EE"
36.24.138.163 - - [18/Dec/2018:07:31:08 +0800] "GET /other/ppr.html?_workbox-cache-bust=513f1ed769f2987c85fd6e476da38b27 HTTP/2.0" 499 0 "https://wyydsb.com/service-worker.js" "Mozilla/5.0 (Windows NT 6.1; WOW64) AppleWebKit/537.36 (KHTML, like Gecko) Chrome/63.0.3239.132 Safari/537.36 QIHU 360EE"
36.24.138.163 - - [18/Dec/2018:07:31:08 +0800] "GET /assets/js/7.5d98cbe6.js?_workbox-cache-bust=df5b89f734e13a908c22e70522cf9166 HTTP/2.0" 499 0 "https://wyydsb.com/service-worker.js" "Mozilla/5.0 (Windows NT 6.1; WOW64) AppleWebKit/537.36 (KHTML, like Gecko) Chrome/63.0.3239.132 Safari/537.36 QIHU 360EE"
