104.154.92.220 - - [04/Dec/2018:09:50:13 +0800] "GET /other/pseudo.html HTTP/1.1" 200 61388 "https://wyydsb.xin/" "Mozilla/5.0 (Windows NT 6.3; Win64; x64) AppleWebKit/537.36                  (KHTML, like Gecko) Chrome/37.0.2049.0 Safari/537.36"
104.154.92.220 - - [04/Dec/2018:09:50:14 +0800] "GET /other/cs.html HTTP/1.1" 200 26896 "https://wyydsb.xin/" "Mozilla/5.0 (Windows NT 6.3; Win64; x64) AppleWebKit/537.36                  (KHTML, like Gecko) Chrome/37.0.2049.0 Safari/537.36"
202.112.174.41 - - [04/Dec/2018:09:50:15 +0800] "GET /assets/js/39.f8e504f2.js HTTP/2.0" 200 28946 "https://wyydsb.xin/service-worker.js" "Mozilla/5.0 (Windows NT 10.0; Win64; x64) AppleWebKit/537.36 (KHTML, like Gecko) Chrome/70.0.3538.77 Safari/537.36"
202.112.174.41 - - [04/Dec/2018:09:50:15 +0800] "GET /assets/img/fa-solid-900.e98a92ac.svg HTTP/2.0" 200 488219 "https://wyydsb.xin/service-worker.js" "Mozilla/5.0 (Windows NT 10.0; Win64; x64) AppleWebKit/537.36 (KHTML, like Gecko) Chrome/70.0.3538.77 Safari/537.36"
202.112.174.41 - - [04/Dec/2018:09:50:15 +0800] "GET /assets/js/4.386e5ffc.js HTTP/2.0" 200 18561 "https://wyydsb.xin/service-worker.js" "Mozilla/5.0 (Windows NT 10.0; Win64; x64) AppleWebKit/537.36 (KHTML, like Gecko) Chrome/70.0.3538.77 Safari/537.36"
104.154.92.220 - - [04/Dec/2018:09:50:15 +0800] "GET /tags/Linux HTTP/1.1" 404 5394 "https://wyydsb.xin/other/redirect.html" "Mozilla/5.0 (Windows NT 6.3; Win64; x64) AppleWebKit/537.36                  (KHTML, like Gecko) Chrome/37.0.2049.0 Safari/537.36"
104.154.92.220 - - [04/Dec/2018:09:50:15 +0800] "GET /javaScript/component.html HTTP/1.1" 200 23580 "https://wyydsb.xin/" "Mozilla/5.0 (Windows NT 6.3; Win64; x64) AppleWebKit/537.36                  (KHTML, like Gecko) Chrome/37.0.2049.0 Safari/537.36"
104.154.92.220 - - [04/Dec/2018:09:50:15 +0800] "GET /tags/Bash HTTP/1.1" 404 5394 "https://wyydsb.xin/other/pv.html" "Mozilla/5.0 (Windows NT 6.3; Win64; x64) AppleWebKit/537.36                  (KHTML, like Gecko) Chrome/37.0.2049.0 Safari/537.36"
104.154.92.220 - - [04/Dec/2018:09:50:15 +0800] "GET /other/jianshu.com/p/b2eed75b9855 HTTP/1.1" 301 185 "https://wyydsb.xin/other/brew.html" "Mozilla/5.0 (Windows NT 6.3; Win64; x64) AppleWebKit/537.36                  (KHTML, like Gecko) Chrome/37.0.2049.0 Safari/537.36"
104.154.92.220 - - [04/Dec/2018:09:50:16 +0800] "GET /javaScript/redux.html HTTP/1.1" 200 57792 "https://wyydsb.xin/" "Mozilla/5.0 (Windows NT 6.3; Win64; x64) AppleWebKit/537.36                  (KHTML, like Gecko) Chrome/37.0.2049.0 Safari/537.36"
104.154.92.220 - - [04/Dec/2018:09:50:16 +0800] "GET /javaScript/reduxs.html HTTP/1.1" 200 26982 "https://wyydsb.xin/" "Mozilla/5.0 (Windows NT 6.3; Win64; x64) AppleWebKit/537.36                  (KHTML, like Gecko) Chrome/37.0.2049.0 Safari/537.36"
104.154.92.220 - - [04/Dec/2018:09:50:16 +0800] "GET /tags/Spider HTTP/1.1" 404 5394 "https://wyydsb.xin/other/neteasedb.html" "Mozilla/5.0 (Windows NT 6.3; Win64; x64) AppleWebKit/537.36                  (KHTML, like Gecko) Chrome/37.0.2049.0 Safari/537.36"
104.154.92.220 - - [04/Dec/2018:09:50:16 +0800] "GET /tags/MySQL HTTP/1.1" 404 5394 "https://wyydsb.xin/other/truncate.html" "Mozilla/5.0 (Windows NT 6.3; Win64; x64) AppleWebKit/537.36                  (KHTML, like Gecko) Chrome/37.0.2049.0 Safari/537.36"
104.154.92.220 - - [04/Dec/2018:09:50:16 +0800] "GET /pat/entrance.html HTTP/1.1" 200 57671 "https://wyydsb.xin/" "Mozilla/5.0 (Windows NT 6.3; Win64; x64) AppleWebKit/537.36                  (KHTML, like Gecko) Chrome/37.0.2049.0 Safari/537.36"
104.154.92.220 - - [04/Dec/2018:09:50:16 +0800] "GET /javaScript/immutable.html HTTP/1.1" 200 39698 "https://wyydsb.xin/" "Mozilla/5.0 (Windows NT 6.3; Win64; x64) AppleWebKit/537.36                  (KHTML, like Gecko) Chrome/37.0.2049.0 Safari/537.36"
104.154.92.220 - - [04/Dec/2018:09:50:17 +0800] "GET /other/pageranks.html HTTP/1.1" 200 123516 "https://wyydsb.xin/" "Mozilla/5.0 (Windows NT 6.3; Win64; x64) AppleWebKit/537.36                  (KHTML, like Gecko) Chrome/37.0.2049.0 Safari/537.36"
104.154.92.220 - - [04/Dec/2018:09:50:17 +0800] "GET /pat/sort.html HTTP/1.1" 200 14821 "https://wyydsb.xin/" "Mozilla/5.0 (Windows NT 6.3; Win64; x64) AppleWebKit/537.36                  (KHTML, like Gecko) Chrome/37.0.2049.0 Safari/537.36"
104.154.92.220 - - [04/Dec/2018:09:50:17 +0800] "GET /pat/anoj2018II.html HTTP/1.1" 200 50949 "https://wyydsb.xin/" "Mozilla/5.0 (Windows NT 6.3; Win64; x64) AppleWebKit/537.36                  (KHTML, like Gecko) Chrome/37.0.2049.0 Safari/537.36"
104.154.92.220 - - [04/Dec/2018:09:50:18 +0800] "GET /tags/Nginx HTTP/1.1" 404 5394 "https://wyydsb.xin/other/nginx.html" "Mozilla/5.0 (Windows NT 6.3; Win64; x64) AppleWebKit/537.36                  (KHTML, like Gecko) Chrome/37.0.2049.0 Safari/537.36"
202.112.174.41 - - [04/Dec/2018:09:50:19 +0800] "GET /assets/js/10.9b5443cf.js HTTP/2.0" 200 32697 "https://wyydsb.xin/service-worker.js" "Mozilla/5.0 (Windows NT 10.0; Win64; x64) AppleWebKit/537.36 (KHTML, like Gecko) Chrome/70.0.3538.77 Safari/537.36"
104.154.92.220 - - [04/Dec/2018:09:50:19 +0800] "GET /other/gitSkill.html HTTP/1.1" 200 13253 "https://wyydsb.xin/" "Mozilla/5.0 (Windows NT 6.3; Win64; x64) AppleWebKit/537.36                  (KHTML, like Gecko) Chrome/37.0.2049.0 Safari/537.36"
104.154.92.220 - - [04/Dec/2018:09:50:19 +0800] "GET /other/vsm.html HTTP/1.1" 200 26269 "https://wyydsb.xin/" "Mozilla/5.0 (Windows NT 6.3; Win64; x64) AppleWebKit/537.36                  (KHTML, like Gecko) Chrome/37.0.2049.0 Safari/537.36"
202.112.174.41 - - [04/Dec/2018:09:50:20 +0800] "GET /assets/js/17.8bfc9516.js HTTP/2.0" 200 0 "https://wyydsb.xin/" "Mozilla/5.0 (Windows NT 10.0; Win64; x64) AppleWebKit/537.36 (KHTML, like Gecko) Chrome/70.0.3538.77 Safari/537.36"
202.112.174.41 - - [04/Dec/2018:09:50:20 +0800] "GET /assets/js/18.d676a614.js HTTP/2.0" 200 0 "https://wyydsb.xin/" "Mozilla/5.0 (Windows NT 10.0; Win64; x64) AppleWebKit/537.36 (KHTML, like Gecko) Chrome/70.0.3538.77 Safari/537.36"
202.112.174.41 - - [04/Dec/2018:09:50:20 +0800] "GET /assets/js/19.2fb8139d.js HTTP/2.0" 200 0 "https://wyydsb.xin/" "Mozilla/5.0 (Windows NT 10.0; Win64; x64) AppleWebKit/537.36 (KHTML, like Gecko) Chrome/70.0.3538.77 Safari/537.36"
202.112.174.41 - - [04/Dec/2018:09:50:20 +0800] "GET /assets/js/20.c994f325.js HTTP/2.0" 200 0 "https://wyydsb.xin/" "Mozilla/5.0 (Windows NT 10.0; Win64; x64) AppleWebKit/537.36 (KHTML, like Gecko) Chrome/70.0.3538.77 Safari/537.36"
202.112.174.41 - - [04/Dec/2018:09:50:20 +0800] "GET /assets/js/21.e684dfec.js HTTP/2.0" 200 0 "https://wyydsb.xin/" "Mozilla/5.0 (Windows NT 10.0; Win64; x64) AppleWebKit/537.36 (KHTML, like Gecko) Chrome/70.0.3538.77 Safari/537.36"
202.112.174.41 - - [04/Dec/2018:09:50:20 +0800] "GET /assets/js/22.61ba77e5.js HTTP/2.0" 200 0 "https://wyydsb.xin/" "Mozilla/5.0 (Windows NT 10.0; Win64; x64) AppleWebKit/537.36 (KHTML, like Gecko) Chrome/70.0.3538.77 Safari/537.36"
202.112.174.41 - - [04/Dec/2018:09:50:20 +0800] "GET /assets/js/23.cac7e9ec.js HTTP/2.0" 200 0 "https://wyydsb.xin/" "Mozilla/5.0 (Windows NT 10.0; Win64; x64) AppleWebKit/537.36 (KHTML, like Gecko) Chrome/70.0.3538.77 Safari/537.36"
202.112.174.41 - - [04/Dec/2018:09:50:20 +0800] "GET /assets/js/24.349aef35.js HTTP/2.0" 200 0 "https://wyydsb.xin/" "Mozilla/5.0 (Windows NT 10.0; Win64; x64) AppleWebKit/537.36 (KHTML, like Gecko) Chrome/70.0.3538.77 Safari/537.36"
202.112.174.41 - - [04/Dec/2018:09:50:20 +0800] "GET /assets/js/25.cd3243cf.js HTTP/2.0" 200 0 "https://wyydsb.xin/" "Mozilla/5.0 (Windows NT 10.0; Win64; x64) AppleWebKit/537.36 (KHTML, like Gecko) Chrome/70.0.3538.77 Safari/537.36"
202.112.174.41 - - [04/Dec/2018:09:50:20 +0800] "GET /assets/js/26.209c359f.js HTTP/2.0" 200 0 "https://wyydsb.xin/" "Mozilla/5.0 (Windows NT 10.0; Win64; x64) AppleWebKit/537.36 (KHTML, like Gecko) Chrome/70.0.3538.77 Safari/537.36"
202.112.174.41 - - [04/Dec/2018:09:50:20 +0800] "GET /assets/js/27.0c103202.js HTTP/2.0" 200 0 "https://wyydsb.xin/" "Mozilla/5.0 (Windows NT 10.0; Win64; x64) AppleWebKit/537.36 (KHTML, like Gecko) Chrome/70.0.3538.77 Safari/537.36"
202.112.174.41 - - [04/Dec/2018:09:50:20 +0800] "GET /assets/js/28.9257e043.js HTTP/2.0" 200 0 "https://wyydsb.xin/" "Mozilla/5.0 (Windows NT 10.0; Win64; x64) AppleWebKit/537.36 (KHTML, like Gecko) Chrome/70.0.3538.77 Safari/537.36"
202.112.174.41 - - [04/Dec/2018:09:50:20 +0800] "GET /assets/js/29.f5c9e3a6.js HTTP/2.0" 200 0 "https://wyydsb.xin/" "Mozilla/5.0 (Windows NT 10.0; Win64; x64) AppleWebKit/537.36 (KHTML, like Gecko) Chrome/70.0.3538.77 Safari/537.36"
202.112.174.41 - - [04/Dec/2018:09:50:20 +0800] "GET /assets/js/3.b1bd87c8.js HTTP/2.0" 200 0 "https://wyydsb.xin/" "Mozilla/5.0 (Windows NT 10.0; Win64; x64) AppleWebKit/537.36 (KHTML, like Gecko) Chrome/70.0.3538.77 Safari/537.36"
202.112.174.41 - - [04/Dec/2018:09:50:20 +0800] "GET /assets/js/30.b0ac18e7.js HTTP/2.0" 200 0 "https://wyydsb.xin/" "Mozilla/5.0 (Windows NT 10.0; Win64; x64) AppleWebKit/537.36 (KHTML, like Gecko) Chrome/70.0.3538.77 Safari/537.36"
202.112.174.41 - - [04/Dec/2018:09:50:20 +0800] "GET /assets/js/31.54824b8a.js HTTP/2.0" 200 0 "https://wyydsb.xin/" "Mozilla/5.0 (Windows NT 10.0; Win64; x64) AppleWebKit/537.36 (KHTML, like Gecko) Chrome/70.0.3538.77 Safari/537.36"
202.112.174.41 - - [04/Dec/2018:09:50:20 +0800] "GET /assets/js/32.67090676.js HTTP/2.0" 200 0 "https://wyydsb.xin/" "Mozilla/5.0 (Windows NT 10.0; Win64; x64) AppleWebKit/537.36 (KHTML, like Gecko) Chrome/70.0.3538.77 Safari/537.36"
202.112.174.41 - - [04/Dec/2018:09:50:20 +0800] "GET /assets/js/33.3e35941e.js HTTP/2.0" 200 0 "https://wyydsb.xin/" "Mozilla/5.0 (Windows NT 10.0; Win64; x64) AppleWebKit/537.36 (KHTML, like Gecko) Chrome/70.0.3538.77 Safari/537.36"
202.112.174.41 - - [04/Dec/2018:09:50:20 +0800] "GET /assets/js/34.cc4742ab.js HTTP/2.0" 200 0 "https://wyydsb.xin/" "Mozilla/5.0 (Windows NT 10.0; Win64; x64) AppleWebKit/537.36 (KHTML, like Gecko) Chrome/70.0.3538.77 Safari/537.36"
202.112.174.41 - - [04/Dec/2018:09:50:20 +0800] "GET /assets/js/35.7d80aad2.js HTTP/2.0" 200 0 "https://wyydsb.xin/" "Mozilla/5.0 (Windows NT 10.0; Win64; x64) AppleWebKit/537.36 (KHTML, like Gecko) Chrome/70.0.3538.77 Safari/537.36"
202.112.174.41 - - [04/Dec/2018:09:50:20 +0800] "GET /assets/js/36.6f0daf95.js HTTP/2.0" 200 0 "https://wyydsb.xin/" "Mozilla/5.0 (Windows NT 10.0; Win64; x64) AppleWebKit/537.36 (KHTML, like Gecko) Chrome/70.0.3538.77 Safari/537.36"
202.112.174.41 - - [04/Dec/2018:09:50:20 +0800] "GET /assets/js/37.f0058512.js HTTP/2.0" 200 0 "https://wyydsb.xin/" "Mozilla/5.0 (Windows NT 10.0; Win64; x64) AppleWebKit/537.36 (KHTML, like Gecko) Chrome/70.0.3538.77 Safari/537.36"
202.112.174.41 - - [04/Dec/2018:09:50:20 +0800] "GET /assets/js/38.fa3a1ba0.js HTTP/2.0" 200 0 "https://wyydsb.xin/" "Mozilla/5.0 (Windows NT 10.0; Win64; x64) AppleWebKit/537.36 (KHTML, like Gecko) Chrome/70.0.3538.77 Safari/537.36"
202.112.174.41 - - [04/Dec/2018:09:50:20 +0800] "GET /assets/js/39.f8e504f2.js HTTP/2.0" 200 0 "https://wyydsb.xin/" "Mozilla/5.0 (Windows NT 10.0; Win64; x64) AppleWebKit/537.36 (KHTML, like Gecko) Chrome/70.0.3538.77 Safari/537.36"
202.112.174.41 - - [04/Dec/2018:09:50:20 +0800] "GET /assets/js/4.386e5ffc.js HTTP/2.0" 200 0 "https://wyydsb.xin/" "Mozilla/5.0 (Windows NT 10.0; Win64; x64) AppleWebKit/537.36 (KHTML, like Gecko) Chrome/70.0.3538.77 Safari/537.36"
202.112.174.41 - - [04/Dec/2018:09:50:20 +0800] "GET /assets/js/40.71b674bd.js HTTP/2.0" 200 0 "https://wyydsb.xin/" "Mozilla/5.0 (Windows NT 10.0; Win64; x64) AppleWebKit/537.36 (KHTML, like Gecko) Chrome/70.0.3538.77 Safari/537.36"
202.112.174.41 - - [04/Dec/2018:09:50:20 +0800] "GET /assets/js/41.6e002add.js HTTP/2.0" 200 0 "https://wyydsb.xin/" "Mozilla/5.0 (Windows NT 10.0; Win64; x64) AppleWebKit/537.36 (KHTML, like Gecko) Chrome/70.0.3538.77 Safari/537.36"
202.112.174.41 - - [04/Dec/2018:09:50:20 +0800] "GET /assets/js/42.dca3828a.js HTTP/2.0" 200 0 "https://wyydsb.xin/" "Mozilla/5.0 (Windows NT 10.0; Win64; x64) AppleWebKit/537.36 (KHTML, like Gecko) Chrome/70.0.3538.77 Safari/537.36"
202.112.174.41 - - [04/Dec/2018:09:50:20 +0800] "GET /assets/js/43.6c93d380.js HTTP/2.0" 200 0 "https://wyydsb.xin/" "Mozilla/5.0 (Windows NT 10.0; Win64; x64) AppleWebKit/537.36 (KHTML, like Gecko) Chrome/70.0.3538.77 Safari/537.36"
202.112.174.41 - - [04/Dec/2018:09:50:20 +0800] "GET /assets/js/44.2cb402bf.js HTTP/2.0" 200 0 "https://wyydsb.xin/" "Mozilla/5.0 (Windows NT 10.0; Win64; x64) AppleWebKit/537.36 (KHTML, like Gecko) Chrome/70.0.3538.77 Safari/537.36"
202.112.174.41 - - [04/Dec/2018:09:50:20 +0800] "GET /assets/js/45.f51394a3.js HTTP/2.0" 200 0 "https://wyydsb.xin/" "Mozilla/5.0 (Windows NT 10.0; Win64; x64) AppleWebKit/537.36 (KHTML, like Gecko) Chrome/70.0.3538.77 Safari/537.36"
202.112.174.41 - - [04/Dec/2018:09:50:20 +0800] "GET /assets/js/46.575cef32.js HTTP/2.0" 200 0 "https://wyydsb.xin/" "Mozilla/5.0 (Windows NT 10.0; Win64; x64) AppleWebKit/537.36 (KHTML, like Gecko) Chrome/70.0.3538.77 Safari/537.36"
202.112.174.41 - - [04/Dec/2018:09:50:20 +0800] "GET /assets/js/47.b8fb0739.js HTTP/2.0" 200 0 "https://wyydsb.xin/" "Mozilla/5.0 (Windows NT 10.0; Win64; x64) AppleWebKit/537.36 (KHTML, like Gecko) Chrome/70.0.3538.77 Safari/537.36"
202.112.174.41 - - [04/Dec/2018:09:50:20 +0800] "GET /assets/js/48.a242e4c1.js HTTP/2.0" 200 0 "https://wyydsb.xin/" "Mozilla/5.0 (Windows NT 10.0; Win64; x64) AppleWebKit/537.36 (KHTML, like Gecko) Chrome/70.0.3538.77 Safari/537.36"
202.112.174.41 - - [04/Dec/2018:09:50:20 +0800] "GET /assets/js/49.74d3856a.js HTTP/2.0" 200 0 "https://wyydsb.xin/" "Mozilla/5.0 (Windows NT 10.0; Win64; x64) AppleWebKit/537.36 (KHTML, like Gecko) Chrome/70.0.3538.77 Safari/537.36"
202.112.174.41 - - [04/Dec/2018:09:50:20 +0800] "GET /assets/js/5.a284cadd.js HTTP/2.0" 200 0 "https://wyydsb.xin/" "Mozilla/5.0 (Windows NT 10.0; Win64; x64) AppleWebKit/537.36 (KHTML, like Gecko) Chrome/70.0.3538.77 Safari/537.36"
202.112.174.41 - - [04/Dec/2018:09:50:20 +0800] "GET /assets/js/50.ce3018e7.js HTTP/2.0" 200 0 "https://wyydsb.xin/" "Mozilla/5.0 (Windows NT 10.0; Win64; x64) AppleWebKit/537.36 (KHTML, like Gecko) Chrome/70.0.3538.77 Safari/537.36"
202.112.174.41 - - [04/Dec/2018:09:50:20 +0800] "GET /assets/js/51.0fec99b8.js HTTP/2.0" 200 0 "https://wyydsb.xin/" "Mozilla/5.0 (Windows NT 10.0; Win64; x64) AppleWebKit/537.36 (KHTML, like Gecko) Chrome/70.0.3538.77 Safari/537.36"
202.112.174.41 - - [04/Dec/2018:09:50:20 +0800] "GET /assets/js/52.04945c3c.js HTTP/2.0" 200 0 "https://wyydsb.xin/" "Mozilla/5.0 (Windows NT 10.0; Win64; x64) AppleWebKit/537.36 (KHTML, like Gecko) Chrome/70.0.3538.77 Safari/537.36"
202.112.174.41 - - [04/Dec/2018:09:50:20 +0800] "GET /assets/js/53.4756ea03.js HTTP/2.0" 200 0 "https://wyydsb.xin/" "Mozilla/5.0 (Windows NT 10.0; Win64; x64) AppleWebKit/537.36 (KHTML, like Gecko) Chrome/70.0.3538.77 Safari/537.36"
202.112.174.41 - - [04/Dec/2018:09:50:20 +0800] "GET /assets/js/54.49bdb11f.js HTTP/2.0" 200 0 "https://wyydsb.xin/" "Mozilla/5.0 (Windows NT 10.0; Win64; x64) AppleWebKit/537.36 (KHTML, like Gecko) Chrome/70.0.3538.77 Safari/537.36"
202.112.174.41 - - [04/Dec/2018:09:50:20 +0800] "GET /assets/js/55.79ec627c.js HTTP/2.0" 200 0 "https://wyydsb.xin/" "Mozilla/5.0 (Windows NT 10.0; Win64; x64) AppleWebKit/537.36 (KHTML, like Gecko) Chrome/70.0.3538.77 Safari/537.36"
202.112.174.41 - - [04/Dec/2018:09:50:20 +0800] "GET /assets/js/56.eb6c57d1.js HTTP/2.0" 200 0 "https://wyydsb.xin/" "Mozilla/5.0 (Windows NT 10.0; Win64; x64) AppleWebKit/537.36 (KHTML, like Gecko) Chrome/70.0.3538.77 Safari/537.36"
202.112.174.41 - - [04/Dec/2018:09:50:20 +0800] "GET /assets/js/57.6f5d2e00.js HTTP/2.0" 200 0 "https://wyydsb.xin/" "Mozilla/5.0 (Windows NT 10.0; Win64; x64) AppleWebKit/537.36 (KHTML, like Gecko) Chrome/70.0.3538.77 Safari/537.36"
202.112.174.41 - - [04/Dec/2018:09:50:20 +0800] "GET /assets/js/58.c3ea903f.js HTTP/2.0" 200 0 "https://wyydsb.xin/" "Mozilla/5.0 (Windows NT 10.0; Win64; x64) AppleWebKit/537.36 (KHTML, like Gecko) Chrome/70.0.3538.77 Safari/537.36"
202.112.174.41 - - [04/Dec/2018:09:50:20 +0800] "GET /assets/js/59.b2be2e68.js HTTP/2.0" 200 0 "https://wyydsb.xin/" "Mozilla/5.0 (Windows NT 10.0; Win64; x64) AppleWebKit/537.36 (KHTML, like Gecko) Chrome/70.0.3538.77 Safari/537.36"
202.112.174.41 - - [04/Dec/2018:09:50:20 +0800] "GET /assets/js/6.c9f46d67.js HTTP/2.0" 200 0 "https://wyydsb.xin/" "Mozilla/5.0 (Windows NT 10.0; Win64; x64) AppleWebKit/537.36 (KHTML, like Gecko) Chrome/70.0.3538.77 Safari/537.36"
202.112.174.41 - - [04/Dec/2018:09:50:20 +0800] "GET /assets/js/7.badf645f.js HTTP/2.0" 200 0 "https://wyydsb.xin/" "Mozilla/5.0 (Windows NT 10.0; Win64; x64) AppleWebKit/537.36 (KHTML, like Gecko) Chrome/70.0.3538.77 Safari/537.36"
202.112.174.41 - - [04/Dec/2018:09:50:20 +0800] "GET /assets/js/8.2038a084.js HTTP/2.0" 200 0 "https://wyydsb.xin/" "Mozilla/5.0 (Windows NT 10.0; Win64; x64) AppleWebKit/537.36 (KHTML, like Gecko) Chrome/70.0.3538.77 Safari/537.36"
202.112.174.41 - - [04/Dec/2018:09:50:20 +0800] "GET /assets/js/9.9e2612b6.js HTTP/2.0" 200 0 "https://wyydsb.xin/" "Mozilla/5.0 (Windows NT 10.0; Win64; x64) AppleWebKit/537.36 (KHTML, like Gecko) Chrome/70.0.3538.77 Safari/537.36"
202.112.174.41 - - [04/Dec/2018:09:50:20 +0800] "GET /assets/js/40.71b674bd.js HTTP/2.0" 200 10699 "https://wyydsb.xin/service-worker.js" "Mozilla/5.0 (Windows NT 10.0; Win64; x64) AppleWebKit/537.36 (KHTML, like Gecko) Chrome/70.0.3538.77 Safari/537.36"
202.112.174.41 - - [04/Dec/2018:09:50:20 +0800] "GET /assets/js/41.6e002add.js HTTP/2.0" 200 32492 "https://wyydsb.xin/service-worker.js" "Mozilla/5.0 (Windows NT 10.0; Win64; x64) AppleWebKit/537.36 (KHTML, like Gecko) Chrome/70.0.3538.77 Safari/537.36"
202.112.174.41 - - [04/Dec/2018:09:50:20 +0800] "GET /assets/js/42.dca3828a.js HTTP/2.0" 200 23373 "https://wyydsb.xin/service-worker.js" "Mozilla/5.0 (Windows NT 10.0; Win64; x64) AppleWebKit/537.36 (KHTML, like Gecko) Chrome/70.0.3538.77 Safari/537.36"
104.154.92.220 - - [04/Dec/2018:09:50:20 +0800] "GET /tags/hadoop HTTP/1.1" 404 5394 "https://wyydsb.xin/other/pseudo.html" "Mozilla/5.0 (Windows NT 6.3; Win64; x64) AppleWebKit/537.36                  (KHTML, like Gecko) Chrome/37.0.2049.0 Safari/537.36"
104.154.92.220 - - [04/Dec/2018:09:50:20 +0800] "GET /tags/PageRank HTTP/1.1" 404 5394 "https://wyydsb.xin/other/pagerank.html" "Mozilla/5.0 (Windows NT 6.3; Win64; x64) AppleWebKit/537.36                  (KHTML, like Gecko) Chrome/37.0.2049.0 Safari/537.36"
104.154.92.220 - - [04/Dec/2018:09:50:21 +0800] "GET /tags/React HTTP/1.1" 404 5394 "https://wyydsb.xin/javaScript/component.html" "Mozilla/5.0 (Windows NT 6.3; Win64; x64) AppleWebKit/537.36                  (KHTML, like Gecko) Chrome/37.0.2049.0 Safari/537.36"
104.154.92.220 - - [04/Dec/2018:09:50:21 +0800] "GET /tags/Summary HTTP/1.1" 404 5394 "https://wyydsb.xin/other/cs.html" "Mozilla/5.0 (Windows NT 6.3; Win64; x64) AppleWebKit/537.36                  (KHTML, like Gecko) Chrome/37.0.2049.0 Safari/537.36"
104.154.92.220 - - [04/Dec/2018:09:50:21 +0800] "GET /tags/Data%20Mining HTTP/1.1" 404 5394 "https://wyydsb.xin/other/frequent.html" "Mozilla/5.0 (Windows NT 6.3; Win64; x64) AppleWebKit/537.36                  (KHTML, like Gecko) Chrome/37.0.2049.0 Safari/537.36"
202.112.174.41 - - [04/Dec/2018:09:50:21 +0800] "GET /assets/js/43.6c93d380.js HTTP/2.0" 200 31782 "https://wyydsb.xin/service-worker.js" "Mozilla/5.0 (Windows NT 10.0; Win64; x64) AppleWebKit/537.36 (KHTML, like Gecko) Chrome/70.0.3538.77 Safari/537.36"
202.112.174.41 - - [04/Dec/2018:09:50:21 +0800] "GET /assets/js/44.2cb402bf.js HTTP/2.0" 200 26229 "https://wyydsb.xin/service-worker.js" "Mozilla/5.0 (Windows NT 10.0; Win64; x64) AppleWebKit/537.36 (KHTML, like Gecko) Chrome/70.0.3538.77 Safari/537.36"
104.154.92.220 - - [04/Dec/2018:09:50:21 +0800] "GET /pat/1017.html HTTP/1.1" 200 27700 "https://wyydsb.xin/pat/sort.html" "Mozilla/5.0 (Windows NT 6.3; Win64; x64) AppleWebKit/537.36                  (KHTML, like Gecko) Chrome/37.0.2049.0 Safari/537.36"
104.154.92.220 - - [04/Dec/2018:09:50:21 +0800] "GET /other/chatbot.html HTTP/1.1" 200 44553 "https://wyydsb.xin/" "Mozilla/5.0 (Windows NT 6.3; Win64; x64) AppleWebKit/537.36                  (KHTML, like Gecko) Chrome/37.0.2049.0 Safari/537.36"
104.154.92.220 - - [04/Dec/2018:09:50:22 +0800] "GET /other/ppr.html HTTP/1.1" 200 241606 "https://wyydsb.xin/" "Mozilla/5.0 (Windows NT 6.3; Win64; x64) AppleWebKit/537.36                  (KHTML, like Gecko) Chrome/37.0.2049.0 Safari/537.36"
104.154.92.220 - - [04/Dec/2018:09:50:22 +0800] "GET /pat/1014.html HTTP/1.1" 200 35037 "https://wyydsb.xin/pat/sort.html" "Mozilla/5.0 (Windows NT 6.3; Win64; x64) AppleWebKit/537.36                  (KHTML, like Gecko) Chrome/37.0.2049.0 Safari/537.36"
104.154.92.220 - - [04/Dec/2018:09:50:22 +0800] "GET /tags/Redux HTTP/1.1" 404 5394 "https://wyydsb.xin/javaScript/reduxs.html" "Mozilla/5.0 (Windows NT 6.3; Win64; x64) AppleWebKit/537.36                  (KHTML, like Gecko) Chrome/37.0.2049.0 Safari/537.36"
104.154.92.220 - - [04/Dec/2018:09:50:22 +0800] "GET /tags/Git HTTP/1.1" 404 5394 "https://wyydsb.xin/other/gitSkill.html" "Mozilla/5.0 (Windows NT 6.3; Win64; x64) AppleWebKit/537.36                  (KHTML, like Gecko) Chrome/37.0.2049.0 Safari/537.36"
104.154.92.220 - - [04/Dec/2018:09:50:23 +0800] "GET /pat/1026.html HTTP/1.1" 200 52711 "https://wyydsb.xin/pat/sort.html" "Mozilla/5.0 (Windows NT 6.3; Win64; x64) AppleWebKit/537.36                  (KHTML, like Gecko) Chrome/37.0.2049.0 Safari/537.36"
104.154.92.220 - - [04/Dec/2018:09:50:23 +0800] "GET /tags/ HTTP/1.1" 200 13933 "https://wyydsb.xin/" "Mozilla/5.0 (Windows NT 6.3; Win64; x64) AppleWebKit/537.36                  (KHTML, like Gecko) Chrome/37.0.2049.0 Safari/537.36"
104.154.92.220 - - [04/Dec/2018:09:50:23 +0800] "GET /javaScript/comment.html HTTP/1.1" 200 34553 "https://wyydsb.xin/" "Mozilla/5.0 (Windows NT 6.3; Win64; x64) AppleWebKit/537.36                  (KHTML, like Gecko) Chrome/37.0.2049.0 Safari/537.36"
202.112.174.41 - - [04/Dec/2018:09:50:24 +0800] "GET /assets/js/45.f51394a3.js HTTP/2.0" 200 36434 "https://wyydsb.xin/service-worker.js" "Mozilla/5.0 (Windows NT 10.0; Win64; x64) AppleWebKit/537.36 (KHTML, like Gecko) Chrome/70.0.3538.77 Safari/537.36"
104.154.92.220 - - [04/Dec/2018:09:50:25 +0800] "GET /tags/immutable HTTP/1.1" 404 5394 "https://wyydsb.xin/javaScript/immutable.html" "Mozilla/5.0 (Windows NT 6.3; Win64; x64) AppleWebKit/537.36                  (KHTML, like Gecko) Chrome/37.0.2049.0 Safari/537.36"
104.154.92.220 - - [04/Dec/2018:09:50:25 +0800] "GET /pat/1034.html HTTP/1.1" 200 34843 "https://wyydsb.xin/pat/anoj2018II.html" "Mozilla/5.0 (Windows NT 6.3; Win64; x64) AppleWebKit/537.36                  (KHTML, like Gecko) Chrome/37.0.2049.0 Safari/537.36"
104.154.92.220 - - [04/Dec/2018:09:50:26 +0800] "GET /pat/1021.html HTTP/1.1" 200 32214 "https://wyydsb.xin/pat/anoj2018II.html" "Mozilla/5.0 (Windows NT 6.3; Win64; x64) AppleWebKit/537.36                  (KHTML, like Gecko) Chrome/37.0.2049.0 Safari/537.36"
104.154.92.220 - - [04/Dec/2018:09:50:26 +0800] "GET /404.html HTTP/1.1" 200 5394 "https://wyydsb.xin/pat/1017.html" "Mozilla/5.0 (Windows NT 6.3; Win64; x64) AppleWebKit/537.36                  (KHTML, like Gecko) Chrome/37.0.2049.0 Safari/537.36"
104.154.92.220 - - [04/Dec/2018:09:50:26 +0800] "GET /tags/Multi-armed%20Bandit HTTP/1.1" 404 5394 "https://wyydsb.xin/other/ppr.html" "Mozilla/5.0 (Windows NT 6.3; Win64; x64) AppleWebKit/537.36                  (KHTML, like Gecko) Chrome/37.0.2049.0 Safari/537.36"
104.154.92.220 - - [04/Dec/2018:09:50:26 +0800] "GET /tags/Alias%20Method HTTP/1.1" 404 5394 "https://wyydsb.xin/other/ppr.html" "Mozilla/5.0 (Windows NT 6.3; Win64; x64) AppleWebKit/537.36                  (KHTML, like Gecko) Chrome/37.0.2049.0 Safari/537.36"
104.154.92.220 - - [04/Dec/2018:09:50:26 +0800] "GET /tags/Chernoff%20bound HTTP/1.1" 404 5394 "https://wyydsb.xin/other/ppr.html" "Mozilla/5.0 (Windows NT 6.3; Win64; x64) AppleWebKit/537.36                  (KHTML, like Gecko) Chrome/37.0.2049.0 Safari/537.36"
202.112.174.41 - - [04/Dec/2018:09:50:26 +0800] "GET /assets/js/11.ca2faa45.js HTTP/2.0" 200 37316 "https://wyydsb.xin/service-worker.js" "Mozilla/5.0 (Windows NT 10.0; Win64; x64) AppleWebKit/537.36 (KHTML, like Gecko) Chrome/70.0.3538.77 Safari/537.36"
202.112.174.41 - - [04/Dec/2018:09:50:26 +0800] "GET /assets/js/12.6317de74.js HTTP/2.0" 200 16623 "https://wyydsb.xin/service-worker.js" "Mozilla/5.0 (Windows NT 10.0; Win64; x64) AppleWebKit/537.36 (KHTML, like Gecko) Chrome/70.0.3538.77 Safari/537.36"
202.112.174.41 - - [04/Dec/2018:09:50:26 +0800] "GET /assets/js/46.575cef32.js HTTP/2.0" 200 32814 "https://wyydsb.xin/service-worker.js" "Mozilla/5.0 (Windows NT 10.0; Win64; x64) AppleWebKit/537.36 (KHTML, like Gecko) Chrome/70.0.3538.77 Safari/537.36"
104.154.92.220 - - [04/Dec/2018:09:50:27 +0800] "GET /tags/ML HTTP/1.1" 404 5394 "https://wyydsb.xin/other/vsm.html" "Mozilla/5.0 (Windows NT 6.3; Win64; x64) AppleWebKit/537.36                  (KHTML, like Gecko) Chrome/37.0.2049.0 Safari/537.36"
104.154.92.220 - - [04/Dec/2018:09:50:27 +0800] "GET /pat/1066.html HTTP/1.1" 200 32146 "https://wyydsb.xin/pat/1014.html" "Mozilla/5.0 (Windows NT 6.3; Win64; x64) AppleWebKit/537.36                  (KHTML, like Gecko) Chrome/37.0.2049.0 Safari/537.36"
104.154.92.220 - - [04/Dec/2018:09:50:27 +0800] "GET /pat/catalog.html HTTP/1.1" 200 93304 "https://wyydsb.xin/" "Mozilla/5.0 (Windows NT 6.3; Win64; x64) AppleWebKit/537.36                  (KHTML, like Gecko) Chrome/37.0.2049.0 Safari/537.36"
104.154.92.220 - - [04/Dec/2018:09:50:27 +0800] "GET /other/ali.html HTTP/1.1" 200 168664 "https://wyydsb.xin/other/nginx.html" "Mozilla/5.0 (Windows NT 6.3; Win64; x64) AppleWebKit/537.36                  (KHTML, like Gecko) Chrome/37.0.2049.0 Safari/537.36"
104.154.92.220 - - [04/Dec/2018:09:50:27 +0800] "GET /tags/QA HTTP/1.1" 404 5394 "https://wyydsb.xin/other/chatbot.html" "Mozilla/5.0 (Windows NT 6.3; Win64; x64) AppleWebKit/537.36                  (KHTML, like Gecko) Chrome/37.0.2049.0 Safari/537.36"
104.154.92.220 - - [04/Dec/2018:09:50:27 +0800] "GET /tags/NLP HTTP/1.1" 404 5394 "https://wyydsb.xin/other/chatbot.html" "Mozilla/5.0 (Windows NT 6.3; Win64; x64) AppleWebKit/537.36                  (KHTML, like Gecko) Chrome/37.0.2049.0 Safari/537.36"
104.154.92.220 - - [04/Dec/2018:09:50:27 +0800] "GET /tags/PAT HTTP/1.1" 404 5394 "https://wyydsb.xin/tags/" "Mozilla/5.0 (Windows NT 6.3; Win64; x64) AppleWebKit/537.36                  (KHTML, like Gecko) Chrome/37.0.2049.0 Safari/537.36"
104.154.92.220 - - [04/Dec/2018:09:50:28 +0800] "GET /tags/Math HTTP/1.1" 404 5394 "https://wyydsb.xin/tags/" "Mozilla/5.0 (Windows NT 6.3; Win64; x64) AppleWebKit/537.36                  (KHTML, like Gecko) Chrome/37.0.2049.0 Safari/537.36"
202.112.174.41 - - [04/Dec/2018:09:50:28 +0800] "GET /assets/js/15.0e1b634c.js HTTP/2.0" 200 65536 "https://wyydsb.xin/" "Mozilla/5.0 (Windows NT 10.0; Win64; x64) AppleWebKit/537.36 (KHTML, like Gecko) Chrome/70.0.3538.77 Safari/537.36"
104.154.92.220 - - [04/Dec/2018:09:50:28 +0800] "GET /tags/Gitalk HTTP/1.1" 404 5394 "https://wyydsb.xin/tags/" "Mozilla/5.0 (Windows NT 6.3; Win64; x64) AppleWebKit/537.36                  (KHTML, like Gecko) Chrome/37.0.2049.0 Safari/537.36"
202.112.174.41 - - [04/Dec/2018:09:50:28 +0800] "GET /assets/js/16.09a75dce.js HTTP/2.0" 200 8192 "https://wyydsb.xin/" "Mozilla/5.0 (Windows NT 10.0; Win64; x64) AppleWebKit/537.36 (KHTML, like Gecko) Chrome/70.0.3538.77 Safari/537.36"
202.112.174.41 - - [04/Dec/2018:09:50:28 +0800] "GET /assets/js/48.a242e4c1.js HTTP/2.0" 200 0 "https://wyydsb.xin/service-worker.js" "Mozilla/5.0 (Windows NT 10.0; Win64; x64) AppleWebKit/537.36 (KHTML, like Gecko) Chrome/70.0.3538.77 Safari/537.36"
202.112.174.41 - - [04/Dec/2018:09:50:28 +0800] "GET /assets/js/49.74d3856a.js HTTP/2.0" 200 0 "https://wyydsb.xin/service-worker.js" "Mozilla/5.0 (Windows NT 10.0; Win64; x64) AppleWebKit/537.36 (KHTML, like Gecko) Chrome/70.0.3538.77 Safari/537.36"
202.112.174.41 - - [04/Dec/2018:09:50:28 +0800] "GET /assets/js/app.37bfc49e.js HTTP/2.0" 200 0 "https://wyydsb.xin/service-worker.js" "Mozilla/5.0 (Windows NT 10.0; Win64; x64) AppleWebKit/537.36 (KHTML, like Gecko) Chrome/70.0.3538.77 Safari/537.36"
104.154.92.220 - - [04/Dec/2018:09:50:28 +0800] "GET /tags/RNN HTTP/1.1" 404 5394 "https://wyydsb.xin/tags/" "Mozilla/5.0 (Windows NT 6.3; Win64; x64) AppleWebKit/537.36                  (KHTML, like Gecko) Chrome/37.0.2049.0 Safari/537.36"
202.112.174.41 - - [04/Dec/2018:09:50:29 +0800] "GET /assets/js/47.b8fb0739.js HTTP/2.0" 200 20983 "https://wyydsb.xin/service-worker.js" "Mozilla/5.0 (Windows NT 10.0; Win64; x64) AppleWebKit/537.36 (KHTML, like Gecko) Chrome/70.0.3538.77 Safari/537.36"
202.112.174.41 - - [04/Dec/2018:09:50:29 +0800] "GET /assets/js/14.c670e3cc.js HTTP/2.0" 200 2190 "https://wyydsb.xin/service-worker.js" "Mozilla/5.0 (Windows NT 10.0; Win64; x64) AppleWebKit/537.36 (KHTML, like Gecko) Chrome/70.0.3538.77 Safari/537.36"
104.154.92.220 - - [04/Dec/2018:09:50:29 +0800] "GET /pat/1072.html HTTP/1.1" 200 35001 "https://wyydsb.xin/pat/1026.html" "Mozilla/5.0 (Windows NT 6.3; Win64; x64) AppleWebKit/537.36                  (KHTML, like Gecko) Chrome/37.0.2049.0 Safari/537.36"
104.154.92.220 - - [04/Dec/2018:09:50:29 +0800] "GET /pat/1044.html HTTP/1.1" 200 31293 "https://wyydsb.xin/pat/1026.html" "Mozilla/5.0 (Windows NT 6.3; Win64; x64) AppleWebKit/537.36                  (KHTML, like Gecko) Chrome/37.0.2049.0 Safari/537.36"
104.154.92.220 - - [04/Dec/2018:09:50:29 +0800] "GET /pat/1056.html HTTP/1.1" 200 33457 "https://wyydsb.xin/pat/1034.html" "Mozilla/5.0 (Windows NT 6.3; Win64; x64) AppleWebKit/537.36                  (KHTML, like Gecko) Chrome/37.0.2049.0 Safari/537.36"
202.112.174.41 - - [04/Dec/2018:09:50:29 +0800] "GET /assets/js/5.a284cadd.js HTTP/2.0" 200 43365 "https://wyydsb.xin/service-worker.js" "Mozilla/5.0 (Windows NT 10.0; Win64; x64) AppleWebKit/537.36 (KHTML, like Gecko) Chrome/70.0.3538.77 Safari/537.36"
104.154.92.220 - - [04/Dec/2018:09:50:29 +0800] "GET /pat/1107.html HTTP/1.1" 200 34488 "https://wyydsb.xin/pat/1021.html" "Mozilla/5.0 (Windows NT 6.3; Win64; x64) AppleWebKit/537.36                  (KHTML, like Gecko) Chrome/37.0.2049.0 Safari/537.36"
202.112.174.41 - - [04/Dec/2018:09:50:30 +0800] "GET /other/nohup.html HTTP/2.0" 200 0 "https://wyydsb.xin/service-worker.js" "Mozilla/5.0 (Windows NT 10.0; Win64; x64) AppleWebKit/537.36 (KHTML, like Gecko) Chrome/70.0.3538.77 Safari/537.36"
202.112.174.41 - - [04/Dec/2018:09:50:30 +0800] "GET /pat/1044.html HTTP/2.0" 200 0 "https://wyydsb.xin/service-worker.js" "Mozilla/5.0 (Windows NT 10.0; Win64; x64) AppleWebKit/537.36 (KHTML, like Gecko) Chrome/70.0.3538.77 Safari/537.36"
202.112.174.41 - - [04/Dec/2018:09:50:30 +0800] "GET /other/pagerank.html HTTP/2.0" 200 0 "https://wyydsb.xin/service-worker.js" "Mozilla/5.0 (Windows NT 10.0; Win64; x64) AppleWebKit/537.36 (KHTML, like Gecko) Chrome/70.0.3538.77 Safari/537.36"
202.112.174.41 - - [04/Dec/2018:09:50:30 +0800] "GET /pat/1021.html HTTP/2.0" 200 0 "https://wyydsb.xin/service-worker.js" "Mozilla/5.0 (Windows NT 10.0; Win64; x64) AppleWebKit/537.36 (KHTML, like Gecko) Chrome/70.0.3538.77 Safari/537.36"
202.112.174.41 - - [04/Dec/2018:09:50:30 +0800] "GET /assets/js/51.0fec99b8.js HTTP/2.0" 200 0 "https://wyydsb.xin/service-worker.js" "Mozilla/5.0 (Windows NT 10.0; Win64; x64) AppleWebKit/537.36 (KHTML, like Gecko) Chrome/70.0.3538.77 Safari/537.36"
202.112.174.41 - - [04/Dec/2018:09:50:30 +0800] "GET /pat/1066.html HTTP/2.0" 200 0 "https://wyydsb.xin/service-worker.js" "Mozilla/5.0 (Windows NT 10.0; Win64; x64) AppleWebKit/537.36 (KHTML, like Gecko) Chrome/70.0.3538.77 Safari/537.36"
202.112.174.41 - - [04/Dec/2018:09:50:30 +0800] "GET /javaScript/reduxs.html HTTP/2.0" 200 0 "https://wyydsb.xin/service-worker.js" "Mozilla/5.0 (Windows NT 10.0; Win64; x64) AppleWebKit/537.36 (KHTML, like Gecko) Chrome/70.0.3538.77 Safari/537.36"
202.112.174.41 - - [04/Dec/2018:09:50:30 +0800] "GET /pat/1076.html HTTP/2.0" 200 0 "https://wyydsb.xin/service-worker.js" "Mozilla/5.0 (Windows NT 10.0; Win64; x64) AppleWebKit/537.36 (KHTML, like Gecko) Chrome/70.0.3538.77 Safari/537.36"
202.112.174.41 - - [04/Dec/2018:09:50:30 +0800] "GET /other/mapreduce.html HTTP/2.0" 200 0 "https://wyydsb.xin/service-worker.js" "Mozilla/5.0 (Windows NT 10.0; Win64; x64) AppleWebKit/537.36 (KHTML, like Gecko) Chrome/70.0.3538.77 Safari/537.36"
202.112.174.41 - - [04/Dec/2018:09:50:30 +0800] "GET /assets/js/9.9e2612b6.js HTTP/2.0" 200 0 "https://wyydsb.xin/service-worker.js" "Mozilla/5.0 (Windows NT 10.0; Win64; x64) AppleWebKit/537.36 (KHTML, like Gecko) Chrome/70.0.3538.77 Safari/537.36"
202.112.174.41 - - [04/Dec/2018:09:50:30 +0800] "GET /pat/anoj2018II.html HTTP/2.0" 200 0 "https://wyydsb.xin/service-worker.js" "Mozilla/5.0 (Windows NT 10.0; Win64; x64) AppleWebKit/537.36 (KHTML, like Gecko) Chrome/70.0.3538.77 Safari/537.36"
202.112.174.41 - - [04/Dec/2018:09:50:30 +0800] "GET /other/pageranks.html HTTP/2.0" 200 0 "https://wyydsb.xin/service-worker.js" "Mozilla/5.0 (Windows NT 10.0; Win64; x64) AppleWebKit/537.36 (KHTML, like Gecko) Chrome/70.0.3538.77 Safari/537.36"
202.112.174.41 - - [04/Dec/2018:09:50:30 +0800] "GET /tags/index.html HTTP/2.0" 200 0 "https://wyydsb.xin/service-worker.js" "Mozilla/5.0 (Windows NT 10.0; Win64; x64) AppleWebKit/537.36 (KHTML, like Gecko) Chrome/70.0.3538.77 Safari/537.36"
202.112.174.41 - - [04/Dec/2018:09:50:30 +0800] "GET /pat/1022.html HTTP/2.0" 200 0 "https://wyydsb.xin/service-worker.js" "Mozilla/5.0 (Windows NT 10.0; Win64; x64) AppleWebKit/537.36 (KHTML, like Gecko) Chrome/70.0.3538.77 Safari/537.36"
202.112.174.41 - - [04/Dec/2018:09:50:30 +0800] "GET /other/accident.html HTTP/2.0" 200 0 "https://wyydsb.xin/service-worker.js" "Mozilla/5.0 (Windows NT 10.0; Win64; x64) AppleWebKit/537.36 (KHTML, like Gecko) Chrome/70.0.3538.77 Safari/537.36"
202.112.174.41 - - [04/Dec/2018:09:50:30 +0800] "GET /other/chatbot.html HTTP/2.0" 200 0 "https://wyydsb.xin/service-worker.js" "Mozilla/5.0 (Windows NT 10.0; Win64; x64) AppleWebKit/537.36 (KHTML, like Gecko) Chrome/70.0.3538.77 Safari/537.36"
202.112.174.41 - - [04/Dec/2018:09:50:30 +0800] "GET /assets/js/58.c3ea903f.js HTTP/2.0" 200 0 "https://wyydsb.xin/service-worker.js" "Mozilla/5.0 (Windows NT 10.0; Win64; x64) AppleWebKit/537.36 (KHTML, like Gecko) Chrome/70.0.3538.77 Safari/537.36"
202.112.174.41 - - [04/Dec/2018:09:50:30 +0800] "GET /pat/catalog.html HTTP/2.0" 200 0 "https://wyydsb.xin/service-worker.js" "Mozilla/5.0 (Windows NT 10.0; Win64; x64) AppleWebKit/537.36 (KHTML, like Gecko) Chrome/70.0.3538.77 Safari/537.36"
202.112.174.41 - - [04/Dec/2018:09:50:30 +0800] "GET /pat/1068.html HTTP/2.0" 200 0 "https://wyydsb.xin/service-worker.js" "Mozilla/5.0 (Windows NT 10.0; Win64; x64) AppleWebKit/537.36 (KHTML, like Gecko) Chrome/70.0.3538.77 Safari/537.36"
202.112.174.41 - - [04/Dec/2018:09:50:30 +0800] "GET /assets/js/6.c9f46d67.js HTTP/2.0" 200 0 "https://wyydsb.xin/service-worker.js" "Mozilla/5.0 (Windows NT 10.0; Win64; x64) AppleWebKit/537.36 (KHTML, like Gecko) Chrome/70.0.3538.77 Safari/537.36"
202.112.174.41 - - [04/Dec/2018:09:50:30 +0800] "GET /assets/js/56.eb6c57d1.js HTTP/2.0" 200 0 "https://wyydsb.xin/service-worker.js" "Mozilla/5.0 (Windows NT 10.0; Win64; x64) AppleWebKit/537.36 (KHTML, like Gecko) Chrome/70.0.3538.77 Safari/537.36"
202.112.174.41 - - [04/Dec/2018:09:50:30 +0800] "GET /other/gitSkill.html HTTP/2.0" 200 0 "https://wyydsb.xin/service-worker.js" "Mozilla/5.0 (Windows NT 10.0; Win64; x64) AppleWebKit/537.36 (KHTML, like Gecko) Chrome/70.0.3538.77 Safari/537.36"
202.112.174.41 - - [04/Dec/2018:09:50:30 +0800] "GET /other/cs.html HTTP/2.0" 200 0 "https://wyydsb.xin/service-worker.js" "Mozilla/5.0 (Windows NT 10.0; Win64; x64) AppleWebKit/537.36 (KHTML, like Gecko) Chrome/70.0.3538.77 Safari/537.36"
202.112.174.41 - - [04/Dec/2018:09:50:30 +0800] "GET /pat/1079.html HTTP/2.0" 200 0 "https://wyydsb.xin/service-worker.js" "Mozilla/5.0 (Windows NT 10.0; Win64; x64) AppleWebKit/537.36 (KHTML, like Gecko) Chrome/70.0.3538.77 Safari/537.36"
202.112.174.41 - - [04/Dec/2018:09:50:30 +0800] "GET /other/pseudo.html HTTP/2.0" 200 0 "https://wyydsb.xin/service-worker.js" "Mozilla/5.0 (Windows NT 10.0; Win64; x64) AppleWebKit/537.36 (KHTML, like Gecko) Chrome/70.0.3538.77 Safari/537.36"
202.112.174.41 - - [04/Dec/2018:09:50:30 +0800] "GET /pat/sort.html HTTP/2.0" 200 0 "https://wyydsb.xin/service-worker.js" "Mozilla/5.0 (Windows NT 10.0; Win64; x64) AppleWebKit/537.36 (KHTML, like Gecko) Chrome/70.0.3538.77 Safari/537.36"
202.112.174.41 - - [04/Dec/2018:09:50:30 +0800] "GET /assets/js/13.743e58f0.js HTTP/2.0" 200 0 "https://wyydsb.xin/service-worker.js" "Mozilla/5.0 (Windows NT 10.0; Win64; x64) AppleWebKit/537.36 (KHTML, like Gecko) Chrome/70.0.3538.77 Safari/537.36"
202.112.174.41 - - [04/Dec/2018:09:50:30 +0800] "GET /assets/js/52.04945c3c.js HTTP/2.0" 200 0 "https://wyydsb.xin/service-worker.js" "Mozilla/5.0 (Windows NT 10.0; Win64; x64) AppleWebKit/537.36 (KHTML, like Gecko) Chrome/70.0.3538.77 Safari/537.36"
202.112.174.41 - - [04/Dec/2018:09:50:30 +0800] "GET /javaScript/comment.html HTTP/2.0" 200 0 "https://wyydsb.xin/service-worker.js" "Mozilla/5.0 (Windows NT 10.0; Win64; x64) AppleWebKit/537.36 (KHTML, like Gecko) Chrome/70.0.3538.77 Safari/537.36"
202.112.174.41 - - [04/Dec/2018:09:50:30 +0800] "GET /assets/js/8.2038a084.js HTTP/2.0" 200 0 "https://wyydsb.xin/service-worker.js" "Mozilla/5.0 (Windows NT 10.0; Win64; x64) AppleWebKit/537.36 (KHTML, like Gecko) Chrome/70.0.3538.77 Safari/537.36"
202.112.174.41 - - [04/Dec/2018:09:50:30 +0800] "GET /pat/1075.html HTTP/2.0" 200 0 "https://wyydsb.xin/service-worker.js" "Mozilla/5.0 (Windows NT 10.0; Win64; x64) AppleWebKit/537.36 (KHTML, like Gecko) Chrome/70.0.3538.77 Safari/537.36"
202.112.174.41 - - [04/Dec/2018:09:50:30 +0800] "GET /assets/js/59.b2be2e68.js HTTP/2.0" 200 0 "https://wyydsb.xin/service-worker.js" "Mozilla/5.0 (Windows NT 10.0; Win64; x64) AppleWebKit/537.36 (KHTML, like Gecko) Chrome/70.0.3538.77 Safari/537.36"
202.112.174.41 - - [04/Dec/2018:09:50:30 +0800] "GET /other/rnn.html HTTP/2.0" 200 0 "https://wyydsb.xin/service-worker.js" "Mozilla/5.0 (Windows NT 10.0; Win64; x64) AppleWebKit/537.36 (KHTML, like Gecko) Chrome/70.0.3538.77 Safari/537.36"
202.112.174.41 - - [04/Dec/2018:09:50:30 +0800] "GET /face.jpg HTTP/2.0" 200 0 "https://wyydsb.xin/service-worker.js" "Mozilla/5.0 (Windows NT 10.0; Win64; x64) AppleWebKit/537.36 (KHTML, like Gecko) Chrome/70.0.3538.77 Safari/537.36"
202.112.174.41 - - [04/Dec/2018:09:50:30 +0800] "GET /pat/1040.html HTTP/2.0" 200 0 "https://wyydsb.xin/service-worker.js" "Mozilla/5.0 (Windows NT 10.0; Win64; x64) AppleWebKit/537.36 (KHTML, like Gecko) Chrome/70.0.3538.77 Safari/537.36"
202.112.174.41 - - [04/Dec/2018:09:50:30 +0800] "GET /assets/js/53.4756ea03.js HTTP/2.0" 200 0 "https://wyydsb.xin/service-worker.js" "Mozilla/5.0 (Windows NT 10.0; Win64; x64) AppleWebKit/537.36 (KHTML, like Gecko) Chrome/70.0.3538.77 Safari/537.36"
202.112.174.41 - - [04/Dec/2018:09:50:30 +0800] "GET /assets/js/57.6f5d2e00.js HTTP/2.0" 200 0 "https://wyydsb.xin/service-worker.js" "Mozilla/5.0 (Windows NT 10.0; Win64; x64) AppleWebKit/537.36 (KHTML, like Gecko) Chrome/70.0.3538.77 Safari/537.36"
202.112.174.41 - - [04/Dec/2018:09:50:30 +0800] "GET /assets/js/55.79ec627c.js HTTP/2.0" 200 0 "https://wyydsb.xin/service-worker.js" "Mozilla/5.0 (Windows NT 10.0; Win64; x64) AppleWebKit/537.36 (KHTML, like Gecko) Chrome/70.0.3538.77 Safari/537.36"
202.112.174.41 - - [04/Dec/2018:09:50:30 +0800] "GET /pat/entrance.html HTTP/2.0" 200 0 "https://wyydsb.xin/service-worker.js" "Mozilla/5.0 (Windows NT 10.0; Win64; x64) AppleWebKit/537.36 (KHTML, like Gecko) Chrome/70.0.3538.77 Safari/537.36"
202.112.174.41 - - [04/Dec/2018:09:50:30 +0800] "GET /pat/1087.html HTTP/2.0" 200 0 "https://wyydsb.xin/service-worker.js" "Mozilla/5.0 (Windows NT 10.0; Win64; x64) AppleWebKit/537.36 (KHTML, like Gecko) Chrome/70.0.3538.77 Safari/537.36"
202.112.174.41 - - [04/Dec/2018:09:50:30 +0800] "GET /pat/1107.html HTTP/2.0" 200 0 "https://wyydsb.xin/service-worker.js" "Mozilla/5.0 (Windows NT 10.0; Win64; x64) AppleWebKit/537.36 (KHTML, like Gecko) Chrome/70.0.3538.77 Safari/537.36"
202.112.174.41 - - [04/Dec/2018:09:50:30 +0800] "GET /other/neteasedb.html HTTP/2.0" 200 0 "https://wyydsb.xin/service-worker.js" "Mozilla/5.0 (Windows NT 10.0; Win64; x64) AppleWebKit/537.36 (KHTML, like Gecko) Chrome/70.0.3538.77 Safari/537.36"
202.112.174.41 - - [04/Dec/2018:09:50:30 +0800] "GET /assets/js/7.badf645f.js HTTP/2.0" 200 0 "https://wyydsb.xin/service-worker.js" "Mozilla/5.0 (Windows NT 10.0; Win64; x64) AppleWebKit/537.36 (KHTML, like Gecko) Chrome/70.0.3538.77 Safari/537.36"
202.112.174.41 - - [04/Dec/2018:09:50:30 +0800] "GET /other/nginx.html HTTP/2.0" 200 0 "https://wyydsb.xin/service-worker.js" "Mozilla/5.0 (Windows NT 10.0; Win64; x64) AppleWebKit/537.36 (KHTML, like Gecko) Chrome/70.0.3538.77 Safari/537.36"
202.112.174.41 - - [04/Dec/2018:09:50:30 +0800] "GET /pat/1034.html HTTP/2.0" 200 0 "https://wyydsb.xin/service-worker.js" "Mozilla/5.0 (Windows NT 10.0; Win64; x64) AppleWebKit/537.36 (KHTML, like Gecko) Chrome/70.0.3538.77 Safari/537.36"
202.112.174.41 - - [04/Dec/2018:09:50:30 +0800] "GET /icons/192.png HTTP/2.0" 200 0 "https://wyydsb.xin/service-worker.js" "Mozilla/5.0 (Windows NT 10.0; Win64; x64) AppleWebKit/537.36 (KHTML, like Gecko) Chrome/70.0.3538.77 Safari/537.36"
202.112.174.41 - - [04/Dec/2018:09:50:30 +0800] "GET /icons/favicon.png HTTP/2.0" 200 0 "https://wyydsb.xin/service-worker.js" "Mozilla/5.0 (Windows NT 10.0; Win64; x64) AppleWebKit/537.36 (KHTML, like Gecko) Chrome/70.0.3538.77 Safari/537.36"
202.112.174.41 - - [04/Dec/2018:09:50:30 +0800] "GET /icons/512.png HTTP/2.0" 200 0 "https://wyydsb.xin/service-worker.js" "Mozilla/5.0 (Windows NT 10.0; Win64; x64) AppleWebKit/537.36 (KHTML, like Gecko) Chrome/70.0.3538.77 Safari/537.36"
202.112.174.41 - - [04/Dec/2018:09:50:30 +0800] "GET /pat/1057.html HTTP/2.0" 200 0 "https://wyydsb.xin/service-worker.js" "Mozilla/5.0 (Windows NT 10.0; Win64; x64) AppleWebKit/537.36 (KHTML, like Gecko) Chrome/70.0.3538.77 Safari/537.36"
202.112.174.41 - - [04/Dec/2018:09:50:30 +0800] "GET /pat/1080.html HTTP/2.0" 200 0 "https://wyydsb.xin/service-worker.js" "Mozilla/5.0 (Windows NT 10.0; Win64; x64) AppleWebKit/537.36 (KHTML, like Gecko) Chrome/70.0.3538.77 Safari/537.36"
202.112.174.41 - - [04/Dec/2018:09:50:30 +0800] "GET /pat/1077.html HTTP/2.0" 200 0 "https://wyydsb.xin/service-worker.js" "Mozilla/5.0 (Windows NT 10.0; Win64; x64) AppleWebKit/537.36 (KHTML, like Gecko) Chrome/70.0.3538.77 Safari/537.36"
202.112.174.41 - - [04/Dec/2018:09:50:30 +0800] "GET /assets/js/54.49bdb11f.js HTTP/2.0" 200 0 "https://wyydsb.xin/service-worker.js" "Mozilla/5.0 (Windows NT 10.0; Win64; x64) AppleWebKit/537.36 (KHTML, like Gecko) Chrome/70.0.3538.77 Safari/537.36"
202.112.174.41 - - [04/Dec/2018:09:50:30 +0800] "GET /pat/1049.html HTTP/2.0" 200 0 "https://wyydsb.xin/service-worker.js" "Mozilla/5.0 (Windows NT 10.0; Win64; x64) AppleWebKit/537.36 (KHTML, like Gecko) Chrome/70.0.3538.77 Safari/537.36"
202.112.174.41 - - [04/Dec/2018:09:50:30 +0800] "GET /other/vsm.html HTTP/2.0" 200 0 "https://wyydsb.xin/service-worker.js" "Mozilla/5.0 (Windows NT 10.0; Win64; x64) AppleWebKit/537.36 (KHTML, like Gecko) Chrome/70.0.3538.77 Safari/537.36"
202.112.174.41 - - [04/Dec/2018:09:50:30 +0800] "GET /pat/1017.html HTTP/2.0" 200 0 "https://wyydsb.xin/service-worker.js" "Mozilla/5.0 (Windows NT 10.0; Win64; x64) AppleWebKit/537.36 (KHTML, like Gecko) Chrome/70.0.3538.77 Safari/537.36"
202.112.174.41 - - [04/Dec/2018:09:50:30 +0800] "GET /javaScript/component.html HTTP/2.0" 200 0 "https://wyydsb.xin/service-worker.js" "Mozilla/5.0 (Windows NT 10.0; Win64; x64) AppleWebKit/537.36 (KHTML, like Gecko) Chrome/70.0.3538.77 Safari/537.36"
202.112.174.41 - - [04/Dec/2018:09:50:30 +0800] "GET /other/ali.html HTTP/2.0" 200 0 "https://wyydsb.xin/service-worker.js" "Mozilla/5.0 (Windows NT 10.0; Win64; x64) AppleWebKit/537.36 (KHTML, like Gecko) Chrome/70.0.3538.77 Safari/537.36"
202.112.174.41 - - [04/Dec/2018:09:50:30 +0800] "GET /other/spider.html HTTP/2.0" 200 0 "https://wyydsb.xin/service-worker.js" "Mozilla/5.0 (Windows NT 10.0; Win64; x64) AppleWebKit/537.36 (KHTML, like Gecko) Chrome/70.0.3538.77 Safari/537.36"
202.112.174.41 - - [04/Dec/2018:09:50:30 +0800] "GET /other/truncate.html HTTP/2.0" 200 0 "https://wyydsb.xin/service-worker.js" "Mozilla/5.0 (Windows NT 10.0; Win64; x64) AppleWebKit/537.36 (KHTML, like Gecko) Chrome/70.0.3538.77 Safari/537.36"
202.112.174.41 - - [04/Dec/2018:09:50:30 +0800] "GET /other/ppr.html HTTP/2.0" 200 0 "https://wyydsb.xin/service-worker.js" "Mozilla/5.0 (Windows NT 10.0; Win64; x64) AppleWebKit/537.36 (KHTML, like Gecko) Chrome/70.0.3538.77 Safari/537.36"
202.112.174.41 - - [04/Dec/2018:09:50:30 +0800] "GET /pat/1018.html HTTP/2.0" 200 0 "https://wyydsb.xin/service-worker.js" "Mozilla/5.0 (Windows NT 10.0; Win64; x64) AppleWebKit/537.36 (KHTML, like Gecko) Chrome/70.0.3538.77 Safari/537.36"
202.112.174.41 - - [04/Dec/2018:09:50:30 +0800] "GET /index.html HTTP/2.0" 200 0 "https://wyydsb.xin/service-worker.js" "Mozilla/5.0 (Windows NT 10.0; Win64; x64) AppleWebKit/537.36 (KHTML, like Gecko) Chrome/70.0.3538.77 Safari/537.36"
202.112.174.41 - - [04/Dec/2018:09:50:30 +0800] "GET /other/netease.html HTTP/2.0" 200 0 "https://wyydsb.xin/service-worker.js" "Mozilla/5.0 (Windows NT 10.0; Win64; x64) AppleWebKit/537.36 (KHTML, like Gecko) Chrome/70.0.3538.77 Safari/537.36"
202.112.174.41 - - [04/Dec/2018:09:50:30 +0800] "GET /pat/1026.html HTTP/2.0" 200 0 "https://wyydsb.xin/service-worker.js" "Mozilla/5.0 (Windows NT 10.0; Win64; x64) AppleWebKit/537.36 (KHTML, like Gecko) Chrome/70.0.3538.77 Safari/537.36"
202.112.174.41 - - [04/Dec/2018:09:50:30 +0800] "GET /javaScript/immutable.html HTTP/2.0" 200 0 "https://wyydsb.xin/service-worker.js" "Mozilla/5.0 (Windows NT 10.0; Win64; x64) AppleWebKit/537.36 (KHTML, like Gecko) Chrome/70.0.3538.77 Safari/537.36"
202.112.174.41 - - [04/Dec/2018:09:50:30 +0800] "GET /other/pv.html HTTP/2.0" 200 0 "https://wyydsb.xin/service-worker.js" "Mozilla/5.0 (Windows NT 10.0; Win64; x64) AppleWebKit/537.36 (KHTML, like Gecko) Chrome/70.0.3538.77 Safari/537.36"
202.112.174.41 - - [04/Dec/2018:09:50:30 +0800] "GET /other/redirect.html HTTP/2.0" 200 0 "https://wyydsb.xin/service-worker.js" "Mozilla/5.0 (Windows NT 10.0; Win64; x64) AppleWebKit/537.36 (KHTML, like Gecko) Chrome/70.0.3538.77 Safari/537.36"
202.112.174.41 - - [04/Dec/2018:09:50:30 +0800] "GET /pat/1086.html HTTP/2.0" 200 0 "https://wyydsb.xin/service-worker.js" "Mozilla/5.0 (Windows NT 10.0; Win64; x64) AppleWebKit/537.36 (KHTML, like Gecko) Chrome/70.0.3538.77 Safari/537.36"
202.112.174.41 - - [04/Dec/2018:09:50:30 +0800] "GET /other/brew.html HTTP/2.0" 200 0 "https://wyydsb.xin/service-worker.js" "Mozilla/5.0 (Windows NT 10.0; Win64; x64) AppleWebKit/537.36 (KHTML, like Gecko) Chrome/70.0.3538.77 Safari/537.36"
202.112.174.41 - - [04/Dec/2018:09:50:30 +0800] "GET /javaScript/redux.html HTTP/2.0" 200 0 "https://wyydsb.xin/service-worker.js" "Mozilla/5.0 (Windows NT 10.0; Win64; x64) AppleWebKit/537.36 (KHTML, like Gecko) Chrome/70.0.3538.77 Safari/537.36"
202.112.174.41 - - [04/Dec/2018:09:50:30 +0800] "GET /other/frequent.html HTTP/2.0" 200 0 "https://wyydsb.xin/service-worker.js" "Mozilla/5.0 (Windows NT 10.0; Win64; x64) AppleWebKit/537.36 (KHTML, like Gecko) Chrome/70.0.3538.77 Safari/537.36"
202.112.174.41 - - [04/Dec/2018:09:50:30 +0800] "GET /assets/js/2.484d2a1e.js HTTP/2.0" 200 0 "https://wyydsb.xin/service-worker.js" "Mozilla/5.0 (Windows NT 10.0; Win64; x64) AppleWebKit/537.36 (KHTML, like Gecko) Chrome/70.0.3538.77 Safari/537.36"
202.112.174.41 - - [04/Dec/2018:09:50:30 +0800] "GET /pat/1014.html HTTP/2.0" 200 0 "https://wyydsb.xin/service-worker.js" "Mozilla/5.0 (Windows NT 10.0; Win64; x64) AppleWebKit/537.36 (KHTML, like Gecko) Chrome/70.0.3538.77 Safari/537.36"
202.112.174.41 - - [04/Dec/2018:09:50:30 +0800] "GET /pat/1033.html HTTP/2.0" 200 0 "https://wyydsb.xin/service-worker.js" "Mozilla/5.0 (Windows NT 10.0; Win64; x64) AppleWebKit/537.36 (KHTML, like Gecko) Chrome/70.0.3538.77 Safari/537.36"
202.112.174.41 - - [04/Dec/2018:09:50:30 +0800] "GET /pat/1056.html HTTP/2.0" 200 0 "https://wyydsb.xin/service-worker.js" "Mozilla/5.0 (Windows NT 10.0; Win64; x64) AppleWebKit/537.36 (KHTML, like Gecko) Chrome/70.0.3538.77 Safari/537.36"
202.112.174.41 - - [04/Dec/2018:09:50:30 +0800] "GET /pat/1072.html HTTP/2.0" 200 0 "https://wyydsb.xin/service-worker.js" "Mozilla/5.0 (Windows NT 10.0; Win64; x64) AppleWebKit/537.36 (KHTML, like Gecko) Chrome/70.0.3538.77 Safari/537.36"
202.112.174.41 - - [04/Dec/2018:09:50:30 +0800] "GET /pat/1082.html HTTP/2.0" 200 0 "https://wyydsb.xin/service-worker.js" "Mozilla/5.0 (Windows NT 10.0; Win64; x64) AppleWebKit/537.36 (KHTML, like Gecko) Chrome/70.0.3538.77 Safari/537.36"
104.154.92.220 - - [04/Dec/2018:09:50:30 +0800] "GET /pat/1087.html HTTP/1.1" 200 38541 "https://wyydsb.xin/pat/catalog.html" "Mozilla/5.0 (Windows NT 6.3; Win64; x64) AppleWebKit/537.36                  (KHTML, like Gecko) Chrome/37.0.2049.0 Safari/537.36"
104.154.92.220 - - [04/Dec/2018:09:50:30 +0800] "GET /pat/1086.html HTTP/1.1" 200 22199 "https://wyydsb.xin/pat/catalog.html" "Mozilla/5.0 (Windows NT 6.3; Win64; x64) AppleWebKit/537.36                  (KHTML, like Gecko) Chrome/37.0.2049.0 Safari/537.36"
104.154.92.220 - - [04/Dec/2018:09:50:30 +0800] "GET /pat/1082.html HTTP/1.1" 200 25623 "https://wyydsb.xin/pat/catalog.html" "Mozilla/5.0 (Windows NT 6.3; Win64; x64) AppleWebKit/537.36                  (KHTML, like Gecko) Chrome/37.0.2049.0 Safari/537.36"
