139.199.196.16 - - [30/Dec/2018:04:15:00 +0800] "POST /qq.php HTTP/1.1" 403 571 "-" "Mozilla/5.0 (Windows NT 6.1) AppleWebKit/537.36 (KHTML, like Gecko) Chrome/61.0.3163.91 Safari/537.36"
139.199.196.16 - - [30/Dec/2018:04:15:00 +0800] "POST /qwe.php HTTP/1.1" 403 571 "-" "Mozilla/5.0 (Windows NT 6.1) AppleWebKit/537.36 (KHTML, like Gecko) Chrome/61.0.3163.91 Safari/537.36"
139.199.196.16 - - [30/Dec/2018:04:15:01 +0800] "POST /1213.php HTTP/1.1" 403 571 "-" "Mozilla/5.0 (Windows NT 6.1) AppleWebKit/537.36 (KHTML, like Gecko) Chrome/61.0.3163.91 Safari/537.36"
139.199.196.16 - - [30/Dec/2018:04:15:01 +0800] "POST /post.php HTTP/1.1" 403 571 "-" "Mozilla/5.0 (Windows NT 6.1) AppleWebKit/537.36 (KHTML, like Gecko) Chrome/61.0.3163.91 Safari/537.36"
139.199.196.16 - - [30/Dec/2018:04:15:01 +0800] "POST /aaaa.php HTTP/1.1" 403 571 "-" "Mozilla/5.0 (Windows NT 6.1) AppleWebKit/537.36 (KHTML, like Gecko) Chrome/61.0.3163.91 Safari/537.36"
139.199.196.16 - - [30/Dec/2018:04:15:01 +0800] "POST /h1.php HTTP/1.1" 403 571 "-" "Mozilla/5.0 (Windows NT 6.1) AppleWebKit/537.36 (KHTML, like Gecko) Chrome/61.0.3163.91 Safari/537.36"
139.199.196.16 - - [30/Dec/2018:04:15:02 +0800] "POST /test.php HTTP/1.1" 403 571 "-" "Mozilla/5.0 (Windows NT 6.1) AppleWebKit/537.36 (KHTML, like Gecko) Chrome/61.0.3163.91 Safari/537.36"
139.199.196.16 - - [30/Dec/2018:04:15:02 +0800] "POST /3.php HTTP/1.1" 403 571 "-" "Mozilla/5.0 (Windows NT 6.1) AppleWebKit/537.36 (KHTML, like Gecko) Chrome/61.0.3163.91 Safari/537.36"
139.199.196.16 - - [30/Dec/2018:04:15:02 +0800] "POST /phpinfi.php HTTP/1.1" 403 571 "-" "Mozilla/5.0 (Windows NT 6.1) AppleWebKit/537.36 (KHTML, like Gecko) Chrome/61.0.3163.91 Safari/537.36"
139.199.196.16 - - [30/Dec/2018:04:15:02 +0800] "POST /9510.php HTTP/1.1" 403 571 "-" "Mozilla/5.0 (Windows NT 6.1) AppleWebKit/537.36 (KHTML, like Gecko) Chrome/61.0.3163.91 Safari/537.36"
139.199.196.16 - - [30/Dec/2018:04:15:02 +0800] "POST /python.php HTTP/1.1" 403 571 "-" "Mozilla/5.0 (Windows NT 6.1) AppleWebKit/537.36 (KHTML, like Gecko) Chrome/61.0.3163.91 Safari/537.36"
139.199.196.16 - - [30/Dec/2018:04:15:02 +0800] "POST /default.php HTTP/1.1" 403 571 "-" "Mozilla/5.0 (Windows NT 6.1) AppleWebKit/537.36 (KHTML, like Gecko) Chrome/61.0.3163.91 Safari/537.36"
139.199.196.16 - - [30/Dec/2018:04:15:02 +0800] "POST /sean.php HTTP/1.1" 403 571 "-" "Mozilla/5.0 (Windows NT 6.1) AppleWebKit/537.36 (KHTML, like Gecko) Chrome/61.0.3163.91 Safari/537.36"
139.199.196.16 - - [30/Dec/2018:04:15:02 +0800] "POST /app.php HTTP/1.1" 403 571 "-" "Mozilla/5.0 (Windows NT 6.1) AppleWebKit/537.36 (KHTML, like Gecko) Chrome/61.0.3163.91 Safari/537.36"
139.199.196.16 - - [30/Dec/2018:04:15:02 +0800] "POST /help.php HTTP/1.1" 403 571 "-" "Mozilla/5.0 (Windows NT 6.1) AppleWebKit/537.36 (KHTML, like Gecko) Chrome/61.0.3163.91 Safari/537.36"
139.199.196.16 - - [30/Dec/2018:04:15:02 +0800] "POST /tiandi.php HTTP/1.1" 403 571 "-" "Mozilla/5.0 (Windows NT 6.1) AppleWebKit/537.36 (KHTML, like Gecko) Chrome/61.0.3163.91 Safari/537.36"
139.199.196.16 - - [30/Dec/2018:04:15:03 +0800] "POST /miao.php HTTP/1.1" 403 571 "-" "Mozilla/5.0 (Windows NT 6.1) AppleWebKit/537.36 (KHTML, like Gecko) Chrome/61.0.3163.91 Safari/537.36"
139.199.196.16 - - [30/Dec/2018:04:15:03 +0800] "POST /xz.php HTTP/1.1" 403 571 "-" "Mozilla/5.0 (Windows NT 6.1) AppleWebKit/537.36 (KHTML, like Gecko) Chrome/61.0.3163.91 Safari/537.36"
139.199.196.16 - - [30/Dec/2018:04:15:03 +0800] "POST /linuxse.php HTTP/1.1" 403 571 "-" "Mozilla/5.0 (Windows NT 6.1) AppleWebKit/537.36 (KHTML, like Gecko) Chrome/61.0.3163.91 Safari/537.36"
139.199.196.16 - - [30/Dec/2018:04:15:03 +0800] "POST /zuoindex.php HTTP/1.1" 403 571 "-" "Mozilla/5.0 (Windows NT 6.1) AppleWebKit/537.36 (KHTML, like Gecko) Chrome/61.0.3163.91 Safari/537.36"
139.199.196.16 - - [30/Dec/2018:04:15:04 +0800] "POST /zshmindex.php HTTP/1.1" 403 571 "-" "Mozilla/5.0 (Windows NT 6.1) AppleWebKit/537.36 (KHTML, like Gecko) Chrome/61.0.3163.91 Safari/537.36"
139.199.196.16 - - [30/Dec/2018:04:15:04 +0800] "POST /tomcat.php HTTP/1.1" 403 571 "-" "Mozilla/5.0 (Windows NT 6.1) AppleWebKit/537.36 (KHTML, like Gecko) Chrome/61.0.3163.91 Safari/537.36"
139.199.196.16 - - [30/Dec/2018:04:15:04 +0800] "POST /ceshi.php HTTP/1.1" 403 571 "-" "Mozilla/5.0 (Windows NT 6.1) AppleWebKit/537.36 (KHTML, like Gecko) Chrome/61.0.3163.91 Safari/537.36"
139.199.196.16 - - [30/Dec/2018:04:15:04 +0800] "POST /1hou.php HTTP/1.1" 403 571 "-" "Mozilla/5.0 (Windows NT 6.1) AppleWebKit/537.36 (KHTML, like Gecko) Chrome/61.0.3163.91 Safari/537.36"
139.199.196.16 - - [30/Dec/2018:04:15:04 +0800] "POST /ou2.php HTTP/1.1" 403 571 "-" "Mozilla/5.0 (Windows NT 6.1) AppleWebKit/537.36 (KHTML, like Gecko) Chrome/61.0.3163.91 Safari/537.36"
139.199.196.16 - - [30/Dec/2018:04:15:04 +0800] "POST /zuos.php HTTP/1.1" 403 571 "-" "Mozilla/5.0 (Windows NT 6.1) AppleWebKit/537.36 (KHTML, like Gecko) Chrome/61.0.3163.91 Safari/537.36"
139.199.196.16 - - [30/Dec/2018:04:15:04 +0800] "POST /zuoss.php HTTP/1.1" 403 571 "-" "Mozilla/5.0 (Windows NT 6.1) AppleWebKit/537.36 (KHTML, like Gecko) Chrome/61.0.3163.91 Safari/537.36"
139.199.196.16 - - [30/Dec/2018:04:15:04 +0800] "POST /zuoshss.php HTTP/1.1" 403 571 "-" "Mozilla/5.0 (Windows NT 6.1) AppleWebKit/537.36 (KHTML, like Gecko) Chrome/61.0.3163.91 Safari/537.36"
139.199.196.16 - - [30/Dec/2018:04:15:05 +0800] "POST /boots.php HTTP/1.1" 403 571 "-" "Mozilla/5.0 (Windows NT 6.1) AppleWebKit/537.36 (KHTML, like Gecko) Chrome/61.0.3163.91 Safari/537.36"
139.199.196.16 - - [30/Dec/2018:04:15:05 +0800] "POST /she.php HTTP/1.1" 403 571 "-" "Mozilla/5.0 (Windows NT 6.1) AppleWebKit/537.36 (KHTML, like Gecko) Chrome/61.0.3163.91 Safari/537.36"
139.199.196.16 - - [30/Dec/2018:04:15:05 +0800] "POST /s.php HTTP/1.1" 403 571 "-" "Mozilla/5.0 (Windows NT 6.1) AppleWebKit/537.36 (KHTML, like Gecko) Chrome/61.0.3163.91 Safari/537.36"
139.199.196.16 - - [30/Dec/2018:04:15:05 +0800] "POST /qw.php HTTP/1.1" 403 571 "-" "Mozilla/5.0 (Windows NT 6.1) AppleWebKit/537.36 (KHTML, like Gecko) Chrome/61.0.3163.91 Safari/537.36"
139.199.196.16 - - [30/Dec/2018:04:15:05 +0800] "POST /test.php HTTP/1.1" 403 571 "-" "Mozilla/5.0 (Windows NT 6.1) AppleWebKit/537.36 (KHTML, like Gecko) Chrome/61.0.3163.91 Safari/537.36"
139.199.196.16 - - [30/Dec/2018:04:15:05 +0800] "POST /caonma.php HTTP/1.1" 403 571 "-" "Mozilla/5.0 (Windows NT 6.1) AppleWebKit/537.36 (KHTML, like Gecko) Chrome/61.0.3163.91 Safari/537.36"
139.199.196.16 - - [30/Dec/2018:04:15:05 +0800] "POST /ss.php HTTP/1.1" 403 571 "-" "Mozilla/5.0 (Windows NT 6.1) AppleWebKit/537.36 (KHTML, like Gecko) Chrome/61.0.3163.91 Safari/537.36"
139.199.196.16 - - [30/Dec/2018:04:15:06 +0800] "POST /wcp.php HTTP/1.1" 403 571 "-" "Mozilla/5.0 (Windows NT 6.1) AppleWebKit/537.36 (KHTML, like Gecko) Chrome/61.0.3163.91 Safari/537.36"
139.199.196.16 - - [30/Dec/2018:04:15:06 +0800] "POST /u.php HTTP/1.1" 403 571 "-" "Mozilla/5.0 (Windows NT 6.1) AppleWebKit/537.36 (KHTML, like Gecko) Chrome/61.0.3163.91 Safari/537.36"
139.199.196.16 - - [30/Dec/2018:04:15:06 +0800] "POST /uuu.php HTTP/1.1" 403 571 "-" "Mozilla/5.0 (Windows NT 6.1) AppleWebKit/537.36 (KHTML, like Gecko) Chrome/61.0.3163.91 Safari/537.36"
139.199.196.16 - - [30/Dec/2018:04:15:06 +0800] "POST /sss.php HTTP/1.1" 403 571 "-" "Mozilla/5.0 (Windows NT 6.1) AppleWebKit/537.36 (KHTML, like Gecko) Chrome/61.0.3163.91 Safari/537.36"
139.199.196.16 - - [30/Dec/2018:04:15:06 +0800] "POST /1.php HTTP/1.1" 403 571 "-" "Mozilla/5.0 (Windows NT 6.1) AppleWebKit/537.36 (KHTML, like Gecko) Chrome/61.0.3163.91 Safari/537.36"
139.199.196.16 - - [30/Dec/2018:04:15:06 +0800] "POST /2.php HTTP/1.1" 403 571 "-" "Mozilla/5.0 (Windows NT 6.1) AppleWebKit/537.36 (KHTML, like Gecko) Chrome/61.0.3163.91 Safari/537.36"
139.199.196.16 - - [30/Dec/2018:04:15:06 +0800] "POST /core.php HTTP/1.1" 403 571 "-" "Mozilla/5.0 (Windows NT 6.1) AppleWebKit/537.36 (KHTML, like Gecko) Chrome/61.0.3163.91 Safari/537.36"
139.199.196.16 - - [30/Dec/2018:04:15:06 +0800] "POST /qaz.php HTTP/1.1" 403 571 "-" "Mozilla/5.0 (Windows NT 6.1) AppleWebKit/537.36 (KHTML, like Gecko) Chrome/61.0.3163.91 Safari/537.36"
139.199.196.16 - - [30/Dec/2018:04:15:06 +0800] "POST /sha.php HTTP/1.1" 403 571 "-" "Mozilla/5.0 (Windows NT 6.1) AppleWebKit/537.36 (KHTML, like Gecko) Chrome/61.0.3163.91 Safari/537.36"
139.199.196.16 - - [30/Dec/2018:04:15:06 +0800] "POST /ppx.php HTTP/1.1" 403 571 "-" "Mozilla/5.0 (Windows NT 6.1) AppleWebKit/537.36 (KHTML, like Gecko) Chrome/61.0.3163.91 Safari/537.36"
139.199.196.16 - - [30/Dec/2018:04:15:06 +0800] "POST /1.php HTTP/1.1" 403 571 "-" "Mozilla/5.0 (Windows NT 6.1) AppleWebKit/537.36 (KHTML, like Gecko) Chrome/61.0.3163.91 Safari/537.36"
139.199.196.16 - - [30/Dec/2018:04:15:07 +0800] "POST /confg.php HTTP/1.1" 403 571 "-" "Mozilla/5.0 (Windows NT 6.1) AppleWebKit/537.36 (KHTML, like Gecko) Chrome/61.0.3163.91 Safari/537.36"
139.199.196.16 - - [30/Dec/2018:04:15:07 +0800] "POST /conf1g.php HTTP/1.1" 403 571 "-" "Mozilla/5.0 (Windows NT 6.1) AppleWebKit/537.36 (KHTML, like Gecko) Chrome/61.0.3163.91 Safari/537.36"
139.199.196.16 - - [30/Dec/2018:04:15:08 +0800] "POST /confg.php HTTP/1.1" 403 571 "-" "Mozilla/5.0 (Windows NT 6.1) AppleWebKit/537.36 (KHTML, like Gecko) Chrome/61.0.3163.91 Safari/537.36"
139.199.196.16 - - [30/Dec/2018:04:15:08 +0800] "POST /confg.php HTTP/1.1" 403 571 "-" "Mozilla/5.0 (Windows NT 6.1) AppleWebKit/537.36 (KHTML, like Gecko) Chrome/61.0.3163.91 Safari/537.36"
139.199.196.16 - - [30/Dec/2018:04:15:08 +0800] "POST /confg.php HTTP/1.1" 403 571 "-" "Mozilla/5.0 (Windows NT 6.1) AppleWebKit/537.36 (KHTML, like Gecko) Chrome/61.0.3163.91 Safari/537.36"
139.199.196.16 - - [30/Dec/2018:04:15:08 +0800] "POST /ver.php HTTP/1.1" 403 571 "-" "Mozilla/5.0 (Windows NT 6.1) AppleWebKit/537.36 (KHTML, like Gecko) Chrome/61.0.3163.91 Safari/537.36"
139.199.196.16 - - [30/Dec/2018:04:15:08 +0800] "POST /hack.php HTTP/1.1" 403 571 "-" "Mozilla/5.0 (Windows NT 6.1) AppleWebKit/537.36 (KHTML, like Gecko) Chrome/61.0.3163.91 Safari/537.36"
139.199.196.16 - - [30/Dec/2018:04:15:08 +0800] "POST /qa.php HTTP/1.1" 403 571 "-" "Mozilla/5.0 (Windows NT 6.1) AppleWebKit/537.36 (KHTML, like Gecko) Chrome/61.0.3163.91 Safari/537.36"
139.199.196.16 - - [30/Dec/2018:04:15:08 +0800] "POST /Ss.php HTTP/1.1" 403 571 "-" "Mozilla/5.0 (Windows NT 6.1) AppleWebKit/537.36 (KHTML, like Gecko) Chrome/61.0.3163.91 Safari/537.36"
139.199.196.16 - - [30/Dec/2018:04:15:08 +0800] "POST /xxx.php HTTP/1.1" 403 571 "-" "Mozilla/5.0 (Windows NT 6.1) AppleWebKit/537.36 (KHTML, like Gecko) Chrome/61.0.3163.91 Safari/537.36"
139.199.196.16 - - [30/Dec/2018:04:15:08 +0800] "POST /92.php HTTP/1.1" 403 571 "-" "Mozilla/5.0 (Windows NT 6.1) AppleWebKit/537.36 (KHTML, like Gecko) Chrome/61.0.3163.91 Safari/537.36"
139.199.196.16 - - [30/Dec/2018:04:15:08 +0800] "POST /z.php HTTP/1.1" 403 571 "-" "Mozilla/5.0 (Windows NT 6.1) AppleWebKit/537.36 (KHTML, like Gecko) Chrome/61.0.3163.91 Safari/537.36"
139.199.196.16 - - [30/Dec/2018:04:15:08 +0800] "POST /x.php HTTP/1.1" 403 571 "-" "Mozilla/5.0 (Windows NT 6.1) AppleWebKit/537.36 (KHTML, like Gecko) Chrome/61.0.3163.91 Safari/537.36"
139.199.196.16 - - [30/Dec/2018:04:15:08 +0800] "POST /dexgp.php HTTP/1.1" 403 571 "-" "Mozilla/5.0 (Windows NT 6.1) AppleWebKit/537.36 (KHTML, like Gecko) Chrome/61.0.3163.91 Safari/537.36"
139.199.196.16 - - [30/Dec/2018:04:15:08 +0800] "POST /nuoxi.php HTTP/1.1" 403 571 "-" "Mozilla/5.0 (Windows NT 6.1) AppleWebKit/537.36 (KHTML, like Gecko) Chrome/61.0.3163.91 Safari/537.36"
139.199.196.16 - - [30/Dec/2018:04:15:09 +0800] "POST /godkey.php HTTP/1.1" 403 571 "-" "Mozilla/5.0 (Windows NT 6.1) AppleWebKit/537.36 (KHTML, like Gecko) Chrome/61.0.3163.91 Safari/537.36"
139.199.196.16 - - [30/Dec/2018:04:15:09 +0800] "POST /okokok.php HTTP/1.1" 403 571 "-" "Mozilla/5.0 (Windows NT 6.1) AppleWebKit/537.36 (KHTML, like Gecko) Chrome/61.0.3163.91 Safari/537.36"
139.199.196.16 - - [30/Dec/2018:04:15:09 +0800] "POST /erwa.php HTTP/1.1" 403 571 "-" "Mozilla/5.0 (Windows NT 6.1) AppleWebKit/537.36 (KHTML, like Gecko) Chrome/61.0.3163.91 Safari/537.36"
139.199.196.16 - - [30/Dec/2018:04:15:09 +0800] "POST /pma.php HTTP/1.1" 403 571 "-" "Mozilla/5.0 (Windows NT 6.1) AppleWebKit/537.36 (KHTML, like Gecko) Chrome/61.0.3163.91 Safari/537.36"
139.199.196.16 - - [30/Dec/2018:04:15:09 +0800] "POST /ruyi.php HTTP/1.1" 403 571 "-" "Mozilla/5.0 (Windows NT 6.1) AppleWebKit/537.36 (KHTML, like Gecko) Chrome/61.0.3163.91 Safari/537.36"
139.199.196.16 - - [30/Dec/2018:04:15:09 +0800] "POST /51314.php HTTP/1.1" 403 571 "-" "Mozilla/5.0 (Windows NT 6.1) AppleWebKit/537.36 (KHTML, like Gecko) Chrome/61.0.3163.91 Safari/537.36"
139.199.196.16 - - [30/Dec/2018:04:15:10 +0800] "POST /5201314.php HTTP/1.1" 403 571 "-" "Mozilla/5.0 (Windows NT 6.1) AppleWebKit/537.36 (KHTML, like Gecko) Chrome/61.0.3163.91 Safari/537.36"
139.199.196.16 - - [30/Dec/2018:04:15:10 +0800] "POST /fusheng.php HTTP/1.1" 403 571 "-" "Mozilla/5.0 (Windows NT 6.1) AppleWebKit/537.36 (KHTML, like Gecko) Chrome/61.0.3163.91 Safari/537.36"
139.199.196.16 - - [30/Dec/2018:04:15:10 +0800] "POST /general.php HTTP/1.1" 403 571 "-" "Mozilla/5.0 (Windows NT 6.1) AppleWebKit/537.36 (KHTML, like Gecko) Chrome/61.0.3163.91 Safari/537.36"
139.199.196.16 - - [30/Dec/2018:04:15:10 +0800] "POST /repeat.php HTTP/1.1" 403 571 "-" "Mozilla/5.0 (Windows NT 6.1) AppleWebKit/537.36 (KHTML, like Gecko) Chrome/61.0.3163.91 Safari/537.36"
139.199.196.16 - - [30/Dec/2018:04:15:10 +0800] "POST /ldw.php HTTP/1.1" 403 571 "-" "Mozilla/5.0 (Windows NT 6.1) AppleWebKit/537.36 (KHTML, like Gecko) Chrome/61.0.3163.91 Safari/537.36"
139.199.196.16 - - [30/Dec/2018:04:15:10 +0800] "POST /api.php HTTP/1.1" 403 571 "-" "Mozilla/5.0 (Windows NT 6.1) AppleWebKit/537.36 (KHTML, like Gecko) Chrome/61.0.3163.91 Safari/537.36"
139.199.196.16 - - [30/Dec/2018:04:15:10 +0800] "POST /s1.php HTTP/1.1" 403 571 "-" "Mozilla/5.0 (Windows NT 6.1) AppleWebKit/537.36 (KHTML, like Gecko) Chrome/61.0.3163.91 Safari/537.36"
139.199.196.16 - - [30/Dec/2018:04:15:10 +0800] "POST /xiaodai.php HTTP/1.1" 403 571 "-" "Mozilla/5.0 (Windows NT 6.1) AppleWebKit/537.36 (KHTML, like Gecko) Chrome/61.0.3163.91 Safari/537.36"
139.199.196.16 - - [30/Dec/2018:04:15:10 +0800] "POST /hello.php HTTP/1.1" 403 571 "-" "Mozilla/5.0 (Windows NT 6.1) AppleWebKit/537.36 (KHTML, like Gecko) Chrome/61.0.3163.91 Safari/537.36"
139.199.196.16 - - [30/Dec/2018:04:15:10 +0800] "POST /hello.php HTTP/1.1" 403 571 "-" "Mozilla/5.0 (Windows NT 6.1) AppleWebKit/537.36 (KHTML, like Gecko) Chrome/61.0.3163.91 Safari/537.36"
139.199.196.16 - - [30/Dec/2018:04:15:11 +0800] "POST /admn.php HTTP/1.1" 403 571 "-" "Mozilla/5.0 (Windows NT 6.1) AppleWebKit/537.36 (KHTML, like Gecko) Chrome/61.0.3163.91 Safari/537.36"
139.199.196.16 - - [30/Dec/2018:04:15:11 +0800] "POST /hell.php HTTP/1.1" 403 571 "-" "Mozilla/5.0 (Windows NT 6.1) AppleWebKit/537.36 (KHTML, like Gecko) Chrome/61.0.3163.91 Safari/537.36"
139.199.196.16 - - [30/Dec/2018:04:15:11 +0800] "POST /xp.php HTTP/1.1" 403 571 "-" "Mozilla/5.0 (Windows NT 6.1) AppleWebKit/537.36 (KHTML, like Gecko) Chrome/61.0.3163.91 Safari/537.36"
139.199.196.16 - - [30/Dec/2018:04:15:11 +0800] "POST /1.php HTTP/1.1" 403 571 "-" "Mozilla/5.0 (Windows NT 6.1) AppleWebKit/537.36 (KHTML, like Gecko) Chrome/61.0.3163.91 Safari/537.36"
139.199.196.16 - - [30/Dec/2018:04:15:11 +0800] "POST /2.php HTTP/1.1" 403 571 "-" "Mozilla/5.0 (Windows NT 6.1) AppleWebKit/537.36 (KHTML, like Gecko) Chrome/61.0.3163.91 Safari/537.36"
139.199.196.16 - - [30/Dec/2018:04:15:11 +0800] "POST /p.php HTTP/1.1" 403 571 "-" "Mozilla/5.0 (Windows NT 6.1) AppleWebKit/537.36 (KHTML, like Gecko) Chrome/61.0.3163.91 Safari/537.36"
139.199.196.16 - - [30/Dec/2018:04:15:11 +0800] "POST /1.php HTTP/1.1" 403 571 "-" "Mozilla/5.0 (Windows NT 6.1) AppleWebKit/537.36 (KHTML, like Gecko) Chrome/61.0.3163.91 Safari/537.36"
139.199.196.16 - - [30/Dec/2018:04:15:11 +0800] "POST /a.php HTTP/1.1" 403 571 "-" "Mozilla/5.0 (Windows NT 6.1) AppleWebKit/537.36 (KHTML, like Gecko) Chrome/61.0.3163.91 Safari/537.36"
139.199.196.16 - - [30/Dec/2018:04:15:11 +0800] "POST /m.php HTTP/1.1" 403 571 "-" "Mozilla/5.0 (Windows NT 6.1) AppleWebKit/537.36 (KHTML, like Gecko) Chrome/61.0.3163.91 Safari/537.36"
139.199.196.16 - - [30/Dec/2018:04:15:11 +0800] "POST /conf.php HTTP/1.1" 403 571 "-" "Mozilla/5.0 (Windows NT 6.1) AppleWebKit/537.36 (KHTML, like Gecko) Chrome/61.0.3163.91 Safari/537.36"
139.199.196.16 - - [30/Dec/2018:04:15:11 +0800] "POST /123.php HTTP/1.1" 403 571 "-" "Mozilla/5.0 (Windows NT 6.1) AppleWebKit/537.36 (KHTML, like Gecko) Chrome/61.0.3163.91 Safari/537.36"
139.199.196.16 - - [30/Dec/2018:04:15:12 +0800] "POST /HX.php HTTP/1.1" 403 571 "-" "Mozilla/5.0 (Windows NT 6.1) AppleWebKit/537.36 (KHTML, like Gecko) Chrome/61.0.3163.91 Safari/537.36"
139.199.196.16 - - [30/Dec/2018:04:15:12 +0800] "POST /diy.php HTTP/1.1" 403 571 "-" "Mozilla/5.0 (Windows NT 6.1) AppleWebKit/537.36 (KHTML, like Gecko) Chrome/61.0.3163.91 Safari/537.36"
112.96.192.210 - - [30/Dec/2018:04:15:12 +0800] "GET /pv.txt HTTP/2.0" 200 67 "https://wyydsb.xin/" "Mozilla/5.0 (Windows NT 10.0; WOW64) AppleWebKit/537.36 (KHTML, like Gecko) Chrome/71.0.3578.98 Safari/537.36"
139.199.196.16 - - [30/Dec/2018:04:15:12 +0800] "POST /666.php HTTP/1.1" 403 571 "-" "Mozilla/5.0 (Windows NT 6.1) AppleWebKit/537.36 (KHTML, like Gecko) Chrome/61.0.3163.91 Safari/537.36"
139.199.196.16 - - [30/Dec/2018:04:15:12 +0800] "POST /777.php HTTP/1.1" 403 571 "-" "Mozilla/5.0 (Windows NT 6.1) AppleWebKit/537.36 (KHTML, like Gecko) Chrome/61.0.3163.91 Safari/537.36"
139.199.196.16 - - [30/Dec/2018:04:15:12 +0800] "POST /qwq.php HTTP/1.1" 403 571 "-" "Mozilla/5.0 (Windows NT 6.1) AppleWebKit/537.36 (KHTML, like Gecko) Chrome/61.0.3163.91 Safari/537.36"
139.199.196.16 - - [30/Dec/2018:04:15:12 +0800] "POST /qwqw.php HTTP/1.1" 403 571 "-" "Mozilla/5.0 (Windows NT 6.1) AppleWebKit/537.36 (KHTML, like Gecko) Chrome/61.0.3163.91 Safari/537.36"
139.199.196.16 - - [30/Dec/2018:04:15:12 +0800] "POST /.php HTTP/1.1" 403 571 "-" "Mozilla/5.0 (Windows NT 6.1) AppleWebKit/537.36 (KHTML, like Gecko) Chrome/61.0.3163.91 Safari/537.36"
139.199.196.16 - - [30/Dec/2018:04:15:12 +0800] "POST /infos.php HTTP/1.1" 403 571 "-" "Mozilla/5.0 (Windows NT 6.1) AppleWebKit/537.36 (KHTML, like Gecko) Chrome/61.0.3163.91 Safari/537.36"
139.199.196.16 - - [30/Dec/2018:04:15:12 +0800] "POST /x.php HTTP/1.1" 403 571 "-" "Mozilla/5.0 (Windows NT 6.1) AppleWebKit/537.36 (KHTML, like Gecko) Chrome/61.0.3163.91 Safari/537.36"
139.199.196.16 - - [30/Dec/2018:04:15:12 +0800] "POST /lucky.php HTTP/1.1" 403 571 "-" "Mozilla/5.0 (Windows NT 6.1) AppleWebKit/537.36 (KHTML, like Gecko) Chrome/61.0.3163.91 Safari/537.36"
139.199.196.16 - - [30/Dec/2018:04:15:13 +0800] "POST /htfr.php HTTP/1.1" 403 571 "-" "Mozilla/5.0 (Windows NT 6.1) AppleWebKit/537.36 (KHTML, like Gecko) Chrome/61.0.3163.91 Safari/537.36"
139.199.196.16 - - [30/Dec/2018:04:15:13 +0800] "POST /zzk.php HTTP/1.1" 403 571 "-" "Mozilla/5.0 (Windows NT 6.1) AppleWebKit/537.36 (KHTML, like Gecko) Chrome/61.0.3163.91 Safari/537.36"
112.96.192.210 - - [30/Dec/2018:04:15:13 +0800] "GET /service-worker.js HTTP/2.0" 200 17568 "https://wyydsb.xin/service-worker.js" "Mozilla/5.0 (Windows NT 10.0; WOW64) AppleWebKit/537.36 (KHTML, like Gecko) Chrome/71.0.3578.98 Safari/537.36"
112.96.192.210 - - [30/Dec/2018:04:15:13 +0800] "GET /favicon.ico HTTP/2.0" 200 38549 "https://wyydsb.xin/" "Mozilla/5.0 (Windows NT 10.0; WOW64) AppleWebKit/537.36 (KHTML, like Gecko) Chrome/71.0.3578.98 Safari/537.36"
139.199.196.16 - - [30/Dec/2018:04:15:13 +0800] "POST /toor.php HTTP/1.1" 403 571 "-" "Mozilla/5.0 (Windows NT 6.1) AppleWebKit/537.36 (KHTML, like Gecko) Chrome/61.0.3163.91 Safari/537.36"
139.199.196.16 - - [30/Dec/2018:04:15:13 +0800] "POST /uu.php HTTP/1.1" 403 571 "-" "Mozilla/5.0 (Windows NT 6.1) AppleWebKit/537.36 (KHTML, like Gecko) Chrome/61.0.3163.91 Safari/537.36"
139.199.196.16 - - [30/Dec/2018:04:15:13 +0800] "POST /aa.php HTTP/1.1" 403 571 "-" "Mozilla/5.0 (Windows NT 6.1) AppleWebKit/537.36 (KHTML, like Gecko) Chrome/61.0.3163.91 Safari/537.36"
139.199.196.16 - - [30/Dec/2018:04:15:13 +0800] "POST /wb.php HTTP/1.1" 403 571 "-" "Mozilla/5.0 (Windows NT 6.1) AppleWebKit/537.36 (KHTML, like Gecko) Chrome/61.0.3163.91 Safari/537.36"
112.96.192.210 - - [30/Dec/2018:04:15:13 +0800] "GET /manifest.json HTTP/2.0" 200 406 "https://wyydsb.xin/" "Mozilla/5.0 (Windows NT 10.0; WOW64) AppleWebKit/537.36 (KHTML, like Gecko) Chrome/71.0.3578.98 Safari/537.36"
112.96.192.210 - - [30/Dec/2018:04:15:13 +0800] "GET /icons/192.png HTTP/2.0" 200 38549 "https://wyydsb.xin/" "Mozilla/5.0 (Windows NT 10.0; WOW64) AppleWebKit/537.36 (KHTML, like Gecko) Chrome/71.0.3578.98 Safari/537.36"
139.199.196.16 - - [30/Dec/2018:04:15:14 +0800] "POST /yj.php HTTP/1.1" 403 571 "-" "Mozilla/5.0 (Windows NT 6.1) AppleWebKit/537.36 (KHTML, like Gecko) Chrome/61.0.3163.91 Safari/537.36"
139.199.196.16 - - [30/Dec/2018:04:15:14 +0800] "POST /z.php HTTP/1.1" 403 571 "-" "Mozilla/5.0 (Windows NT 6.1) AppleWebKit/537.36 (KHTML, like Gecko) Chrome/61.0.3163.91 Safari/537.36"
139.199.196.16 - - [30/Dec/2018:04:15:14 +0800] "POST /7.php HTTP/1.1" 403 571 "-" "Mozilla/5.0 (Windows NT 6.1) AppleWebKit/537.36 (KHTML, like Gecko) Chrome/61.0.3163.91 Safari/537.36"
139.199.196.16 - - [30/Dec/2018:04:15:14 +0800] "POST /xiaoma.php HTTP/1.1" 403 571 "-" "Mozilla/5.0 (Windows NT 6.1) AppleWebKit/537.36 (KHTML, like Gecko) Chrome/61.0.3163.91 Safari/537.36"
139.199.196.16 - - [30/Dec/2018:04:15:14 +0800] "POST /xiaomae.php HTTP/1.1" 403 571 "-" "Mozilla/5.0 (Windows NT 6.1) AppleWebKit/537.36 (KHTML, like Gecko) Chrome/61.0.3163.91 Safari/537.36"
139.199.196.16 - - [30/Dec/2018:04:15:14 +0800] "POST /xiaomar.php HTTP/1.1" 403 571 "-" "Mozilla/5.0 (Windows NT 6.1) AppleWebKit/537.36 (KHTML, like Gecko) Chrome/61.0.3163.91 Safari/537.36"
139.199.196.16 - - [30/Dec/2018:04:15:14 +0800] "POST /qq.php HTTP/1.1" 403 571 "-" "Mozilla/5.0 (Windows NT 6.1) AppleWebKit/537.36 (KHTML, like Gecko) Chrome/61.0.3163.91 Safari/537.36"
139.199.196.16 - - [30/Dec/2018:04:15:14 +0800] "POST /data.php HTTP/1.1" 403 571 "-" "Mozilla/5.0 (Windows NT 6.1) AppleWebKit/537.36 (KHTML, like Gecko) Chrome/61.0.3163.91 Safari/537.36"
139.199.196.16 - - [30/Dec/2018:04:15:14 +0800] "POST /log.php HTTP/1.1" 403 571 "-" "Mozilla/5.0 (Windows NT 6.1) AppleWebKit/537.36 (KHTML, like Gecko) Chrome/61.0.3163.91 Safari/537.36"
139.199.196.16 - - [30/Dec/2018:04:15:14 +0800] "POST /fack.php HTTP/1.1" 403 571 "-" "Mozilla/5.0 (Windows NT 6.1) AppleWebKit/537.36 (KHTML, like Gecko) Chrome/61.0.3163.91 Safari/537.36"
139.199.196.16 - - [30/Dec/2018:04:15:14 +0800] "POST /angge.php HTTP/1.1" 403 571 "-" "Mozilla/5.0 (Windows NT 6.1) AppleWebKit/537.36 (KHTML, like Gecko) Chrome/61.0.3163.91 Safari/537.36"
139.199.196.16 - - [30/Dec/2018:04:15:15 +0800] "POST /cxfm666.php HTTP/1.1" 403 571 "-" "Mozilla/5.0 (Windows NT 6.1) AppleWebKit/537.36 (KHTML, like Gecko) Chrome/61.0.3163.91 Safari/537.36"
139.199.196.16 - - [30/Dec/2018:04:15:15 +0800] "POST /db.php HTTP/1.1" 403 571 "-" "Mozilla/5.0 (Windows NT 6.1) AppleWebKit/537.36 (KHTML, like Gecko) Chrome/61.0.3163.91 Safari/537.36"
139.199.196.16 - - [30/Dec/2018:04:15:15 +0800] "POST /hacly.php HTTP/1.1" 403 571 "-" "Mozilla/5.0 (Windows NT 6.1) AppleWebKit/537.36 (KHTML, like Gecko) Chrome/61.0.3163.91 Safari/537.36"
139.199.196.16 - - [30/Dec/2018:04:15:15 +0800] "POST /xiaomo.php HTTP/1.1" 403 571 "-" "Mozilla/5.0 (Windows NT 6.1) AppleWebKit/537.36 (KHTML, like Gecko) Chrome/61.0.3163.91 Safari/537.36"
139.199.196.16 - - [30/Dec/2018:04:15:15 +0800] "POST /xiaoyu.php HTTP/1.1" 403 571 "-" "Mozilla/5.0 (Windows NT 6.1) AppleWebKit/537.36 (KHTML, like Gecko) Chrome/61.0.3163.91 Safari/537.36"
139.199.196.16 - - [30/Dec/2018:04:15:15 +0800] "POST /xiaohei.php HTTP/1.1" 403 571 "-" "Mozilla/5.0 (Windows NT 6.1) AppleWebKit/537.36 (KHTML, like Gecko) Chrome/61.0.3163.91 Safari/537.36"
139.199.196.16 - - [30/Dec/2018:04:15:15 +0800] "POST /j.php HTTP/1.1" 403 571 "-" "Mozilla/5.0 (Windows NT 6.1) AppleWebKit/537.36 (KHTML, like Gecko) Chrome/61.0.3163.91 Safari/537.36"
112.96.192.210 - - [30/Dec/2018:04:15:16 +0800] "GET /404.html HTTP/2.0" 200 5807 "https://wyydsb.xin/service-worker.js" "Mozilla/5.0 (Windows NT 10.0; WOW64) AppleWebKit/537.36 (KHTML, like Gecko) Chrome/71.0.3578.98 Safari/537.36"
112.96.192.210 - - [30/Dec/2018:04:15:16 +0800] "GET /assets/css/1.styles.01b60e5c.css HTTP/2.0" 200 18918 "https://wyydsb.xin/service-worker.js" "Mozilla/5.0 (Windows NT 10.0; WOW64) AppleWebKit/537.36 (KHTML, like Gecko) Chrome/71.0.3578.98 Safari/537.36"
112.96.192.210 - - [30/Dec/2018:04:15:16 +0800] "GET /assets/css/2.styles.780b1223.css HTTP/2.0" 200 0 "https://wyydsb.xin/service-worker.js" "Mozilla/5.0 (Windows NT 10.0; WOW64) AppleWebKit/537.36 (KHTML, like Gecko) Chrome/71.0.3578.98 Safari/537.36"
112.96.192.210 - - [30/Dec/2018:04:15:18 +0800] "GET /assets/css/styles.c58f3b01.css HTTP/2.0" 200 301658 "https://wyydsb.xin/service-worker.js" "Mozilla/5.0 (Windows NT 10.0; WOW64) AppleWebKit/537.36 (KHTML, like Gecko) Chrome/71.0.3578.98 Safari/537.36"
112.96.192.210 - - [30/Dec/2018:04:15:18 +0800] "GET /assets/fonts/fa-brands-400.030846b7.woff HTTP/2.0" 200 71560 "https://wyydsb.xin/service-worker.js" "Mozilla/5.0 (Windows NT 10.0; WOW64) AppleWebKit/537.36 (KHTML, like Gecko) Chrome/71.0.3578.98 Safari/537.36"
112.96.192.210 - - [30/Dec/2018:04:15:19 +0800] "GET /assets/fonts/fa-brands-400.3f5a250e.ttf HTTP/2.0" 200 111384 "https://wyydsb.xin/service-worker.js" "Mozilla/5.0 (Windows NT 10.0; WOW64) AppleWebKit/537.36 (KHTML, like Gecko) Chrome/71.0.3578.98 Safari/537.36"
112.96.192.210 - - [30/Dec/2018:04:15:20 +0800] "GET /assets/fonts/fa-brands-400.4291d4b6.eot HTTP/2.0" 200 111620 "https://wyydsb.xin/service-worker.js" "Mozilla/5.0 (Windows NT 10.0; WOW64) AppleWebKit/537.36 (KHTML, like Gecko) Chrome/71.0.3578.98 Safari/537.36"
112.96.192.210 - - [30/Dec/2018:04:15:20 +0800] "GET /assets/fonts/fa-brands-400.65e3be4e.woff2 HTTP/2.0" 200 61336 "https://wyydsb.xin/service-worker.js" "Mozilla/5.0 (Windows NT 10.0; WOW64) AppleWebKit/537.36 (KHTML, like Gecko) Chrome/71.0.3578.98 Safari/537.36"
112.96.192.210 - - [30/Dec/2018:04:15:20 +0800] "GET /assets/fonts/fa-regular-400.222941bf.woff HTTP/2.0" 200 14724 "https://wyydsb.xin/service-worker.js" "Mozilla/5.0 (Windows NT 10.0; WOW64) AppleWebKit/537.36 (KHTML, like Gecko) Chrome/71.0.3578.98 Safari/537.36"
112.96.192.210 - - [30/Dec/2018:04:15:21 +0800] "GET /assets/fonts/fa-regular-400.6bf2d6c8.ttf HTTP/2.0" 200 31044 "https://wyydsb.xin/service-worker.js" "Mozilla/5.0 (Windows NT 10.0; WOW64) AppleWebKit/537.36 (KHTML, like Gecko) Chrome/71.0.3578.98 Safari/537.36"
112.96.192.210 - - [30/Dec/2018:04:15:21 +0800] "GET /assets/fonts/fa-regular-400.914437d6.woff2 HTTP/2.0" 200 12168 "https://wyydsb.xin/service-worker.js" "Mozilla/5.0 (Windows NT 10.0; WOW64) AppleWebKit/537.36 (KHTML, like Gecko) Chrome/71.0.3578.98 Safari/537.36"
112.96.192.210 - - [30/Dec/2018:04:15:21 +0800] "GET /assets/fonts/fa-regular-400.d30b8018.eot HTTP/2.0" 200 31272 "https://wyydsb.xin/service-worker.js" "Mozilla/5.0 (Windows NT 10.0; WOW64) AppleWebKit/537.36 (KHTML, like Gecko) Chrome/71.0.3578.98 Safari/537.36"
112.96.192.210 - - [30/Dec/2018:04:15:22 +0800] "GET /assets/fonts/fa-solid-900.140f4148.woff HTTP/2.0" 200 63836 "https://wyydsb.xin/service-worker.js" "Mozilla/5.0 (Windows NT 10.0; WOW64) AppleWebKit/537.36 (KHTML, like Gecko) Chrome/71.0.3578.98 Safari/537.36"
139.199.196.16 - - [30/Dec/2018:04:15:22 +0800] "POST /qq5262.php HTTP/1.1" 403 571 "-" "Mozilla/5.0 (Windows NT 6.1) AppleWebKit/537.36 (KHTML, like Gecko) Chrome/61.0.3163.91 Safari/537.36"
139.199.196.16 - - [30/Dec/2018:04:15:22 +0800] "POST /lost.php HTTP/1.1" 403 571 "-" "Mozilla/5.0 (Windows NT 6.1) AppleWebKit/537.36 (KHTML, like Gecko) Chrome/61.0.3163.91 Safari/537.36"
139.199.196.16 - - [30/Dec/2018:04:15:23 +0800] "POST /php.php HTTP/1.1" 403 571 "-" "Mozilla/5.0 (Windows NT 6.1) AppleWebKit/537.36 (KHTML, like Gecko) Chrome/61.0.3163.91 Safari/537.36"
112.96.192.210 - - [30/Dec/2018:04:15:23 +0800] "GET /assets/fonts/fa-solid-900.4910ec73.eot HTTP/2.0" 200 133140 "https://wyydsb.xin/service-worker.js" "Mozilla/5.0 (Windows NT 10.0; WOW64) AppleWebKit/537.36 (KHTML, like Gecko) Chrome/71.0.3578.98 Safari/537.36"
139.199.196.16 - - [30/Dec/2018:04:15:23 +0800] "POST /MCLi.php HTTP/1.1" 403 571 "-" "Mozilla/5.0 (Windows NT 6.1) AppleWebKit/537.36 (KHTML, like Gecko) Chrome/61.0.3163.91 Safari/537.36"
139.199.196.16 - - [30/Dec/2018:04:15:23 +0800] "POST /MCLi.php HTTP/1.1" 403 571 "-" "Mozilla/5.0 (Windows NT 6.1) AppleWebKit/537.36 (KHTML, like Gecko) Chrome/61.0.3163.91 Safari/537.36"
139.199.196.16 - - [30/Dec/2018:04:15:23 +0800] "POST /zxc1.php HTTP/1.1" 403 571 "-" "Mozilla/5.0 (Windows NT 6.1) AppleWebKit/537.36 (KHTML, like Gecko) Chrome/61.0.3163.91 Safari/537.36"
139.199.196.16 - - [30/Dec/2018:04:15:23 +0800] "POST /zxc0.php HTTP/1.1" 403 571 "-" "Mozilla/5.0 (Windows NT 6.1) AppleWebKit/537.36 (KHTML, like Gecko) Chrome/61.0.3163.91 Safari/537.36"
112.96.192.210 - - [30/Dec/2018:04:15:23 +0800] "GET /assets/fonts/fa-solid-900.813b8aee.woff2 HTTP/2.0" 200 50388 "https://wyydsb.xin/service-worker.js" "Mozilla/5.0 (Windows NT 10.0; WOW64) AppleWebKit/537.36 (KHTML, like Gecko) Chrome/71.0.3578.98 Safari/537.36"
112.96.192.210 - - [30/Dec/2018:04:15:24 +0800] "GET /assets/fonts/fa-solid-900.e57e108a.ttf HTTP/2.0" 200 132920 "https://wyydsb.xin/service-worker.js" "Mozilla/5.0 (Windows NT 10.0; WOW64) AppleWebKit/537.36 (KHTML, like Gecko) Chrome/71.0.3578.98 Safari/537.36"
139.199.196.16 - - [30/Dec/2018:04:15:24 +0800] "POST /zxc1.php HTTP/1.1" 403 571 "-" "Mozilla/5.0 (Windows NT 6.1) AppleWebKit/537.36 (KHTML, like Gecko) Chrome/61.0.3163.91 Safari/537.36"
112.96.192.210 - - [30/Dec/2018:04:15:24 +0800] "GET /assets/fonts/Roboto-Bold.39b2c303.woff2 HTTP/2.0" 200 49976 "https://wyydsb.xin/service-worker.js" "Mozilla/5.0 (Windows NT 10.0; WOW64) AppleWebKit/537.36 (KHTML, like Gecko) Chrome/71.0.3578.98 Safari/537.36"
112.96.192.210 - - [30/Dec/2018:04:15:25 +0800] "GET /assets/fonts/Roboto-Bold.dc81817d.woff HTTP/2.0" 200 62876 "https://wyydsb.xin/service-worker.js" "Mozilla/5.0 (Windows NT 10.0; WOW64) AppleWebKit/537.36 (KHTML, like Gecko) Chrome/71.0.3578.98 Safari/537.36"
112.96.192.210 - - [30/Dec/2018:04:15:26 +0800] "GET /assets/fonts/Roboto-Bold.e31fcf18.ttf HTTP/2.0" 200 127744 "https://wyydsb.xin/service-worker.js" "Mozilla/5.0 (Windows NT 10.0; WOW64) AppleWebKit/537.36 (KHTML, like Gecko) Chrome/71.0.3578.98 Safari/537.36"
139.199.196.16 - - [30/Dec/2018:04:15:26 +0800] "POST /zxc2.php HTTP/1.1" 403 571 "-" "Mozilla/5.0 (Windows NT 6.1) AppleWebKit/537.36 (KHTML, like Gecko) Chrome/61.0.3163.91 Safari/537.36"
139.199.196.16 - - [30/Dec/2018:04:15:26 +0800] "POST /indexa.php HTTP/1.1" 403 571 "-" "Mozilla/5.0 (Windows NT 6.1) AppleWebKit/537.36 (KHTML, like Gecko) Chrome/61.0.3163.91 Safari/537.36"
139.199.196.16 - - [30/Dec/2018:04:15:26 +0800] "POST /lx.php HTTP/1.1" 403 571 "-" "Mozilla/5.0 (Windows NT 6.1) AppleWebKit/537.36 (KHTML, like Gecko) Chrome/61.0.3163.91 Safari/537.36"
139.199.196.16 - - [30/Dec/2018:04:15:26 +0800] "POST /api.php HTTP/1.1" 403 571 "-" "Mozilla/5.0 (Windows NT 6.1) AppleWebKit/537.36 (KHTML, like Gecko) Chrome/61.0.3163.91 Safari/537.36"
112.96.192.210 - - [30/Dec/2018:04:15:26 +0800] "GET /assets/fonts/Roboto-Light.3b813c2a.woff HTTP/2.0" 200 62316 "https://wyydsb.xin/service-worker.js" "Mozilla/5.0 (Windows NT 10.0; WOW64) AppleWebKit/537.36 (KHTML, like Gecko) Chrome/71.0.3578.98 Safari/537.36"
139.199.196.16 - - [30/Dec/2018:04:15:27 +0800] "POST /index1.php HTTP/1.1" 403 571 "-" "Mozilla/5.0 (Windows NT 6.1) AppleWebKit/537.36 (KHTML, like Gecko) Chrome/61.0.3163.91 Safari/537.36"
139.199.196.16 - - [30/Dec/2018:04:15:27 +0800] "POST /info.php HTTP/1.1" 403 571 "-" "Mozilla/5.0 (Windows NT 6.1) AppleWebKit/537.36 (KHTML, like Gecko) Chrome/61.0.3163.91 Safari/537.36"
139.199.196.16 - - [30/Dec/2018:04:15:27 +0800] "POST /info1.php HTTP/1.1" 403 571 "-" "Mozilla/5.0 (Windows NT 6.1) AppleWebKit/537.36 (KHTML, like Gecko) Chrome/61.0.3163.91 Safari/537.36"
139.199.196.16 - - [30/Dec/2018:04:15:27 +0800] "POST /aaaaaa1.php HTTP/1.1" 403 571 "-" "Mozilla/5.0 (Windows NT 6.1) AppleWebKit/537.36 (KHTML, like Gecko) Chrome/61.0.3163.91 Safari/537.36"
139.199.196.16 - - [30/Dec/2018:04:15:27 +0800] "POST /up.php HTTP/1.1" 403 571 "-" "Mozilla/5.0 (Windows NT 6.1) AppleWebKit/537.36 (KHTML, like Gecko) Chrome/61.0.3163.91 Safari/537.36"
139.199.196.16 - - [30/Dec/2018:04:15:27 +0800] "POST /test123.php HTTP/1.1" 403 571 "-" "Mozilla/5.0 (Windows NT 6.1) AppleWebKit/537.36 (KHTML, like Gecko) Chrome/61.0.3163.91 Safari/537.36"
112.96.192.210 - - [30/Dec/2018:04:15:27 +0800] "GET /assets/fonts/Roboto-Light.46e48ce0.ttf HTTP/2.0" 200 126792 "https://wyydsb.xin/service-worker.js" "Mozilla/5.0 (Windows NT 10.0; WOW64) AppleWebKit/537.36 (KHTML, like Gecko) Chrome/71.0.3578.98 Safari/537.36"
112.96.192.210 - - [30/Dec/2018:04:15:28 +0800] "GET /assets/fonts/Roboto-Light.69f8a061.woff2 HTTP/2.0" 200 49380 "https://wyydsb.xin/service-worker.js" "Mozilla/5.0 (Windows NT 10.0; WOW64) AppleWebKit/537.36 (KHTML, like Gecko) Chrome/71.0.3578.98 Safari/537.36"
139.199.196.16 - - [30/Dec/2018:04:15:28 +0800] "POST /fb.php HTTP/1.1" 403 571 "-" "Mozilla/5.0 (Windows NT 6.1) AppleWebKit/537.36 (KHTML, like Gecko) Chrome/61.0.3163.91 Safari/537.36"
139.199.196.16 - - [30/Dec/2018:04:15:28 +0800] "POST /51.php HTTP/1.1" 403 571 "-" "Mozilla/5.0 (Windows NT 6.1) AppleWebKit/537.36 (KHTML, like Gecko) Chrome/61.0.3163.91 Safari/537.36"
112.96.192.210 - - [30/Dec/2018:04:15:28 +0800] "GET /assets/fonts/Roboto-Medium.574fd0b5.woff2 HTTP/2.0" 200 50224 "https://wyydsb.xin/service-worker.js" "Mozilla/5.0 (Windows NT 10.0; WOW64) AppleWebKit/537.36 (KHTML, like Gecko) Chrome/71.0.3578.98 Safari/537.36"
139.199.196.16 - - [30/Dec/2018:04:15:28 +0800] "POST /cadre.php HTTP/1.1" 403 571 "-" "Mozilla/5.0 (Windows NT 6.1) AppleWebKit/537.36 (KHTML, like Gecko) Chrome/61.0.3163.91 Safari/537.36"
139.199.196.16 - - [30/Dec/2018:04:15:28 +0800] "POST /mm.php HTTP/1.1" 403 571 "-" "Mozilla/5.0 (Windows NT 6.1) AppleWebKit/537.36 (KHTML, like Gecko) Chrome/61.0.3163.91 Safari/537.36"
139.199.196.16 - - [30/Dec/2018:04:15:29 +0800] "POST /test.php HTTP/1.1" 403 571 "-" "Mozilla/5.0 (Windows NT 6.1) AppleWebKit/537.36 (KHTML, like Gecko) Chrome/61.0.3163.91 Safari/537.36"
139.199.196.16 - - [30/Dec/2018:04:15:29 +0800] "POST /1q.php HTTP/1.1" 403 571 "-" "Mozilla/5.0 (Windows NT 6.1) AppleWebKit/537.36 (KHTML, like Gecko) Chrome/61.0.3163.91 Safari/537.36"
139.199.196.16 - - [30/Dec/2018:04:15:29 +0800] "POST /1111.php HTTP/1.1" 403 571 "-" "Mozilla/5.0 (Windows NT 6.1) AppleWebKit/537.36 (KHTML, like Gecko) Chrome/61.0.3163.91 Safari/537.36"
139.199.196.16 - - [30/Dec/2018:04:15:29 +0800] "POST /errors.php HTTP/1.1" 403 571 "-" "Mozilla/5.0 (Windows NT 6.1) AppleWebKit/537.36 (KHTML, like Gecko) Chrome/61.0.3163.91 Safari/537.36"
139.199.196.16 - - [30/Dec/2018:04:15:29 +0800] "GET /index.php HTTP/1.1" 403 169 "-" "Mozilla/5.0 (X11; Ubuntu; Linux x86_64; rv:47.0) Gecko/20100101 Firefox/47.0"
139.199.196.16 - - [30/Dec/2018:04:15:29 +0800] "GET /phpmyadmin/index.php HTTP/1.1" 403 169 "-" "Mozilla/5.0 (X11; Ubuntu; Linux x86_64; rv:47.0) Gecko/20100101 Firefox/47.0"
139.199.196.16 - - [30/Dec/2018:04:15:29 +0800] "GET /phpMyAdmin/index.php HTTP/1.1" 403 169 "-" "Mozilla/5.0 (X11; Ubuntu; Linux x86_64; rv:47.0) Gecko/20100101 Firefox/47.0"
139.199.196.16 - - [30/Dec/2018:04:15:29 +0800] "GET /pmd/index.php HTTP/1.1" 403 169 "-" "Mozilla/5.0 (X11; Ubuntu; Linux x86_64; rv:47.0) Gecko/20100101 Firefox/47.0"
139.199.196.16 - - [30/Dec/2018:04:15:29 +0800] "GET /pma/index.php HTTP/1.1" 403 169 "-" "Mozilla/5.0 (X11; Ubuntu; Linux x86_64; rv:47.0) Gecko/20100101 Firefox/47.0"
112.96.192.210 - - [30/Dec/2018:04:15:29 +0800] "GET /assets/fonts/Roboto-Medium.894a2ede.ttf HTTP/2.0" 200 127488 "https://wyydsb.xin/service-worker.js" "Mozilla/5.0 (Windows NT 10.0; WOW64) AppleWebKit/537.36 (KHTML, like Gecko) Chrome/71.0.3578.98 Safari/537.36"
139.199.196.16 - - [30/Dec/2018:04:15:29 +0800] "GET /PMA/index.php HTTP/1.1" 403 169 "-" "Mozilla/5.0 (X11; Ubuntu; Linux x86_64; rv:47.0) Gecko/20100101 Firefox/47.0"
139.199.196.16 - - [30/Dec/2018:04:15:29 +0800] "GET /PMA2/index.php HTTP/1.1" 403 169 "-" "Mozilla/5.0 (X11; Ubuntu; Linux x86_64; rv:47.0) Gecko/20100101 Firefox/47.0"
139.199.196.16 - - [30/Dec/2018:04:15:29 +0800] "GET /pmamy/index.php HTTP/1.1" 403 169 "-" "Mozilla/5.0 (X11; Ubuntu; Linux x86_64; rv:47.0) Gecko/20100101 Firefox/47.0"
139.199.196.16 - - [30/Dec/2018:04:15:29 +0800] "GET /pmamy2/index.php HTTP/1.1" 403 169 "-" "Mozilla/5.0 (X11; Ubuntu; Linux x86_64; rv:47.0) Gecko/20100101 Firefox/47.0"
139.199.196.16 - - [30/Dec/2018:04:15:29 +0800] "GET /mysql/index.php HTTP/1.1" 403 169 "-" "Mozilla/5.0 (X11; Ubuntu; Linux x86_64; rv:47.0) Gecko/20100101 Firefox/47.0"
139.199.196.16 - - [30/Dec/2018:04:15:29 +0800] "GET /admin/index.php HTTP/1.1" 403 169 "-" "Mozilla/5.0 (X11; Ubuntu; Linux x86_64; rv:47.0) Gecko/20100101 Firefox/47.0"
139.199.196.16 - - [30/Dec/2018:04:15:29 +0800] "GET /db/index.php HTTP/1.1" 403 169 "-" "Mozilla/5.0 (X11; Ubuntu; Linux x86_64; rv:47.0) Gecko/20100101 Firefox/47.0"
139.199.196.16 - - [30/Dec/2018:04:15:30 +0800] "GET /dbadmin/index.php HTTP/1.1" 403 169 "-" "Mozilla/5.0 (X11; Ubuntu; Linux x86_64; rv:47.0) Gecko/20100101 Firefox/47.0"
112.96.192.210 - - [30/Dec/2018:04:15:30 +0800] "GET /assets/fonts/Roboto-Medium.fc78759e.woff HTTP/2.0" 200 62980 "https://wyydsb.xin/service-worker.js" "Mozilla/5.0 (Windows NT 10.0; WOW64) AppleWebKit/537.36 (KHTML, like Gecko) Chrome/71.0.3578.98 Safari/537.36"
112.96.192.210 - - [30/Dec/2018:04:15:30 +0800] "GET /assets/fonts/Roboto-Regular.2751ee43.woff2 HTTP/2.0" 200 49236 "https://wyydsb.xin/service-worker.js" "Mozilla/5.0 (Windows NT 10.0; WOW64) AppleWebKit/537.36 (KHTML, like Gecko) Chrome/71.0.3578.98 Safari/537.36"
139.199.196.16 - - [30/Dec/2018:04:15:30 +0800] "GET /web/phpMyAdmin/index.php HTTP/1.1" 403 169 "-" "Mozilla/5.0 (X11; Ubuntu; Linux x86_64; rv:47.0) Gecko/20100101 Firefox/47.0"
139.199.196.16 - - [30/Dec/2018:04:15:30 +0800] "GET /admin/pma/index.php HTTP/1.1" 403 169 "-" "Mozilla/5.0 (X11; Ubuntu; Linux x86_64; rv:47.0) Gecko/20100101 Firefox/47.0"
139.199.196.16 - - [30/Dec/2018:04:15:30 +0800] "GET /admin/PMA/index.php HTTP/1.1" 403 169 "-" "Mozilla/5.0 (X11; Ubuntu; Linux x86_64; rv:47.0) Gecko/20100101 Firefox/47.0"
139.199.196.16 - - [30/Dec/2018:04:15:30 +0800] "GET /admin/mysql/index.php HTTP/1.1" 403 169 "-" "Mozilla/5.0 (X11; Ubuntu; Linux x86_64; rv:47.0) Gecko/20100101 Firefox/47.0"
139.199.196.16 - - [30/Dec/2018:04:15:30 +0800] "GET /admin/mysql2/index.php HTTP/1.1" 403 169 "-" "Mozilla/5.0 (X11; Ubuntu; Linux x86_64; rv:47.0) Gecko/20100101 Firefox/47.0"
139.199.196.16 - - [30/Dec/2018:04:15:30 +0800] "GET /admin/phpmyadmin/index.php HTTP/1.1" 403 169 "-" "Mozilla/5.0 (X11; Ubuntu; Linux x86_64; rv:47.0) Gecko/20100101 Firefox/47.0"
139.199.196.16 - - [30/Dec/2018:04:15:30 +0800] "GET /admin/phpMyAdmin/index.php HTTP/1.1" 403 169 "-" "Mozilla/5.0 (X11; Ubuntu; Linux x86_64; rv:47.0) Gecko/20100101 Firefox/47.0"
112.96.192.210 - - [30/Dec/2018:04:15:30 +0800] "GET /assets/fonts/Roboto-Regular.ba3dcd89.woff HTTP/2.0" 200 61736 "https://wyydsb.xin/service-worker.js" "Mozilla/5.0 (Windows NT 10.0; WOW64) AppleWebKit/537.36 (KHTML, like Gecko) Chrome/71.0.3578.98 Safari/537.36"
139.199.196.16 - - [30/Dec/2018:04:15:31 +0800] "GET /admin/phpmyadmin2/index.php HTTP/1.1" 403 169 "-" "Mozilla/5.0 (X11; Ubuntu; Linux x86_64; rv:47.0) Gecko/20100101 Firefox/47.0"
139.199.196.16 - - [30/Dec/2018:04:15:31 +0800] "GET /mysqladmin/index.php HTTP/1.1" 403 169 "-" "Mozilla/5.0 (X11; Ubuntu; Linux x86_64; rv:47.0) Gecko/20100101 Firefox/47.0"
139.199.196.16 - - [30/Dec/2018:04:15:31 +0800] "GET /mysql-admin/index.php HTTP/1.1" 403 169 "-" "Mozilla/5.0 (X11; Ubuntu; Linux x86_64; rv:47.0) Gecko/20100101 Firefox/47.0"
139.199.196.16 - - [30/Dec/2018:04:15:31 +0800] "GET /mysql_admin/index.php HTTP/1.1" 403 169 "-" "Mozilla/5.0 (X11; Ubuntu; Linux x86_64; rv:47.0) Gecko/20100101 Firefox/47.0"
139.199.196.16 - - [30/Dec/2018:04:15:31 +0800] "GET /phpadmin/index.php HTTP/1.1" 403 169 "-" "Mozilla/5.0 (X11; Ubuntu; Linux x86_64; rv:47.0) Gecko/20100101 Firefox/47.0"
139.199.196.16 - - [30/Dec/2018:04:15:31 +0800] "GET /phpAdmin/index.php HTTP/1.1" 403 169 "-" "Mozilla/5.0 (X11; Ubuntu; Linux x86_64; rv:47.0) Gecko/20100101 Firefox/47.0"
112.96.192.210 - - [30/Dec/2018:04:15:31 +0800] "GET /assets/fonts/Roboto-Regular.df7b648c.ttf HTTP/2.0" 200 126072 "https://wyydsb.xin/service-worker.js" "Mozilla/5.0 (Windows NT 10.0; WOW64) AppleWebKit/537.36 (KHTML, like Gecko) Chrome/71.0.3578.98 Safari/537.36"
139.199.196.16 - - [30/Dec/2018:04:15:31 +0800] "GET /phpmyadmin0/index.php HTTP/1.1" 403 169 "-" "Mozilla/5.0 (X11; Ubuntu; Linux x86_64; rv:47.0) Gecko/20100101 Firefox/47.0"
139.199.196.16 - - [30/Dec/2018:04:15:31 +0800] "GET /phpmyadmin1/index.php HTTP/1.1" 403 169 "-" "Mozilla/5.0 (X11; Ubuntu; Linux x86_64; rv:47.0) Gecko/20100101 Firefox/47.0"
112.96.192.210 - - [30/Dec/2018:04:15:32 +0800] "GET /assets/fonts/Roboto-Thin.7500519d.woff HTTP/2.0" 200 61628 "https://wyydsb.xin/service-worker.js" "Mozilla/5.0 (Windows NT 10.0; WOW64) AppleWebKit/537.36 (KHTML, like Gecko) Chrome/71.0.3578.98 Safari/537.36"
139.199.196.16 - - [30/Dec/2018:04:15:32 +0800] "GET /phpmyadmin2/index.php HTTP/1.1" 403 169 "-" "Mozilla/5.0 (X11; Ubuntu; Linux x86_64; rv:47.0) Gecko/20100101 Firefox/47.0"
139.199.196.16 - - [30/Dec/2018:04:15:32 +0800] "GET /phpMyAdmin-4.4.0/index.php HTTP/1.1" 403 169 "-" "Mozilla/5.0 (X11; Ubuntu; Linux x86_64; rv:47.0) Gecko/20100101 Firefox/47.0"
139.199.196.16 - - [30/Dec/2018:04:15:32 +0800] "GET /myadmin/index.php HTTP/1.1" 403 169 "-" "Mozilla/5.0 (X11; Ubuntu; Linux x86_64; rv:47.0) Gecko/20100101 Firefox/47.0"
139.199.196.16 - - [30/Dec/2018:04:15:32 +0800] "GET /myadmin2/index.php HTTP/1.1" 403 169 "-" "Mozilla/5.0 (X11; Ubuntu; Linux x86_64; rv:47.0) Gecko/20100101 Firefox/47.0"
139.199.196.16 - - [30/Dec/2018:04:15:33 +0800] "GET /xampp/phpmyadmin/index.php HTTP/1.1" 403 169 "-" "Mozilla/5.0 (X11; Ubuntu; Linux x86_64; rv:47.0) Gecko/20100101 Firefox/47.0"
139.199.196.16 - - [30/Dec/2018:04:15:33 +0800] "GET /phpMyadmin_bak/index.php HTTP/1.1" 403 169 "-" "Mozilla/5.0 (X11; Ubuntu; Linux x86_64; rv:47.0) Gecko/20100101 Firefox/47.0"
112.96.192.210 - - [30/Dec/2018:04:15:33 +0800] "GET /assets/fonts/Roboto-Thin.94998475.ttf HTTP/2.0" 200 127584 "https://wyydsb.xin/service-worker.js" "Mozilla/5.0 (Windows NT 10.0; WOW64) AppleWebKit/537.36 (KHTML, like Gecko) Chrome/71.0.3578.98 Safari/537.36"
139.199.196.16 - - [30/Dec/2018:04:15:33 +0800] "GET /www/phpMyAdmin/index.php HTTP/1.1" 403 169 "-" "Mozilla/5.0 (X11; Ubuntu; Linux x86_64; rv:47.0) Gecko/20100101 Firefox/47.0"
139.199.196.16 - - [30/Dec/2018:04:15:33 +0800] "GET /tools/phpMyAdmin/index.php HTTP/1.1" 403 169 "-" "Mozilla/5.0 (X11; Ubuntu; Linux x86_64; rv:47.0) Gecko/20100101 Firefox/47.0"
139.199.196.16 - - [30/Dec/2018:04:15:33 +0800] "GET /phpmyadmin-old/index.php HTTP/1.1" 403 169 "-" "Mozilla/5.0 (X11; Ubuntu; Linux x86_64; rv:47.0) Gecko/20100101 Firefox/47.0"
139.199.196.16 - - [30/Dec/2018:04:15:33 +0800] "GET /phpMyAdminold/index.php HTTP/1.1" 403 169 "-" "Mozilla/5.0 (X11; Ubuntu; Linux x86_64; rv:47.0) Gecko/20100101 Firefox/47.0"
139.199.196.16 - - [30/Dec/2018:04:15:33 +0800] "GET /phpMyAdmin.old/index.php HTTP/1.1" 403 169 "-" "Mozilla/5.0 (X11; Ubuntu; Linux x86_64; rv:47.0) Gecko/20100101 Firefox/47.0"
112.96.192.210 - - [30/Dec/2018:04:15:33 +0800] "GET /assets/fonts/Roboto-Thin.954bbdeb.woff2 HTTP/2.0" 200 48524 "https://wyydsb.xin/service-worker.js" "Mozilla/5.0 (Windows NT 10.0; WOW64) AppleWebKit/537.36 (KHTML, like Gecko) Chrome/71.0.3578.98 Safari/537.36"
139.199.196.16 - - [30/Dec/2018:04:15:33 +0800] "GET /pma-old/index.php HTTP/1.1" 403 169 "-" "Mozilla/5.0 (X11; Ubuntu; Linux x86_64; rv:47.0) Gecko/20100101 Firefox/47.0"
139.199.196.16 - - [30/Dec/2018:04:15:33 +0800] "GET /claroline/phpMyAdmin/index.php HTTP/1.1" 403 169 "-" "Mozilla/5.0 (X11; Ubuntu; Linux x86_64; rv:47.0) Gecko/20100101 Firefox/47.0"
139.199.196.16 - - [30/Dec/2018:04:15:33 +0800] "GET /typo3/phpmyadmin/index.php HTTP/1.1" 403 169 "-" "Mozilla/5.0 (X11; Ubuntu; Linux x86_64; rv:47.0) Gecko/20100101 Firefox/47.0"
139.199.196.16 - - [30/Dec/2018:04:15:33 +0800] "GET /phpma/index.php HTTP/1.1" 403 169 "-" "Mozilla/5.0 (X11; Ubuntu; Linux x86_64; rv:47.0) Gecko/20100101 Firefox/47.0"
112.96.192.210 - - [30/Dec/2018:04:15:34 +0800] "GET /assets/img/brand.56a8de2a.jpg HTTP/2.0" 200 47256 "https://wyydsb.xin/service-worker.js" "Mozilla/5.0 (Windows NT 10.0; WOW64) AppleWebKit/537.36 (KHTML, like Gecko) Chrome/71.0.3578.98 Safari/537.36"
139.199.196.16 - - [30/Dec/2018:04:15:34 +0800] "GET /phpmyadmin/phpmyadmin/index.php HTTP/1.1" 403 169 "-" "Mozilla/5.0 (X11; Ubuntu; Linux x86_64; rv:47.0) Gecko/20100101 Firefox/47.0"
139.199.196.16 - - [30/Dec/2018:04:15:34 +0800] "GET /phpMyAdmin/phpMyAdmin/index.php HTTP/1.1" 403 169 "-" "Mozilla/5.0 (X11; Ubuntu; Linux x86_64; rv:47.0) Gecko/20100101 Firefox/47.0"
139.199.196.16 - - [30/Dec/2018:04:15:34 +0800] "GET /phpMyAbmin/index.php HTTP/1.1" 403 169 "-" "Mozilla/5.0 (X11; Ubuntu; Linux x86_64; rv:47.0) Gecko/20100101 Firefox/47.0"
139.199.196.16 - - [30/Dec/2018:04:15:34 +0800] "GET /phpMyAdmin__/index.php HTTP/1.1" 403 169 "-" "Mozilla/5.0 (X11; Ubuntu; Linux x86_64; rv:47.0) Gecko/20100101 Firefox/47.0"
139.199.196.16 - - [30/Dec/2018:04:15:34 +0800] "GET /phpMyAdmin+++---/index.php HTTP/1.1" 403 169 "-" "Mozilla/5.0 (X11; Ubuntu; Linux x86_64; rv:47.0) Gecko/20100101 Firefox/47.0"
139.199.196.16 - - [30/Dec/2018:04:15:34 +0800] "GET /v/index.php HTTP/1.1" 403 169 "-" "Mozilla/5.0 (X11; Ubuntu; Linux x86_64; rv:47.0) Gecko/20100101 Firefox/47.0"
139.199.196.16 - - [30/Dec/2018:04:15:34 +0800] "GET /phpmyadm1n/index.php HTTP/1.1" 403 169 "-" "Mozilla/5.0 (X11; Ubuntu; Linux x86_64; rv:47.0) Gecko/20100101 Firefox/47.0"
139.199.196.16 - - [30/Dec/2018:04:15:34 +0800] "GET /phpMyAdm1n/index.php HTTP/1.1" 403 169 "-" "Mozilla/5.0 (X11; Ubuntu; Linux x86_64; rv:47.0) Gecko/20100101 Firefox/47.0"
139.199.196.16 - - [30/Dec/2018:04:15:34 +0800] "GET /shaAdmin/index.php HTTP/1.1" 403 169 "-" "Mozilla/5.0 (X11; Ubuntu; Linux x86_64; rv:47.0) Gecko/20100101 Firefox/47.0"
139.199.196.16 - - [30/Dec/2018:04:15:34 +0800] "GET /phpMyadmi/index.php HTTP/1.1" 403 169 "-" "Mozilla/5.0 (X11; Ubuntu; Linux x86_64; rv:47.0) Gecko/20100101 Firefox/47.0"
139.199.196.16 - - [30/Dec/2018:04:15:35 +0800] "GET /phpMyAdmion/index.php HTTP/1.1" 403 169 "-" "Mozilla/5.0 (X11; Ubuntu; Linux x86_64; rv:47.0) Gecko/20100101 Firefox/47.0"
139.199.196.16 - - [30/Dec/2018:04:15:35 +0800] "GET /MyAdmin/index.php HTTP/1.1" 403 169 "-" "Mozilla/5.0 (X11; Ubuntu; Linux x86_64; rv:47.0) Gecko/20100101 Firefox/47.0"
139.199.196.16 - - [30/Dec/2018:04:15:35 +0800] "GET /phpMyAdmin1/index.php HTTP/1.1" 403 169 "-" "Mozilla/5.0 (X11; Ubuntu; Linux x86_64; rv:47.0) Gecko/20100101 Firefox/47.0"
139.199.196.16 - - [30/Dec/2018:04:15:35 +0800] "GET /phpMyAdmin123/index.php HTTP/1.1" 403 169 "-" "Mozilla/5.0 (X11; Ubuntu; Linux x86_64; rv:47.0) Gecko/20100101 Firefox/47.0"
139.199.196.16 - - [30/Dec/2018:04:15:35 +0800] "GET /pwd/index.php HTTP/1.1" 403 169 "-" "Mozilla/5.0 (X11; Ubuntu; Linux x86_64; rv:47.0) Gecko/20100101 Firefox/47.0"
139.199.196.16 - - [30/Dec/2018:04:15:35 +0800] "GET /phpMyAdmina/index.php HTTP/1.1" 403 169 "-" "Mozilla/5.0 (X11; Ubuntu; Linux x86_64; rv:47.0) Gecko/20100101 Firefox/47.0"
139.199.196.16 - - [30/Dec/2018:04:15:35 +0800] "GET /phpMydmin/index.php HTTP/1.1" 403 169 "-" "Mozilla/5.0 (X11; Ubuntu; Linux x86_64; rv:47.0) Gecko/20100101 Firefox/47.0"
139.199.196.16 - - [30/Dec/2018:04:15:35 +0800] "GET /program/index.php HTTP/1.1" 403 169 "-" "Mozilla/5.0 (X11; Ubuntu; Linux x86_64; rv:47.0) Gecko/20100101 Firefox/47.0"
139.199.196.16 - - [30/Dec/2018:04:15:35 +0800] "GET /shopdb/index.php HTTP/1.1" 403 169 "-" "Mozilla/5.0 (X11; Ubuntu; Linux x86_64; rv:47.0) Gecko/20100101 Firefox/47.0"
139.199.196.16 - - [30/Dec/2018:04:15:35 +0800] "GET /phppma/index.php HTTP/1.1" 403 169 "-" "Mozilla/5.0 (X11; Ubuntu; Linux x86_64; rv:47.0) Gecko/20100101 Firefox/47.0"
139.199.196.16 - - [30/Dec/2018:04:15:36 +0800] "GET /phpmy/index.php HTTP/1.1" 403 169 "-" "Mozilla/5.0 (X11; Ubuntu; Linux x86_64; rv:47.0) Gecko/20100101 Firefox/47.0"
139.199.196.16 - - [30/Dec/2018:04:15:36 +0800] "GET /mysql/admin/index.php HTTP/1.1" 403 169 "-" "Mozilla/5.0 (X11; Ubuntu; Linux x86_64; rv:47.0) Gecko/20100101 Firefox/47.0"
139.199.196.16 - - [30/Dec/2018:04:15:36 +0800] "GET /mysql/dbadmin/index.php HTTP/1.1" 403 169 "-" "Mozilla/5.0 (X11; Ubuntu; Linux x86_64; rv:47.0) Gecko/20100101 Firefox/47.0"
139.199.196.16 - - [30/Dec/2018:04:15:36 +0800] "GET /mysql/sqlmanager/index.php HTTP/1.1" 403 169 "-" "Mozilla/5.0 (X11; Ubuntu; Linux x86_64; rv:47.0) Gecko/20100101 Firefox/47.0"
139.199.196.16 - - [30/Dec/2018:04:15:36 +0800] "GET /mysql/mysqlmanager/index.php HTTP/1.1" 403 169 "-" "Mozilla/5.0 (X11; Ubuntu; Linux x86_64; rv:47.0) Gecko/20100101 Firefox/47.0"
139.199.196.16 - - [30/Dec/2018:04:15:36 +0800] "GET /wp-content/plugins/portable-phpmyadmin/wp-pma-mod/index.php HTTP/1.1" 403 169 "-" "Mozilla/5.0 (X11; Ubuntu; Linux x86_64; rv:47.0) Gecko/20100101 Firefox/47.0"
139.199.196.16 - - [30/Dec/2018:04:15:36 +0800] "GET /manager/html HTTP/1.1" 403 571 "-" "Mozilla/4.0 (compatible; MSIE 8.0; Windows NT 6.1; WOW64; Trident/4.0)"
